Net: d_cache_0/i_mem_1/net32700
  Pin:   d_cache_0/i_mem_1/_3018_/B1 (sky130_fd_sc_hd__a22o_1)
    Layer: mcon
      Partial area ratio:    0.12
      Required ratio:    3.00 (Gate area) 
      Cumulative area ratio:    0.12
      Required ratio:    0.00 (Cumulative area) 

    Layer: met1
      Partial area ratio:   10.22
      Required ratio:    0.00 (Gate area) 
      Cumulative area ratio:   10.22
      Required ratio:    0.00 (Cumulative area) 
      Partial area ratio:   50.33
      Required ratio:  400.00 (Side area) 
      Cumulative area ratio:   50.33
      Required ratio:    0.00 (Cumulative side area) 

    Layer: via
      Partial area ratio:    0.18
      Required ratio:    6.00 (Gate area) 
      Cumulative area ratio:    0.30
      Required ratio:    0.00 (Cumulative area) 

    Layer: met2
      Partial area ratio:    2.75
      Required ratio:    0.00 (Gate area) 
      Cumulative area ratio:   12.97
      Required ratio:    0.00 (Cumulative area) 
      Partial area ratio:   12.85
      Required ratio:  400.00 (Side area) 
      Cumulative area ratio:   63.18
      Required ratio:    0.00 (Cumulative side area) 

    Layer: via2
      Partial area ratio:    0.16
      Required ratio:    6.00 (Gate area) 
      Cumulative area ratio:    0.46
      Required ratio:    0.00 (Cumulative area) 

    Layer: met3
      Partial area ratio:    5.62
      Required ratio:    0.00 (Gate area) 
      Cumulative area ratio:   18.59
      Required ratio:    0.00 (Cumulative area) 
      Partial area ratio:   30.93
      Required ratio: 2956.40 (Side area) 
      Cumulative area ratio:   94.11
      Required ratio:    0.00 (Cumulative side area) 

    Layer: via3
      Partial area ratio:    0.04
      Required ratio:   38.08 (Gate area) 
      Cumulative area ratio:    0.50
      Required ratio:    0.00 (Cumulative area) 

    Layer: met4
      Partial area ratio:    4.90
      Required ratio:    0.00 (Gate area) 
      Cumulative area ratio:   23.49
      Required ratio:    0.00 (Cumulative area) 
      Partial area ratio:   26.63
      Required ratio: 2956.40 (Side area) 
      Cumulative area ratio:  120.74
      Required ratio:    0.00 (Cumulative side area) 


  Pin:   d_cache_0/i_mem_1/_3121_/B1 (sky130_fd_sc_hd__a22oi_1)
    Layer: mcon
      Partial area ratio:    0.12
      Required ratio:    3.00 (Gate area) 
      Cumulative area ratio:    0.12
      Required ratio:    0.00 (Cumulative area) 

    Layer: met1
      Partial area ratio:    0.34
      Required ratio:    0.00 (Gate area) 
      Cumulative area ratio:    0.34
      Required ratio:    0.00 (Cumulative area) 
      Partial area ratio:    1.64
      Required ratio:  400.00 (Side area) 
      Cumulative area ratio:    1.64
      Required ratio:    0.00 (Cumulative side area) 

    Layer: via
      Partial area ratio:    0.09
      Required ratio:    6.00 (Gate area) 
      Cumulative area ratio:    0.21
      Required ratio:    0.00 (Cumulative area) 

    Layer: met2
      Partial area ratio:    0.85
      Required ratio:    0.00 (Gate area) 
      Cumulative area ratio:    1.18
      Required ratio:    0.00 (Cumulative area) 
      Partial area ratio:    3.55
      Required ratio:  400.00 (Side area) 
      Cumulative area ratio:    5.19
      Required ratio:    0.00 (Cumulative side area) 

    Layer: via2
      Partial area ratio:    0.16
      Required ratio:    6.00 (Gate area) 
      Cumulative area ratio:    0.37
      Required ratio:    0.00 (Cumulative area) 

    Layer: met3
      Partial area ratio:    5.51
      Required ratio:    0.00 (Gate area) 
      Cumulative area ratio:    6.69
      Required ratio:    0.00 (Cumulative area) 
      Partial area ratio:   31.16
      Required ratio:  400.00 (Side area) 
      Cumulative area ratio:   36.35
      Required ratio:    0.00 (Cumulative side area) 

    Layer: via3
      Partial area ratio:    0.32
      Required ratio:    6.00 (Gate area) 
      Cumulative area ratio:    0.69
      Required ratio:    0.00 (Cumulative area) 

    Layer: met4
      Partial area ratio:    4.90
      Required ratio:    0.00 (Gate area) 
      Cumulative area ratio:   11.59
      Required ratio:    0.00 (Cumulative area) 
      Partial area ratio:   26.63
      Required ratio: 2956.40 (Side area) 
      Cumulative area ratio:   62.98
      Required ratio:    0.00 (Cumulative side area) 


  Pin:   d_cache_0/i_mem_1/_3346_/B1 (sky130_fd_sc_hd__a22oi_1)
    Layer: mcon
      Partial area ratio:    0.12
      Required ratio:    3.00 (Gate area) 
      Cumulative area ratio:    0.12
      Required ratio:    0.00 (Cumulative area) 

    Layer: met1
      Partial area ratio:    1.42
      Required ratio:    0.00 (Gate area) 
      Cumulative area ratio:    1.42
      Required ratio:    0.00 (Cumulative area) 
      Partial area ratio:    6.80
      Required ratio:  400.00 (Side area) 
      Cumulative area ratio:    6.80
      Required ratio:    0.00 (Cumulative side area) 

    Layer: via
      Partial area ratio:    0.09
      Required ratio:    6.00 (Gate area) 
      Cumulative area ratio:    0.21
      Required ratio:    0.00 (Cumulative area) 

    Layer: met2
      Partial area ratio:    1.81
      Required ratio:    0.00 (Gate area) 
      Cumulative area ratio:    3.23
      Required ratio:    0.00 (Cumulative area) 
      Partial area ratio:    8.36
      Required ratio:  400.00 (Side area) 
      Cumulative area ratio:   15.16
      Required ratio:    0.00 (Cumulative side area) 

    Layer: via2
      Partial area ratio:    0.16
      Required ratio:    6.00 (Gate area) 
      Cumulative area ratio:    0.37
      Required ratio:    0.00 (Cumulative area) 

    Layer: met3
      Partial area ratio:   14.02
      Required ratio:    0.00 (Gate area) 
      Cumulative area ratio:   17.26
      Required ratio:    0.00 (Cumulative area) 
      Partial area ratio:   76.31
      Required ratio:  400.00 (Side area) 
      Cumulative area ratio:   91.47
      Required ratio:    0.00 (Cumulative side area) 

    Layer: via3
      Partial area ratio:    0.05
      Required ratio:    6.00 (Gate area) 
      Cumulative area ratio:    0.42
      Required ratio:    0.00 (Cumulative area) 

    Layer: met4
      Partial area ratio:    4.90
      Required ratio:    0.00 (Gate area) 
      Cumulative area ratio:   22.16
      Required ratio:    0.00 (Cumulative area) 
      Partial area ratio:   26.63
      Required ratio: 2956.40 (Side area) 
      Cumulative area ratio:  118.10
      Required ratio:    0.00 (Cumulative side area) 


  Pin:   d_cache_0/i_mem_1/_3364_/B1 (sky130_fd_sc_hd__a22oi_1)
    Layer: mcon
      Partial area ratio:    0.12
      Required ratio:    3.00 (Gate area) 
      Cumulative area ratio:    0.12
      Required ratio:    0.00 (Cumulative area) 

    Layer: met1
      Partial area ratio:    1.94
      Required ratio:    0.00 (Gate area) 
      Cumulative area ratio:    1.94
      Required ratio:    0.00 (Cumulative area) 
      Partial area ratio:    9.40
      Required ratio:  400.00 (Side area) 
      Cumulative area ratio:    9.40
      Required ratio:    0.00 (Cumulative side area) 

    Layer: via
      Partial area ratio:    0.09
      Required ratio:    6.00 (Gate area) 
      Cumulative area ratio:    0.21
      Required ratio:    0.00 (Cumulative area) 

    Layer: met2
      Partial area ratio:    0.57
      Required ratio:    0.00 (Gate area) 
      Cumulative area ratio:    2.51
      Required ratio:    0.00 (Cumulative area) 
      Partial area ratio:    2.25
      Required ratio:  400.00 (Side area) 
      Cumulative area ratio:   11.65
      Required ratio:    0.00 (Cumulative side area) 

    Layer: via2
      Partial area ratio:    0.16
      Required ratio:    6.00 (Gate area) 
      Cumulative area ratio:    0.37
      Required ratio:    0.00 (Cumulative area) 

    Layer: met3
      Partial area ratio:   83.08
      Required ratio:    0.00 (Gate area) 
      Cumulative area ratio:   85.60
      Required ratio:    0.00 (Cumulative area) 
      Partial area ratio:  444.96
      Required ratio:  400.00 (Side area) (VIOLATED)
      Cumulative area ratio:  456.61
      Required ratio:    0.00 (Cumulative side area) 

    Layer: via3
      Partial area ratio:    0.32
      Required ratio:    6.00 (Gate area) 
      Cumulative area ratio:    0.69
      Required ratio:    0.00 (Cumulative area) 

    Layer: met4
      Partial area ratio:    4.90
      Required ratio:    0.00 (Gate area) 
      Cumulative area ratio:   90.50
      Required ratio:    0.00 (Cumulative area) 
      Partial area ratio:   26.63
      Required ratio: 2956.40 (Side area) 
      Cumulative area ratio:  483.25
      Required ratio:    0.00 (Cumulative side area) 


  Pin:   d_cache_0/i_mem_1/_3541_/B1 (sky130_fd_sc_hd__a22oi_1)
    Layer: mcon
      Partial area ratio:    0.12
      Required ratio:    3.00 (Gate area) 
      Cumulative area ratio:    0.12
      Required ratio:    0.00 (Cumulative area) 

    Layer: met1
      Partial area ratio:    0.34
      Required ratio:    0.00 (Gate area) 
      Cumulative area ratio:    0.34
      Required ratio:    0.00 (Cumulative area) 
      Partial area ratio:    1.64
      Required ratio:  400.00 (Side area) 
      Cumulative area ratio:    1.64
      Required ratio:    0.00 (Cumulative side area) 

    Layer: via
      Partial area ratio:    0.09
      Required ratio:    6.00 (Gate area) 
      Cumulative area ratio:    0.21
      Required ratio:    0.00 (Cumulative area) 

    Layer: met2
      Partial area ratio:    0.85
      Required ratio:    0.00 (Gate area) 
      Cumulative area ratio:    1.18
      Required ratio:    0.00 (Cumulative area) 
      Partial area ratio:    3.55
      Required ratio:  400.00 (Side area) 
      Cumulative area ratio:    5.19
      Required ratio:    0.00 (Cumulative side area) 

    Layer: via2
      Partial area ratio:    0.16
      Required ratio:    6.00 (Gate area) 
      Cumulative area ratio:    0.37
      Required ratio:    0.00 (Cumulative area) 

    Layer: met3
      Partial area ratio:    1.34
      Required ratio:    0.00 (Gate area) 
      Cumulative area ratio:    2.52
      Required ratio:    0.00 (Cumulative area) 
      Partial area ratio:    9.02
      Required ratio:  400.00 (Side area) 
      Cumulative area ratio:   14.21
      Required ratio:    0.00 (Cumulative side area) 

    Layer: via3
      Partial area ratio:    0.16
      Required ratio:    6.00 (Gate area) 
      Cumulative area ratio:    0.53
      Required ratio:    0.00 (Cumulative area) 

    Layer: met4
      Partial area ratio:    4.90
      Required ratio:    0.00 (Gate area) 
      Cumulative area ratio:    7.42
      Required ratio:    0.00 (Cumulative area) 
      Partial area ratio:   26.63
      Required ratio: 2956.40 (Side area) 
      Cumulative area ratio:   40.84
      Required ratio:    0.00 (Cumulative side area) 


  Pin:   d_cache_0/i_mem_1/_3705_/B1 (sky130_fd_sc_hd__a22oi_1)
    Layer: mcon
      Partial area ratio:    0.12
      Required ratio:    3.00 (Gate area) 
      Cumulative area ratio:    0.12
      Required ratio:    0.00 (Cumulative area) 

    Layer: met1
      Partial area ratio:    0.34
      Required ratio:    0.00 (Gate area) 
      Cumulative area ratio:    0.34
      Required ratio:    0.00 (Cumulative area) 
      Partial area ratio:    1.64
      Required ratio:  400.00 (Side area) 
      Cumulative area ratio:    1.64
      Required ratio:    0.00 (Cumulative side area) 

    Layer: via
      Partial area ratio:    0.09
      Required ratio:    6.00 (Gate area) 
      Cumulative area ratio:    0.21
      Required ratio:    0.00 (Cumulative area) 

    Layer: met2
      Partial area ratio:    0.85
      Required ratio:    0.00 (Gate area) 
      Cumulative area ratio:    1.18
      Required ratio:    0.00 (Cumulative area) 
      Partial area ratio:    3.55
      Required ratio:  400.00 (Side area) 
      Cumulative area ratio:    5.19
      Required ratio:    0.00 (Cumulative side area) 

    Layer: via2
      Partial area ratio:    0.16
      Required ratio:    6.00 (Gate area) 
      Cumulative area ratio:    0.37
      Required ratio:    0.00 (Cumulative area) 

    Layer: met3
      Partial area ratio:   14.02
      Required ratio:    0.00 (Gate area) 
      Cumulative area ratio:   15.21
      Required ratio:    0.00 (Cumulative area) 
      Partial area ratio:   76.31
      Required ratio:  400.00 (Side area) 
      Cumulative area ratio:   81.50
      Required ratio:    0.00 (Cumulative side area) 

    Layer: via3
      Partial area ratio:    0.05
      Required ratio:    6.00 (Gate area) 
      Cumulative area ratio:    0.42
      Required ratio:    0.00 (Cumulative area) 

    Layer: met4
      Partial area ratio:    4.90
      Required ratio:    0.00 (Gate area) 
      Cumulative area ratio:   20.11
      Required ratio:    0.00 (Cumulative area) 
      Partial area ratio:   26.63
      Required ratio: 2956.40 (Side area) 
      Cumulative area ratio:  108.13
      Required ratio:    0.00 (Cumulative side area) 


  Pin:   d_cache_0/i_mem_1/_3728_/B1 (sky130_fd_sc_hd__a22oi_1)
    Layer: mcon
      Partial area ratio:    0.12
      Required ratio:    3.00 (Gate area) 
      Cumulative area ratio:    0.12
      Required ratio:    0.00 (Cumulative area) 

    Layer: met1
      Partial area ratio:    0.69
      Required ratio:    0.00 (Gate area) 
      Cumulative area ratio:    0.69
      Required ratio:    0.00 (Cumulative area) 
      Partial area ratio:    3.15
      Required ratio:  400.00 (Side area) 
      Cumulative area ratio:    3.15
      Required ratio:    0.00 (Cumulative side area) 

    Layer: via
      Partial area ratio:    0.09
      Required ratio:    6.00 (Gate area) 
      Cumulative area ratio:    0.21
      Required ratio:    0.00 (Cumulative area) 

    Layer: met2
      Partial area ratio:   26.37
      Required ratio:    0.00 (Gate area) 
      Cumulative area ratio:   27.06
      Required ratio:    0.00 (Cumulative area) 
      Partial area ratio:  130.12
      Required ratio:  400.00 (Side area) 
      Cumulative area ratio:  133.28
      Required ratio:    0.00 (Cumulative side area) 

    Layer: via2
      Partial area ratio:    0.24
      Required ratio:    6.00 (Gate area) 
      Cumulative area ratio:    0.45
      Required ratio:    0.00 (Cumulative area) 

    Layer: met3
      Partial area ratio:   14.02
      Required ratio:    0.00 (Gate area) 
      Cumulative area ratio:   41.08
      Required ratio:    0.00 (Cumulative area) 
      Partial area ratio:   76.31
      Required ratio:  400.00 (Side area) 
      Cumulative area ratio:  209.58
      Required ratio:    0.00 (Cumulative side area) 

    Layer: via3
      Partial area ratio:    0.05
      Required ratio:    6.00 (Gate area) 
      Cumulative area ratio:    0.50
      Required ratio:    0.00 (Cumulative area) 

    Layer: met4
      Partial area ratio:    4.90
      Required ratio:    0.00 (Gate area) 
      Cumulative area ratio:   45.98
      Required ratio:    0.00 (Cumulative area) 
      Partial area ratio:   26.63
      Required ratio: 2956.40 (Side area) 
      Cumulative area ratio:  236.22
      Required ratio:    0.00 (Cumulative side area) 


  Pin:   d_cache_0/i_mem_1/_3847_/B1 (sky130_fd_sc_hd__a22o_1)
    Layer: mcon
      Partial area ratio:    0.12
      Required ratio:    3.00 (Gate area) 
      Cumulative area ratio:    0.12
      Required ratio:    0.00 (Cumulative area) 

    Layer: met1
      Partial area ratio:    3.56
      Required ratio:    0.00 (Gate area) 
      Cumulative area ratio:    3.56
      Required ratio:    0.00 (Cumulative area) 
      Partial area ratio:   17.46
      Required ratio:  400.00 (Side area) 
      Cumulative area ratio:   17.46
      Required ratio:    0.00 (Cumulative side area) 

    Layer: via
      Partial area ratio:    0.09
      Required ratio:    6.00 (Gate area) 
      Cumulative area ratio:    0.21
      Required ratio:    0.00 (Cumulative area) 

    Layer: met2
      Partial area ratio:   30.04
      Required ratio:    0.00 (Gate area) 
      Cumulative area ratio:   33.60
      Required ratio:    0.00 (Cumulative area) 
      Partial area ratio:  149.16
      Required ratio: 2956.40 (Side area) 
      Cumulative area ratio:  166.63
      Required ratio:    0.00 (Cumulative side area) 

    Layer: via2
      Partial area ratio:    0.16
      Required ratio:   38.08 (Gate area) 
      Cumulative area ratio:    0.37
      Required ratio:    0.00 (Cumulative area) 

    Layer: met3
      Partial area ratio:    5.62
      Required ratio:    0.00 (Gate area) 
      Cumulative area ratio:   39.22
      Required ratio:    0.00 (Cumulative area) 
      Partial area ratio:   30.93
      Required ratio: 2956.40 (Side area) 
      Cumulative area ratio:  197.55
      Required ratio:    0.00 (Cumulative side area) 

    Layer: via3
      Partial area ratio:    0.04
      Required ratio:   38.08 (Gate area) 
      Cumulative area ratio:    0.41
      Required ratio:    0.00 (Cumulative area) 

    Layer: met4
      Partial area ratio:    4.90
      Required ratio:    0.00 (Gate area) 
      Cumulative area ratio:   44.12
      Required ratio:    0.00 (Cumulative area) 
      Partial area ratio:   26.63
      Required ratio: 2956.40 (Side area) 
      Cumulative area ratio:  224.19
      Required ratio:    0.00 (Cumulative side area) 


  Pin:   d_cache_0/i_mem_1/_4056_/B1 (sky130_fd_sc_hd__a22oi_1)
    Layer: mcon
      Partial area ratio:    0.12
      Required ratio:    3.00 (Gate area) 
      Cumulative area ratio:    0.12
      Required ratio:    0.00 (Cumulative area) 

    Layer: met1
      Partial area ratio:    9.77
      Required ratio:    0.00 (Gate area) 
      Cumulative area ratio:    9.77
      Required ratio:    0.00 (Cumulative area) 
      Partial area ratio:   48.09
      Required ratio:  400.00 (Side area) 
      Cumulative area ratio:   48.09
      Required ratio:    0.00 (Cumulative side area) 

    Layer: via
      Partial area ratio:    0.18
      Required ratio:    6.00 (Gate area) 
      Cumulative area ratio:    0.30
      Required ratio:    0.00 (Cumulative area) 

    Layer: met2
      Partial area ratio:    6.00
      Required ratio:    0.00 (Gate area) 
      Cumulative area ratio:   15.76
      Required ratio:    0.00 (Cumulative area) 
      Partial area ratio:   28.64
      Required ratio:  400.00 (Side area) 
      Cumulative area ratio:   76.73
      Required ratio:    0.00 (Cumulative side area) 

    Layer: via2
      Partial area ratio:    0.16
      Required ratio:    6.00 (Gate area) 
      Cumulative area ratio:    0.46
      Required ratio:    0.00 (Cumulative area) 

    Layer: met3
      Partial area ratio:   14.02
      Required ratio:    0.00 (Gate area) 
      Cumulative area ratio:   29.79
      Required ratio:    0.00 (Cumulative area) 
      Partial area ratio:   76.31
      Required ratio:  400.00 (Side area) 
      Cumulative area ratio:  153.04
      Required ratio:    0.00 (Cumulative side area) 

    Layer: via3
      Partial area ratio:    0.05
      Required ratio:    6.00 (Gate area) 
      Cumulative area ratio:    0.51
      Required ratio:    0.00 (Cumulative area) 

    Layer: met4
      Partial area ratio:    4.90
      Required ratio:    0.00 (Gate area) 
      Cumulative area ratio:   34.69
      Required ratio:    0.00 (Cumulative area) 
      Partial area ratio:   26.63
      Required ratio: 2956.40 (Side area) 
      Cumulative area ratio:  179.67
      Required ratio:    0.00 (Cumulative side area) 


  Pin:   d_cache_0/i_mem_1/_4172_/B1 (sky130_fd_sc_hd__a22o_1)
    Layer: mcon
      Partial area ratio:    0.12
      Required ratio:    3.00 (Gate area) 
      Cumulative area ratio:    0.12
      Required ratio:    0.00 (Cumulative area) 

    Layer: met1
      Partial area ratio:    0.34
      Required ratio:    0.00 (Gate area) 
      Cumulative area ratio:    0.34
      Required ratio:    0.00 (Cumulative area) 
      Partial area ratio:    1.64
      Required ratio:  400.00 (Side area) 
      Cumulative area ratio:    1.64
      Required ratio:    0.00 (Cumulative side area) 

    Layer: via
      Partial area ratio:    0.09
      Required ratio:    6.00 (Gate area) 
      Cumulative area ratio:    0.21
      Required ratio:    0.00 (Cumulative area) 

    Layer: met2
      Partial area ratio:    2.75
      Required ratio:    0.00 (Gate area) 
      Cumulative area ratio:    3.09
      Required ratio:    0.00 (Cumulative area) 
      Partial area ratio:   12.85
      Required ratio:  400.00 (Side area) 
      Cumulative area ratio:   14.49
      Required ratio:    0.00 (Cumulative side area) 

    Layer: via2
      Partial area ratio:    0.16
      Required ratio:    6.00 (Gate area) 
      Cumulative area ratio:    0.37
      Required ratio:    0.00 (Cumulative area) 

    Layer: met3
      Partial area ratio:    5.62
      Required ratio:    0.00 (Gate area) 
      Cumulative area ratio:    8.71
      Required ratio:    0.00 (Cumulative area) 
      Partial area ratio:   30.93
      Required ratio: 2956.40 (Side area) 
      Cumulative area ratio:   45.42
      Required ratio:    0.00 (Cumulative side area) 

    Layer: via3
      Partial area ratio:    0.04
      Required ratio:   38.08 (Gate area) 
      Cumulative area ratio:    0.41
      Required ratio:    0.00 (Cumulative area) 

    Layer: met4
      Partial area ratio:    4.90
      Required ratio:    0.00 (Gate area) 
      Cumulative area ratio:   13.61
      Required ratio:    0.00 (Cumulative area) 
      Partial area ratio:   26.63
      Required ratio: 2956.40 (Side area) 
      Cumulative area ratio:   72.05
      Required ratio:    0.00 (Cumulative side area) 


  Pin:   d_cache_0/i_mem_1/_4663_/B1 (sky130_fd_sc_hd__a22oi_1)
    Layer: mcon
      Partial area ratio:    0.12
      Required ratio:    3.00 (Gate area) 
      Cumulative area ratio:    0.12
      Required ratio:    0.00 (Cumulative area) 

    Layer: met1
      Partial area ratio:    0.34
      Required ratio:    0.00 (Gate area) 
      Cumulative area ratio:    0.34
      Required ratio:    0.00 (Cumulative area) 
      Partial area ratio:    1.64
      Required ratio:  400.00 (Side area) 
      Cumulative area ratio:    1.64
      Required ratio:    0.00 (Cumulative side area) 

    Layer: via
      Partial area ratio:    0.09
      Required ratio:    6.00 (Gate area) 
      Cumulative area ratio:    0.21
      Required ratio:    0.00 (Cumulative area) 

    Layer: met2
      Partial area ratio:   23.28
      Required ratio:    0.00 (Gate area) 
      Cumulative area ratio:   23.61
      Required ratio:    0.00 (Cumulative area) 
      Partial area ratio:  114.91
      Required ratio:  400.00 (Side area) 
      Cumulative area ratio:  116.55
      Required ratio:    0.00 (Cumulative side area) 

    Layer: via2
      Partial area ratio:    0.24
      Required ratio:    6.00 (Gate area) 
      Cumulative area ratio:    0.45
      Required ratio:    0.00 (Cumulative area) 

    Layer: met3
      Partial area ratio:   14.02
      Required ratio:    0.00 (Gate area) 
      Cumulative area ratio:   37.63
      Required ratio:    0.00 (Cumulative area) 
      Partial area ratio:   76.31
      Required ratio:  400.00 (Side area) 
      Cumulative area ratio:  192.85
      Required ratio:    0.00 (Cumulative side area) 

    Layer: via3
      Partial area ratio:    0.05
      Required ratio:    6.00 (Gate area) 
      Cumulative area ratio:    0.50
      Required ratio:    0.00 (Cumulative area) 

    Layer: met4
      Partial area ratio:    4.90
      Required ratio:    0.00 (Gate area) 
      Cumulative area ratio:   42.54
      Required ratio:    0.00 (Cumulative area) 
      Partial area ratio:   26.63
      Required ratio: 2956.40 (Side area) 
      Cumulative area ratio:  219.49
      Required ratio:    0.00 (Cumulative side area) 


  Pin:   d_cache_0/i_mem_1/_4778_/B1 (sky130_fd_sc_hd__a22o_1)
    Layer: mcon
      Partial area ratio:    0.12
      Required ratio:    3.00 (Gate area) 
      Cumulative area ratio:    0.12
      Required ratio:    0.00 (Cumulative area) 

    Layer: met1
      Partial area ratio:    0.34
      Required ratio:    0.00 (Gate area) 
      Cumulative area ratio:    0.34
      Required ratio:    0.00 (Cumulative area) 
      Partial area ratio:    1.64
      Required ratio:  400.00 (Side area) 
      Cumulative area ratio:    1.64
      Required ratio:    0.00 (Cumulative side area) 

    Layer: via
      Partial area ratio:    0.09
      Required ratio:    6.00 (Gate area) 
      Cumulative area ratio:    0.21
      Required ratio:    0.00 (Cumulative area) 

    Layer: met2
      Partial area ratio:    0.57
      Required ratio:    0.00 (Gate area) 
      Cumulative area ratio:    0.91
      Required ratio:    0.00 (Cumulative area) 
      Partial area ratio:    2.25
      Required ratio:  400.00 (Side area) 
      Cumulative area ratio:    3.89
      Required ratio:    0.00 (Cumulative side area) 

    Layer: via2
      Partial area ratio:    0.16
      Required ratio:    6.00 (Gate area) 
      Cumulative area ratio:    0.37
      Required ratio:    0.00 (Cumulative area) 

    Layer: met3
      Partial area ratio:    5.62
      Required ratio:    0.00 (Gate area) 
      Cumulative area ratio:    6.53
      Required ratio:    0.00 (Cumulative area) 
      Partial area ratio:   30.93
      Required ratio: 2956.40 (Side area) 
      Cumulative area ratio:   34.81
      Required ratio:    0.00 (Cumulative side area) 

    Layer: via3
      Partial area ratio:    0.04
      Required ratio:   38.08 (Gate area) 
      Cumulative area ratio:    0.41
      Required ratio:    0.00 (Cumulative area) 

    Layer: met4
      Partial area ratio:    4.90
      Required ratio:    0.00 (Gate area) 
      Cumulative area ratio:   11.43
      Required ratio:    0.00 (Cumulative area) 
      Partial area ratio:   26.63
      Required ratio: 2956.40 (Side area) 
      Cumulative area ratio:   61.45
      Required ratio:    0.00 (Cumulative side area) 


  Pin:   d_cache_0/i_mem_1/_4962_/B1 (sky130_fd_sc_hd__a22oi_1)
    Layer: mcon
      Partial area ratio:    0.12
      Required ratio:    3.00 (Gate area) 
      Cumulative area ratio:    0.12
      Required ratio:    0.00 (Cumulative area) 

    Layer: met1
      Partial area ratio:    0.34
      Required ratio:    0.00 (Gate area) 
      Cumulative area ratio:    0.34
      Required ratio:    0.00 (Cumulative area) 
      Partial area ratio:    1.64
      Required ratio:  400.00 (Side area) 
      Cumulative area ratio:    1.64
      Required ratio:    0.00 (Cumulative side area) 

    Layer: via
      Partial area ratio:    0.09
      Required ratio:    6.00 (Gate area) 
      Cumulative area ratio:    0.21
      Required ratio:    0.00 (Cumulative area) 

    Layer: met2
      Partial area ratio:    6.53
      Required ratio:    0.00 (Gate area) 
      Cumulative area ratio:    6.86
      Required ratio:    0.00 (Cumulative area) 
      Partial area ratio:   31.40
      Required ratio:  400.00 (Side area) 
      Cumulative area ratio:   33.04
      Required ratio:    0.00 (Cumulative side area) 

    Layer: via2
      Partial area ratio:    0.24
      Required ratio:    6.00 (Gate area) 
      Cumulative area ratio:    0.45
      Required ratio:    0.00 (Cumulative area) 

    Layer: met3
      Partial area ratio:   14.02
      Required ratio:    0.00 (Gate area) 
      Cumulative area ratio:   20.89
      Required ratio:    0.00 (Cumulative area) 
      Partial area ratio:   76.31
      Required ratio:  400.00 (Side area) 
      Cumulative area ratio:  109.35
      Required ratio:    0.00 (Cumulative side area) 

    Layer: via3
      Partial area ratio:    0.05
      Required ratio:    6.00 (Gate area) 
      Cumulative area ratio:    0.50
      Required ratio:    0.00 (Cumulative area) 

    Layer: met4
      Partial area ratio:    4.90
      Required ratio:    0.00 (Gate area) 
      Cumulative area ratio:   25.79
      Required ratio:    0.00 (Cumulative area) 
      Partial area ratio:   26.63
      Required ratio: 2956.40 (Side area) 
      Cumulative area ratio:  135.98
      Required ratio:    0.00 (Cumulative side area) 


  Pin:   d_cache_0/i_mem_1/_5263_/B1 (sky130_fd_sc_hd__a22oi_1)
    Layer: mcon
      Partial area ratio:    0.12
      Required ratio:    3.00 (Gate area) 
      Cumulative area ratio:    0.12
      Required ratio:    0.00 (Cumulative area) 

    Layer: met1
      Partial area ratio:    9.29
      Required ratio:    0.00 (Gate area) 
      Cumulative area ratio:    9.29
      Required ratio:    0.00 (Cumulative area) 
      Partial area ratio:   45.96
      Required ratio:  400.00 (Side area) 
      Cumulative area ratio:   45.96
      Required ratio:    0.00 (Cumulative side area) 

    Layer: via
      Partial area ratio:    0.18
      Required ratio:    6.00 (Gate area) 
      Cumulative area ratio:    0.30
      Required ratio:    0.00 (Cumulative area) 

    Layer: met2
      Partial area ratio:    6.53
      Required ratio:    0.00 (Gate area) 
      Cumulative area ratio:   15.82
      Required ratio:    0.00 (Cumulative area) 
      Partial area ratio:   31.40
      Required ratio:  400.00 (Side area) 
      Cumulative area ratio:   77.36
      Required ratio:    0.00 (Cumulative side area) 

    Layer: via2
      Partial area ratio:    0.24
      Required ratio:    6.00 (Gate area) 
      Cumulative area ratio:    0.54
      Required ratio:    0.00 (Cumulative area) 

    Layer: met3
      Partial area ratio:   14.02
      Required ratio:    0.00 (Gate area) 
      Cumulative area ratio:   29.84
      Required ratio:    0.00 (Cumulative area) 
      Partial area ratio:   76.31
      Required ratio:  400.00 (Side area) 
      Cumulative area ratio:  153.67
      Required ratio:    0.00 (Cumulative side area) 

    Layer: via3
      Partial area ratio:    0.05
      Required ratio:    6.00 (Gate area) 
      Cumulative area ratio:    0.59
      Required ratio:    0.00 (Cumulative area) 

    Layer: met4
      Partial area ratio:    4.90
      Required ratio:    0.00 (Gate area) 
      Cumulative area ratio:   34.74
      Required ratio:    0.00 (Cumulative area) 
      Partial area ratio:   26.63
      Required ratio: 2956.40 (Side area) 
      Cumulative area ratio:  180.30
      Required ratio:    0.00 (Cumulative side area) 


  Pin:   d_cache_0/i_mem_1/_5372_/B1 (sky130_fd_sc_hd__a22o_1)
    Layer: mcon
      Partial area ratio:    0.12
      Required ratio:    3.00 (Gate area) 
      Cumulative area ratio:    0.12
      Required ratio:    0.00 (Cumulative area) 

    Layer: met1
      Partial area ratio:    0.34
      Required ratio:    0.00 (Gate area) 
      Cumulative area ratio:    0.34
      Required ratio:    0.00 (Cumulative area) 
      Partial area ratio:    1.64
      Required ratio:  400.00 (Side area) 
      Cumulative area ratio:    1.64
      Required ratio:    0.00 (Cumulative side area) 

    Layer: via
      Partial area ratio:    0.09
      Required ratio:    6.00 (Gate area) 
      Cumulative area ratio:    0.21
      Required ratio:    0.00 (Cumulative area) 

    Layer: met2
      Partial area ratio:    6.00
      Required ratio:    0.00 (Gate area) 
      Cumulative area ratio:    6.33
      Required ratio:    0.00 (Cumulative area) 
      Partial area ratio:   28.64
      Required ratio:  400.00 (Side area) 
      Cumulative area ratio:   30.28
      Required ratio:    0.00 (Cumulative side area) 

    Layer: via2
      Partial area ratio:    0.16
      Required ratio:    6.00 (Gate area) 
      Cumulative area ratio:    0.37
      Required ratio:    0.00 (Cumulative area) 

    Layer: met3
      Partial area ratio:   14.02
      Required ratio:    0.00 (Gate area) 
      Cumulative area ratio:   20.36
      Required ratio:    0.00 (Cumulative area) 
      Partial area ratio:   76.31
      Required ratio:  400.00 (Side area) 
      Cumulative area ratio:  106.58
      Required ratio:    0.00 (Cumulative side area) 

    Layer: via3
      Partial area ratio:    0.05
      Required ratio:    6.00 (Gate area) 
      Cumulative area ratio:    0.42
      Required ratio:    0.00 (Cumulative area) 

    Layer: met4
      Partial area ratio:    4.90
      Required ratio:    0.00 (Gate area) 
      Cumulative area ratio:   25.26
      Required ratio:    0.00 (Cumulative area) 
      Partial area ratio:   26.63
      Required ratio: 2956.40 (Side area) 
      Cumulative area ratio:  133.22
      Required ratio:    0.00 (Cumulative side area) 


  Pin:   d_cache_0/i_mem_1/_5424_/B1 (sky130_fd_sc_hd__a22oi_1)
    Layer: mcon
      Partial area ratio:    0.12
      Required ratio:    3.00 (Gate area) 
      Cumulative area ratio:    0.12
      Required ratio:    0.00 (Cumulative area) 

    Layer: met1
      Partial area ratio:    0.34
      Required ratio:    0.00 (Gate area) 
      Cumulative area ratio:    0.34
      Required ratio:    0.00 (Cumulative area) 
      Partial area ratio:    1.64
      Required ratio:  400.00 (Side area) 
      Cumulative area ratio:    1.64
      Required ratio:    0.00 (Cumulative side area) 

    Layer: via
      Partial area ratio:    0.09
      Required ratio:    6.00 (Gate area) 
      Cumulative area ratio:    0.21
      Required ratio:    0.00 (Cumulative area) 

    Layer: met2
      Partial area ratio:    0.85
      Required ratio:    0.00 (Gate area) 
      Cumulative area ratio:    1.18
      Required ratio:    0.00 (Cumulative area) 
      Partial area ratio:    3.55
      Required ratio:  400.00 (Side area) 
      Cumulative area ratio:    5.19
      Required ratio:    0.00 (Cumulative side area) 

    Layer: via2
      Partial area ratio:    0.16
      Required ratio:    6.00 (Gate area) 
      Cumulative area ratio:    0.37
      Required ratio:    0.00 (Cumulative area) 

    Layer: met3
      Partial area ratio:    1.04
      Required ratio:    0.00 (Gate area) 
      Cumulative area ratio:    2.23
      Required ratio:    0.00 (Cumulative area) 
      Partial area ratio:    7.37
      Required ratio:  400.00 (Side area) 
      Cumulative area ratio:   12.56
      Required ratio:    0.00 (Cumulative side area) 

    Layer: via3
      Partial area ratio:    0.16
      Required ratio:    6.00 (Gate area) 
      Cumulative area ratio:    0.53
      Required ratio:    0.00 (Cumulative area) 

    Layer: met4
      Partial area ratio:    4.90
      Required ratio:    0.00 (Gate area) 
      Cumulative area ratio:    7.13
      Required ratio:    0.00 (Cumulative area) 
      Partial area ratio:   26.63
      Required ratio: 2956.40 (Side area) 
      Cumulative area ratio:   39.19
      Required ratio:    0.00 (Cumulative side area) 


  Pin:   d_cache_0/i_mem_1/_5572_/B1 (sky130_fd_sc_hd__a22oi_1)
    Layer: mcon
      Partial area ratio:    0.12
      Required ratio:    3.00 (Gate area) 
      Cumulative area ratio:    0.12
      Required ratio:    0.00 (Cumulative area) 

    Layer: met1
      Partial area ratio:    2.67
      Required ratio:    0.00 (Gate area) 
      Cumulative area ratio:    2.67
      Required ratio:    0.00 (Cumulative area) 
      Partial area ratio:   12.60
      Required ratio:  400.00 (Side area) 
      Cumulative area ratio:   12.60
      Required ratio:    0.00 (Cumulative side area) 

    Layer: via
      Partial area ratio:    0.18
      Required ratio:    6.00 (Gate area) 
      Cumulative area ratio:    0.30
      Required ratio:    0.00 (Cumulative area) 

    Layer: met2
      Partial area ratio:   26.37
      Required ratio:    0.00 (Gate area) 
      Cumulative area ratio:   29.04
      Required ratio:    0.00 (Cumulative area) 
      Partial area ratio:  130.12
      Required ratio:  400.00 (Side area) 
      Cumulative area ratio:  142.72
      Required ratio:    0.00 (Cumulative side area) 

    Layer: via2
      Partial area ratio:    0.24
      Required ratio:    6.00 (Gate area) 
      Cumulative area ratio:    0.54
      Required ratio:    0.00 (Cumulative area) 

    Layer: met3
      Partial area ratio:   14.02
      Required ratio:    0.00 (Gate area) 
      Cumulative area ratio:   43.06
      Required ratio:    0.00 (Cumulative area) 
      Partial area ratio:   76.31
      Required ratio:  400.00 (Side area) 
      Cumulative area ratio:  219.03
      Required ratio:    0.00 (Cumulative side area) 

    Layer: via3
      Partial area ratio:    0.05
      Required ratio:    6.00 (Gate area) 
      Cumulative area ratio:    0.59
      Required ratio:    0.00 (Cumulative area) 

    Layer: met4
      Partial area ratio:    4.90
      Required ratio:    0.00 (Gate area) 
      Cumulative area ratio:   47.96
      Required ratio:    0.00 (Cumulative area) 
      Partial area ratio:   26.63
      Required ratio: 2956.40 (Side area) 
      Cumulative area ratio:  245.66
      Required ratio:    0.00 (Cumulative side area) 


  Pin:   d_cache_0/i_mem_1/place32698/A (sky130_fd_sc_hd__buf_4)
    Layer: mcon
      Partial area ratio:    0.12
      Required ratio:    3.00 (Gate area) 
      Cumulative area ratio:    0.12
      Required ratio:    0.00 (Cumulative area) 

    Layer: met1
      Partial area ratio:   14.20
      Required ratio:    0.00 (Gate area) 
      Cumulative area ratio:   14.20
      Required ratio:    0.00 (Cumulative area) 
      Partial area ratio:   70.25
      Required ratio:  400.00 (Side area) 
      Cumulative area ratio:   70.25
      Required ratio:    0.00 (Cumulative side area) 

    Layer: via
      Partial area ratio:    0.18
      Required ratio:    6.00 (Gate area) 
      Cumulative area ratio:    0.30
      Required ratio:    0.00 (Cumulative area) 

    Layer: met2
      Partial area ratio:   23.28
      Required ratio:    0.00 (Gate area) 
      Cumulative area ratio:   37.48
      Required ratio:    0.00 (Cumulative area) 
      Partial area ratio:  114.91
      Required ratio:  400.00 (Side area) 
      Cumulative area ratio:  185.16
      Required ratio:    0.00 (Cumulative side area) 

    Layer: via2
      Partial area ratio:    0.24
      Required ratio:    6.00 (Gate area) 
      Cumulative area ratio:    0.54
      Required ratio:    0.00 (Cumulative area) 

    Layer: met3
      Partial area ratio:   14.02
      Required ratio:    0.00 (Gate area) 
      Cumulative area ratio:   51.50
      Required ratio:    0.00 (Cumulative area) 
      Partial area ratio:   76.31
      Required ratio:  400.00 (Side area) 
      Cumulative area ratio:  261.47
      Required ratio:    0.00 (Cumulative side area) 

    Layer: via3
      Partial area ratio:    0.05
      Required ratio:    6.00 (Gate area) 
      Cumulative area ratio:    0.59
      Required ratio:    0.00 (Cumulative area) 

    Layer: met4
      Partial area ratio:    4.90
      Required ratio:    0.00 (Gate area) 
      Cumulative area ratio:   56.40
      Required ratio:    0.00 (Cumulative area) 
      Partial area ratio:   26.63
      Required ratio: 2956.40 (Side area) 
      Cumulative area ratio:  288.10
      Required ratio:    0.00 (Cumulative side area) 


  Pin:   d_cache_0/i_mem_1/place32700/A (sky130_fd_sc_hd__buf_4)
    Layer: mcon
      Partial area ratio:    0.12
      Required ratio:    3.00 (Gate area) 
      Cumulative area ratio:    0.12
      Required ratio:    0.00 (Cumulative area) 

    Layer: met1
      Partial area ratio:    2.51
      Required ratio:    0.00 (Gate area) 
      Cumulative area ratio:    2.51
      Required ratio:    0.00 (Cumulative area) 
      Partial area ratio:   12.26
      Required ratio:  400.00 (Side area) 
      Cumulative area ratio:   12.26
      Required ratio:    0.00 (Cumulative side area) 

    Layer: via
      Partial area ratio:    0.09
      Required ratio:    6.00 (Gate area) 
      Cumulative area ratio:    0.21
      Required ratio:    0.00 (Cumulative area) 

    Layer: met2
      Partial area ratio:    2.19
      Required ratio:    0.00 (Gate area) 
      Cumulative area ratio:    4.71
      Required ratio:    0.00 (Cumulative area) 
      Partial area ratio:   10.28
      Required ratio:  400.00 (Side area) 
      Cumulative area ratio:   22.54
      Required ratio:    0.00 (Cumulative side area) 

    Layer: via2
      Partial area ratio:    0.16
      Required ratio:    6.00 (Gate area) 
      Cumulative area ratio:    0.37
      Required ratio:    0.00 (Cumulative area) 

    Layer: met3
      Partial area ratio:   20.25
      Required ratio:    0.00 (Gate area) 
      Cumulative area ratio:   24.95
      Required ratio:    0.00 (Cumulative area) 
      Partial area ratio:  115.43
      Required ratio:  400.00 (Side area) 
      Cumulative area ratio:  137.97
      Required ratio:    0.00 (Cumulative side area) 

    Layer: via3
      Partial area ratio:    0.16
      Required ratio:    6.00 (Gate area) 
      Cumulative area ratio:    0.53
      Required ratio:    0.00 (Cumulative area) 

    Layer: met4
      Partial area ratio:    4.90
      Required ratio:    0.00 (Gate area) 
      Cumulative area ratio:   29.86
      Required ratio:    0.00 (Cumulative area) 
      Partial area ratio:   26.63
      Required ratio: 2956.40 (Side area) 
      Cumulative area ratio:  164.60
      Required ratio:    0.00 (Cumulative side area) 


