\BOOKMARK [1][-]{Doc-Start}{\376\377\000A\000b\000s\000t\000r\000a\000c\000t}{}% 1
\BOOKMARK [1][-]{section.1}{\376\377\000W\000h\000a\000t\000\040\000t\000h\000i\000s\000\040\000h\000a\000d\000\040\000t\000o\000\040\000g\000e\000t\000\040\000r\000i\000g\000h\000t}{}% 2
\BOOKMARK [2][-]{subsection.1.1}{\376\377\000T\000h\000e\000\040\000f\000o\000u\000r\000\040\000t\000r\000a\000n\000s\000f\000o\000r\000m\000s}{section.1}% 3
\BOOKMARK [1][-]{section.2}{\376\377\000T\000h\000e\000\040\000b\000e\000n\000c\000h\000m\000a\000r\000k\000\040\000S\000o\000C}{}% 4
\BOOKMARK [2][-]{subsection.2.1}{\376\377\000W\000h\000y\000\040\000i\000t\000\040\000i\000s\000\040\000s\000h\000a\000p\000e\000d\000\040\000t\000h\000i\000s\000\040\000w\000a\000y}{section.2}% 5
\BOOKMARK [2][-]{subsection.2.2}{\376\377\000T\000h\000e\000\040\000c\000l\000o\000c\000k\000\040\000t\000r\000e\000e}{section.2}% 6
\BOOKMARK [2][-]{subsection.2.3}{\376\377\000T\000h\000e\000\040\000c\000l\000o\000c\000k\000\040\000s\000t\000r\000u\000c\000t\000u\000r\000e\000s\000,\000\040\000a\000n\000d\000\040\000t\000h\000e\000\040\000t\000w\000o\000\040\000b\000u\000g\000s\000\040\000t\000h\000a\000t\000\040\000w\000e\000r\000e\000\040\000i\000n\000\040\000t\000h\000e\000m}{section.2}% 7
\BOOKMARK [2][-]{subsection.2.4}{\376\377\000S\000c\000a\000l\000e}{section.2}% 8
\BOOKMARK [1][-]{section.3}{\376\377\000B\000a\000s\000e\000l\000i\000n\000e\000s}{}% 9
\BOOKMARK [2][-]{subsection.3.1}{\376\377\000T\000h\000e\000\040\000f\000r\000o\000z\000e\000n\000\040\000i\000n\000p\000u\000t}{section.3}% 10
\BOOKMARK [2][-]{subsection.3.2}{\376\377\000T\000h\000e\000\040\000u\000n\000-\000g\000a\000t\000e\000d\000\040\000m\000o\000d\000e\000l}{section.3}% 11
\BOOKMARK [2][-]{subsection.3.3}{\376\377\000T\000h\000e\000\040\000p\000u\000b\000l\000i\000s\000h\000e\000d\000\040\000s\000y\000s\000t\000e\000m\000s}{section.3}% 12
\BOOKMARK [1][-]{section.4}{\376\377\000D\000e\000l\000i\000v\000e\000r\000a\000b\000l\000e\000\040\0001\000\040\040\024\000\040\000R\000T\000L\000\040\000t\000i\000m\000i\000n\000g\000\040\000a\000n\000a\000l\000y\000s\000i\000s\000\040\000f\000r\000a\000m\000e\000w\000o\000r\000k}{}% 13
\BOOKMARK [1][-]{section.5}{\376\377\000D\000e\000l\000i\000v\000e\000r\000a\000b\000l\000e\000\040\0002\000\040\040\024\000\040\000G\000e\000n\000A\000I\000-\000b\000a\000s\000e\000d\000\040\000R\000T\000L\000\040\000o\000p\000t\000i\000m\000i\000s\000a\000t\000i\000o\000n\000\040\000e\000n\000g\000i\000n\000e}{}% 14
\BOOKMARK [2][-]{subsection.5.1}{\376\377\000T\000h\000e\000\040\000g\000a\000t\000e\000s}{section.5}% 15
\BOOKMARK [2][-]{subsection.5.2}{\376\377\000M\000u\000l\000t\000i\000-\000m\000o\000d\000u\000l\000e\000\040\000e\000d\000i\000t\000s}{section.5}% 16
\BOOKMARK [2][-]{subsection.5.3}{\376\377\000S\000c\000o\000p\000e\000\040\000i\000s\000\040\000t\000a\000k\000e\000n\000\040\000f\000r\000o\000m\000\040\000t\000h\000e\000\040\000t\000r\000e\000e\000,\000\040\000n\000o\000t\000\040\000f\000r\000o\000m\000\040\000t\000h\000e\000\040\000p\000r\000o\000p\000o\000s\000a\000l}{section.5}% 17
\BOOKMARK [1][-]{section.6}{\376\377\000D\000e\000l\000i\000v\000e\000r\000a\000b\000l\000e\000\040\0003\000\040\040\024\000\040\000C\000r\000i\000t\000i\000c\000a\000l\000\040\000p\000a\000t\000h\000\040\000a\000n\000d\000\040\000t\000i\000m\000i\000n\000g\000\040\000v\000i\000o\000l\000a\000t\000i\000o\000n\000\040\000a\000n\000a\000l\000y\000s\000i\000s}{}% 18
\BOOKMARK [1][-]{section.7}{\376\377\000D\000e\000l\000i\000v\000e\000r\000a\000b\000l\000e\000\040\0004\000\040\040\024\000\040\000O\000p\000t\000i\000m\000i\000s\000e\000d\000\040\000R\000T\000L\000\040\000i\000m\000p\000l\000e\000m\000e\000n\000t\000a\000t\000i\000o\000n}{}% 19
\BOOKMARK [1][-]{section.8}{\376\377\000D\000e\000l\000i\000v\000e\000r\000a\000b\000l\000e\000\040\0005\000\040\040\024\000\040\000T\000i\000m\000i\000n\000g\000,\000\040\000f\000r\000e\000q\000u\000e\000n\000c\000y\000\040\000a\000n\000d\000\040\000P\000P\000A\000\040\000c\000o\000m\000p\000a\000r\000i\000s\000o\000n}{}% 20
\BOOKMARK [2][-]{subsection.8.1}{\376\377\000W\000h\000y\000\040\000t\000h\000e\000\040\000g\000l\000o\000b\000a\000l\000\040\000n\000u\000m\000b\000e\000r\000\040\000i\000s\000\040\000n\000o\000t\000\040\000t\000h\000e\000\040\000r\000e\000s\000u\000l\000t}{section.8}% 21
\BOOKMARK [2][-]{subsection.8.2}{\376\377\000T\000h\000e\000\040\000o\000n\000e\000\040\000f\000i\000g\000u\000r\000e\000\040\000w\000e\000\040\000s\000t\000a\000n\000d\000\040\000b\000e\000h\000i\000n\000d}{section.8}% 22
\BOOKMARK [2][-]{subsection.8.3}{\376\377\000T\000h\000e\000\040\000s\000a\000m\000e\000\040\000c\000l\000a\000i\000m\000,\000\040\000o\000n\000\040\000a\000\040\000s\000e\000c\000o\000n\000d\000\040\000r\000o\000u\000t\000e\000d\000\040\000g\000e\000n\000e\000r\000a\000t\000i\000o\000n}{section.8}% 23
\BOOKMARK [1][-]{section.9}{\376\377\000D\000e\000l\000i\000v\000e\000r\000a\000b\000l\000e\000\040\0006\000\040\040\024\000\040\000F\000o\000r\000m\000a\000l\000\040\000e\000q\000u\000i\000v\000a\000l\000e\000n\000c\000e\000\040\000v\000e\000r\000i\000f\000i\000c\000a\000t\000i\000o\000n\000\040\000r\000e\000p\000o\000r\000t}{}% 24
\BOOKMARK [1][-]{section.10}{\376\377\000D\000e\000l\000i\000v\000e\000r\000a\000b\000l\000e\000\040\0007\000\040\040\024\000\040\000I\000n\000t\000e\000r\000a\000c\000t\000i\000v\000e\000\040\000d\000e\000m\000o}{}% 25
\BOOKMARK [1][-]{section.11}{\376\377\000M\000o\000d\000e\000l\000\040\000c\000o\000m\000p\000a\000r\000i\000s\000o\000n}{}% 26
\BOOKMARK [2][-]{subsection.11.1}{\376\377\000W\000h\000a\000t\000\040\000s\000u\000r\000v\000i\000v\000e\000d}{section.11}% 27
\BOOKMARK [2][-]{subsection.11.2}{\376\377\000W\000h\000a\000t\000\040\000t\000h\000e\000\040\000s\000p\000e\000n\000d\000\040\000d\000i\000d\000\040\000n\000o\000t\000\040\000b\000u\000y}{section.11}% 28
\BOOKMARK [2][-]{subsection.11.3}{\376\377\000F\000a\000i\000l\000i\000n\000g\000\040\000d\000i\000f\000f\000e\000r\000e\000n\000t\000l\000y\000\040\000i\000s\000\040\000t\000h\000e\000\040\000u\000s\000e\000f\000u\000l\000\040\000s\000i\000g\000n\000a\000l}{section.11}% 29
\BOOKMARK [1][-]{section.12}{\376\377\000W\000h\000a\000t\000\040\000i\000s\000\040\000n\000e\000w\000\040\000h\000e\000r\000e}{}% 30
\BOOKMARK [1][-]{section.13}{\376\377\000W\000h\000a\000t\000\040\000t\000h\000i\000s\000\040\000d\000o\000e\000s\000\040\000n\000o\000t\000\040\000c\000l\000a\000i\000m}{}% 31
\BOOKMARK [1][-]{appendix.A}{\376\377\000T\000h\000e\000\040\000a\000c\000c\000e\000p\000t\000e\000d\000\040\000r\000e\000w\000r\000i\000t\000e\000,\000\040\000i\000n\000\040\000f\000u\000l\000l}{}% 32
\BOOKMARK [1][-]{appendix.B}{\376\377\000T\000h\000e\000\040\000c\000o\000n\000t\000r\000a\000c\000t\000\040\000t\000h\000e\000\040\000m\000o\000d\000e\000l\000\040\000i\000s\000\040\000h\000e\000l\000d\000\040\000t\000o}{}% 33
\BOOKMARK [1][-]{appendix.C}{\376\377\000R\000e\000p\000r\000o\000d\000u\000c\000i\000n\000g\000\040\000t\000h\000i\000s}{}% 34
