
 /----------------------------------------------------------------------------\
 |  yosys -- Yosys Open SYnthesis Suite                                       |
 |  Copyright (C) 2012 - 2026  Claire Xenia Wolf <claire@yosyshq.com>         |
 |  Distributed under an ISC-like license, type "license" to see terms        |
 \----------------------------------------------------------------------------/
 Yosys 0.67+ (git sha1 b88b73a99, Release, AppleClang /usr/bin/c++ 21.0.0.21000101) [github.com/The-OpenROAD-Project/yosys at HEAD]

-- Running command `read_verilog artifacts/ren_equiv_20260912/miter_neg.v; hierarchy -top miter; flatten; opt -full; sat -verify -prove differ 0 -show-all miter' --

1. Executing Verilog-2005 frontend: artifacts/ren_equiv_20260912/miter_neg.v
Parsing Verilog input from `artifacts/ren_equiv_20260912/miter_neg.v' to AST representation.
Generating RTLIL representation for module `\ren_gold'.
Generating RTLIL representation for module `\ren_gate'.
Generating RTLIL representation for module `\miter'.
Successfully finished Verilog frontend.

2. Executing HIERARCHY pass (managing design hierarchy).

2.1. Analyzing design hierarchy..
Top module:  \miter
Used module:     \ren_gate
Used module:     \ren_gold

2.2. Analyzing design hierarchy..
Top module:  \miter
Used module:     \ren_gate
Used module:     \ren_gold
Removed 0 unused modules.
Mapping positional arguments of cell miter.u_gate (ren_gate).
Mapping positional arguments of cell miter.u_gold (ren_gold).

3. Executing FLATTEN pass (flatten design).
Deleting now unused module ren_gate.
Deleting now unused module ren_gold.
<suppressed ~2 debug messages>

4. Executing OPT pass (performing simple optimizations).

4.1. Executing OPT_EXPR pass (perform const folding).
Optimizing module miter.

4.2. Executing OPT_MERGE pass (detect identical cells).
Finding identical cells in module `\miter'.
Computing hashes of 22 cells of `\miter'.
Finding duplicate cells in `\miter'.
Computing hashes of 16 cells of `\miter'.
Finding duplicate cells in `\miter'.
Computing hashes of 14 cells of `\miter'.
Finding duplicate cells in `\miter'.
Computing hashes of 13 cells of `\miter'.
Finding duplicate cells in `\miter'.
Computing hashes of 12 cells of `\miter'.
Finding duplicate cells in `\miter'.
<suppressed ~30 debug messages>
Removed a total of 10 cells.

4.3. Executing OPT_MUXTREE pass (detect dead branches in mux trees).
Running muxtree optimizer on module \miter..
  Creating internal representation of mux trees.
  No muxes found in this module.
Removed 0 multiplexer ports.

4.4. Executing OPT_REDUCE pass (consolidate $*mux and $reduce_* inputs).
  Optimizing cells in module \miter.
Performed a total of 0 changes.

4.5. Executing OPT_MERGE pass (detect identical cells).
Finding identical cells in module `\miter'.
Computing hashes of 12 cells of `\miter'.
Finding duplicate cells in `\miter'.
Removed a total of 0 cells.

4.6. Executing OPT_SHARE pass.

4.7. Executing OPT_DFF pass (perform DFF optimizations).

4.8. Executing OPT_CLEAN pass (remove unused cells and wires).
Finding unused cells or wires in module \miter..
Removed 0 unused cells and 15 unused wires.
<suppressed ~1 debug messages>

4.9. Executing OPT_EXPR pass (perform const folding).
Optimizing module miter.
<suppressed ~1 debug messages>

4.10. Rerunning OPT passes. (Maybe there is more to do..)

4.11. Executing OPT_MUXTREE pass (detect dead branches in mux trees).
Running muxtree optimizer on module \miter..
  Creating internal representation of mux trees.
  No muxes found in this module.
Removed 0 multiplexer ports.

4.12. Executing OPT_REDUCE pass (consolidate $*mux and $reduce_* inputs).
  Optimizing cells in module \miter.
Performed a total of 0 changes.

4.13. Executing OPT_MERGE pass (detect identical cells).
Finding identical cells in module `\miter'.
Computing hashes of 11 cells of `\miter'.
Finding duplicate cells in `\miter'.
Removed a total of 0 cells.

4.14. Executing OPT_SHARE pass.

4.15. Executing OPT_DFF pass (perform DFF optimizations).

4.16. Executing OPT_CLEAN pass (remove unused cells and wires).
Finding unused cells or wires in module \miter..
Removed 0 unused cells and 1 unused wires.
<suppressed ~1 debug messages>

4.17. Executing OPT_EXPR pass (perform const folding).
Optimizing module miter.

4.18. Rerunning OPT passes. (Maybe there is more to do..)

4.19. Executing OPT_MUXTREE pass (detect dead branches in mux trees).
Running muxtree optimizer on module \miter..
  Creating internal representation of mux trees.
  No muxes found in this module.
Removed 0 multiplexer ports.

4.20. Executing OPT_REDUCE pass (consolidate $*mux and $reduce_* inputs).
  Optimizing cells in module \miter.
Performed a total of 0 changes.

4.21. Executing OPT_MERGE pass (detect identical cells).
Finding identical cells in module `\miter'.
Computing hashes of 11 cells of `\miter'.
Finding duplicate cells in `\miter'.
Removed a total of 0 cells.

4.22. Executing OPT_SHARE pass.

4.23. Executing OPT_DFF pass (perform DFF optimizations).

4.24. Executing OPT_CLEAN pass (remove unused cells and wires).
Finding unused cells or wires in module \miter..

4.25. Executing OPT_EXPR pass (perform const folding).
Optimizing module miter.

4.26. Finished fast OPT passes. (There is nothing left to do.)

5. Executing SAT pass (solving SAT problems in the circuit).
Using SAT solver `minisat`.

Setting up SAT problem:
Final constraint equation: { } = { }
Imported 11 cells to SAT database.
Import proof-constraint: \differ = 1'0
Final proof equation: \differ = 1'0
Import show expression: \u_gold.empty_1
Import show expression: \u_gold.empty_2
Import show expression: \u_gold.full
Import show expression: \u_gold.vld
Import show expression: \u_gold.r_en_1
Import show expression: \u_gold.r_en_2
Import show expression: $flatten\u_gate.$logic_or$artifacts/ren_equiv_20260912/miter_neg.v:18$16_Y
Import show expression: $flatten\u_gate.$logic_not$artifacts/ren_equiv_20260912/miter_neg.v:16$12_Y
Import show expression: $flatten\u_gate.$logic_not$artifacts/ren_equiv_20260912/miter_neg.v:16$11_Y
Import show expression: \u_gate.adv
Import show expression: \u_gate.room
Import show expression: \u_gate.src
Import show expression: \u_gate.r_en_2
Import show expression: \u_gate.r_en_1
Import show expression: \u_gate.vld
Import show expression: \u_gate.full
Import show expression: \u_gate.empty_2
Import show expression: \u_gate.empty_1
Import show expression: $flatten\u_gate.$reduce_or$artifacts/ren_equiv_20260912/miter_neg.v:18$15_Y
Import show expression: \c2
Import show expression: \c1
Import show expression: \g2
Import show expression: \g1
Import show expression: \differ
Import show expression: \vld
Import show expression: \full
Import show expression: \empty_2
Import show expression: \empty_1

Solving problem with 55 variables and 126 clauses..
SAT proof finished - model found: FAIL!

   ______                   ___       ___       _ _            _ _ 
  (_____ \                 / __)     / __)     (_) |          | | |
   _____) )___ ___   ___ _| |__    _| |__ _____ _| | _____  __| | |
  |  ____/ ___) _ \ / _ (_   __)  (_   __|____ | | || ___ |/ _  |_|
  | |   | |  | |_| | |_| || |       | |  / ___ | | || ____( (_| |_ 
  |_|   |_|   \___/ \___/ |_|       |_|  \_____|_|\_)_____)\____|_|


  Signal Name                                                                              Dec       Hex           Bin
  -------------------------------------------------------------------------------- ----------- --------- -------------
  $flatten\u_gate.$logic_not$artifacts/ren_equiv_20260912/miter_neg.v:16$11_Y                0         0             0
  $flatten\u_gate.$logic_not$artifacts/ren_equiv_20260912/miter_neg.v:16$12_Y                0         0             0
  $flatten\u_gate.$logic_or$artifacts/ren_equiv_20260912/miter_neg.v:18$16_Y                 1         1             1
  $flatten\u_gate.$reduce_or$artifacts/ren_equiv_20260912/miter_neg.v:18$15_Y                1         1             1
  \c1                                                                                        1         1             1
  \c2                                                                                        1         1             1
  \differ                                                                                    1         1             1
  \empty_1                                                                                   1         1             1
  \empty_2                                                                                   1         1             1
  \full                                                                                      0         0             0
  \g1                                                                                        0         0             0
  \g2                                                                                        0         0             0
  \u_gate.adv                                                                                1         1             1
  \u_gate.empty_1                                                                            1         1             1
  \u_gate.empty_2                                                                            1         1             1
  \u_gate.full                                                                               0         0             0
  \u_gate.r_en_1                                                                             1         1             1
  \u_gate.r_en_2                                                                             1         1             1
  \u_gate.room                                                                               1         1             1
  \u_gate.src                                                                                0         0             0
  \u_gate.vld                                                                                1         1          0001
  \u_gold.empty_1                                                                            1         1             1
  \u_gold.empty_2                                                                            1         1             1
  \u_gold.full                                                                               0         0             0
  \u_gold.r_en_1                                                                             0         0             0
  \u_gold.r_en_2                                                                             0         0             0
  \u_gold.vld                                                                                1         1          0001
  \vld                                                                                       1         1          0001

ERROR: Called with -verify and proof did fail!
