[2026-08-15 08:06:32.101896] |==============================================================================|
[2026-08-15 08:06:32.102510] |=========                      OpenRAM v1.2.49                       =========|
[2026-08-15 08:06:32.102679] |=========                                                            =========|
[2026-08-15 08:06:32.102784] |=========               VLSI Design and Automation Lab               =========|
[2026-08-15 08:06:32.102880] |=========        Computer Science and Engineering Department         =========|
[2026-08-15 08:06:32.102975] |=========            University of California Santa Cruz             =========|
[2026-08-15 08:06:32.103071] |=========                                                            =========|
[2026-08-15 08:06:32.103148] |=========          Usage help: openram-user-group@ucsc.edu           =========|
[2026-08-15 08:06:32.103264] |=========        Development help: openram-dev-group@ucsc.edu        =========|
[2026-08-15 08:06:32.103375] |=========                See LICENSE for license info                =========|
[2026-08-15 08:06:32.103480] |==============================================================================|
[2026-08-15 08:06:32.103595] ** Start: 08/15/2026 08:06:32
[2026-08-15 08:06:32.103724] Technology: sky130
[2026-08-15 08:06:32.103821] Total size: 16384 bits
[2026-08-15 08:06:32.103936] Word size: 256
Words: 64
Banks: 1
[2026-08-15 08:06:32.104022] RW ports: 1
R-only ports: 1
W-only ports: 0
[2026-08-15 08:06:32.104155] DRC/LVS/PEX is only run on the top-level design to save run-time (inline_lvsdrc=True to do inline checking).
[2026-08-15 08:06:32.104238] Characterization is disabled (using analytical delay models) (analytical_delay=False to simulate).
[2026-08-15 08:06:32.104320] Only generating nominal corner timing.
[2026-08-15 08:06:32.104439] Words per row: 2
[2026-08-15 08:06:32.104566] Output files are: 
[2026-08-15 08:06:32.104655] /home/shubhanshu/eda/OpenRAM/nebula_sram_configs/openram_output/id_memory_256x64/id_memory_256x64.lvs
[2026-08-15 08:06:32.104763] /home/shubhanshu/eda/OpenRAM/nebula_sram_configs/openram_output/id_memory_256x64/id_memory_256x64.sp
[2026-08-15 08:06:32.104856] /home/shubhanshu/eda/OpenRAM/nebula_sram_configs/openram_output/id_memory_256x64/id_memory_256x64.v
[2026-08-15 08:06:32.104972] /home/shubhanshu/eda/OpenRAM/nebula_sram_configs/openram_output/id_memory_256x64/id_memory_256x64.lib
[2026-08-15 08:06:32.105070] /home/shubhanshu/eda/OpenRAM/nebula_sram_configs/openram_output/id_memory_256x64/id_memory_256x64.py
[2026-08-15 08:06:32.105167] /home/shubhanshu/eda/OpenRAM/nebula_sram_configs/openram_output/id_memory_256x64/id_memory_256x64.html
[2026-08-15 08:06:32.105245] /home/shubhanshu/eda/OpenRAM/nebula_sram_configs/openram_output/id_memory_256x64/id_memory_256x64.log
[2026-08-15 08:06:32.105342] /home/shubhanshu/eda/OpenRAM/nebula_sram_configs/openram_output/id_memory_256x64/id_memory_256x64.lef
[2026-08-15 08:06:32.105435] /home/shubhanshu/eda/OpenRAM/nebula_sram_configs/openram_output/id_memory_256x64/id_memory_256x64.gds
[2026-08-15 08:06:47.165655] [openram.modules.replica_column/__init__]: DIAG replica_column: rows=34 left_rbl=1 right_rbl=1 replica_bit=0 rbl_param=[1, 1]
[2026-08-15 08:06:47.236490] [openram.modules.replica_column/__init__]: DIAG replica_column: rows=34 left_rbl=1 right_rbl=1 replica_bit=35 rbl_param=[1, 1]
[2026-08-15 08:07:01.117964] ** Submodules: 29.0 seconds
[2026-08-15 08:07:01.795330] ** Placement: 0.7 seconds
[2026-08-15 09:46:38.222019] ** Routing: 5976.4 seconds
[2026-08-15 11:05:08.719682] WARNING: file magic.py: line 254: DRC Errors id_memory_256x64	7170

[2026-08-15 11:28:22.724499] ** Verification: 6104.3 seconds
[2026-08-15 11:28:22.744745] ** SRAM creation: 12110.6 seconds
[2026-08-15 11:28:22.751559] SP: Writing to /home/shubhanshu/eda/OpenRAM/nebula_sram_configs/openram_output/id_memory_256x64/id_memory_256x64.sp
[2026-08-15 11:28:26.997616] ** Spice writing: 4.2 seconds
[2026-08-15 11:28:26.998587] DELAY: Writing stimulus...
[2026-08-15 11:28:29.665548] ** DELAY: 2.7 seconds
[2026-08-15 11:28:30.020743] GDS: Writing to /home/shubhanshu/eda/OpenRAM/nebula_sram_configs/openram_output/id_memory_256x64/id_memory_256x64.gds
[2026-08-15 11:28:36.129223] ** GDS: 6.1 seconds
[2026-08-15 11:28:36.129367] LEF: Writing to /home/shubhanshu/eda/OpenRAM/nebula_sram_configs/openram_output/id_memory_256x64/id_memory_256x64.lef
[2026-08-15 11:28:36.592061] ** LEF: 0.5 seconds
[2026-08-15 11:28:36.592204] LVS: Writing to /home/shubhanshu/eda/OpenRAM/nebula_sram_configs/openram_output/id_memory_256x64/id_memory_256x64.lvs.sp
[2026-08-15 11:28:36.960614] ** LVS writing: 0.4 seconds
[2026-08-15 11:28:36.960938] LIB: Characterizing... 
[2026-08-15 11:28:48.657988] ** Characterization: 11.7 seconds
[2026-08-15 11:28:48.661119] Config: Writing to /home/shubhanshu/eda/OpenRAM/nebula_sram_configs/openram_output/id_memory_256x64/id_memory_256x64.py
[2026-08-15 11:28:48.661255] ** Config: 0.0 seconds
[2026-08-15 11:28:48.718336] Datasheet: Writing to /home/shubhanshu/eda/OpenRAM/nebula_sram_configs/openram_output/id_memory_256x64/id_memory_256x64.html
[2026-08-15 11:28:48.721868] ** Datasheet: 0.1 seconds
[2026-08-15 11:28:48.721983] Verilog: Writing to /home/shubhanshu/eda/OpenRAM/nebula_sram_configs/openram_output/id_memory_256x64/id_memory_256x64.v
[2026-08-15 11:28:48.722457] ** Verilog: 0.0 seconds
[2026-08-15 11:28:48.725847] [openram.globals/cleanup_paths]: Preserving temp directory: /tmp/openram_shubhanshu_17473_temp/
[2026-08-15 11:28:48.726015] ** End: 12136.6 seconds
