OpenROAD 7cfb2105c93c35ce73de9cf4f538de1c9bf8115a 
Features included (+) or not (-): +GPU -GUI +Python
This program is licensed under the BSD-3 license. See the LICENSE file for details.
Components of this program may be licensed under more restrictive licenses which must be honored.
[INFO ORD-0030] Using 12 thread(s).
read_liberty /Users/shubhanshu/Desktop/Nebula/digital/orfs/flow/platforms/sky130hd/lib/sky130_fd_sc_hd__tt_025C_1v80.lib
read_db /Users/shubhanshu/Desktop/Nebula/digital/artifacts/model_ppa_v3/pnr_v3_baseline/results/sky130hd/nebula_bench_v2/v3_baseline/3_3_place_gp.odb
read_sdc /Users/shubhanshu/Desktop/Nebula/digital/artifacts/model_ppa_v3/pnr_v3_baseline/results/sky130hd/nebula_bench_v2/v3_baseline/2_floorplan.sdc
source /Users/shubhanshu/Desktop/Nebula/digital/orfs/flow/platforms/sky130hd/setRC.tcl
estimate_parasitics -placement
Took 17 seconds: estimate_parasitics -placement
Perform buffer insertion and gate resizing...
repair_design -verbose -match_cell_footprint
Iteration |   Area    | Resized | Buffers | Nets repaired | Remaining
---------------------------------------------------------------------
        0 |     +0.0% |       0 |       0 |             0 |    117294
     1000 |     +0.0% |       0 |       0 |             0 |    116294
     2000 |     +0.0% |       0 |       0 |             0 |    115294
     3000 |     +0.0% |       0 |       0 |             0 |    114294
     4000 |     +0.0% |       0 |       0 |             0 |    113294
     5000 |     +0.0% |       0 |       0 |             0 |    112294
     6000 |     +0.0% |       0 |       0 |             0 |    111294
     7000 |     +0.0% |       0 |       0 |             0 |    110294
     8000 |     +0.0% |       0 |       0 |             0 |    109294
     9000 |     +0.0% |       0 |       0 |             0 |    108294
    10000 |     +0.0% |       0 |       0 |             0 |    107294
    11000 |     +0.0% |       0 |       0 |             0 |    106294
    12000 |     +0.0% |       0 |       0 |             0 |    105294
    13000 |     +0.0% |       0 |       0 |             0 |    104294
    14000 |     +0.0% |       0 |       0 |             0 |    103294
    15000 |     +0.0% |       0 |       0 |             0 |    102294
    16000 |     +0.0% |       0 |       0 |             0 |    101294
    17000 |     +0.0% |       0 |       0 |             0 |    100294
    18000 |     +0.0% |       0 |       0 |             0 |     99294
    19000 |     +0.0% |       0 |       0 |             0 |     98294
    20000 |     +0.0% |       0 |       1 |             1 |     97294
    21000 |     +0.0% |       0 |       1 |             1 |     96294
    22000 |     +0.0% |       0 |       1 |             1 |     95294
    23000 |     +0.0% |       0 |       2 |             2 |     94294
    24000 |     +0.0% |       0 |       2 |             2 |     93294
    25000 |     +0.0% |       0 |       2 |             2 |     92294
    26000 |     +0.0% |       2 |       4 |             4 |     91294
    27000 |     +0.0% |       2 |       4 |             4 |     90294
    28000 |     +0.0% |       2 |       4 |             4 |     89294
    29000 |     +0.0% |       3 |       4 |             5 |     88294
    30000 |     +0.0% |       4 |       5 |             6 |     87294
    31000 |     +0.0% |       4 |       5 |             6 |     86294
    32000 |     +0.0% |       4 |       5 |             6 |     85294
    33000 |     +0.0% |       4 |       5 |             6 |     84294
    34000 |     +0.0% |       5 |       6 |             7 |     83294
    35000 |     +0.0% |       5 |       6 |             7 |     82294
    36000 |     +0.0% |       5 |       6 |             7 |     81294
    37000 |     +0.0% |       6 |       7 |             8 |     80294
    38000 |     +0.0% |       6 |       7 |             8 |     79294
    39000 |     +0.0% |       6 |       7 |             8 |     78294
    40000 |     +0.0% |       6 |       7 |             8 |     77294
    41000 |     +0.0% |       7 |       8 |             9 |     76294
    42000 |     +0.0% |       7 |       8 |             9 |     75294
    43000 |     +0.0% |       7 |       8 |             9 |     74294
    44000 |     +0.0% |       7 |       8 |             9 |     73294
    45000 |     +0.0% |       7 |       8 |             9 |     72294
    46000 |     +0.0% |       7 |       8 |             9 |     71294
    47000 |     +0.0% |       7 |       8 |             9 |     70294
    48000 |     +0.0% |       7 |       8 |             9 |     69294
    49000 |     +0.0% |       7 |       8 |             9 |     68294
    50000 |     +0.0% |       7 |       8 |             9 |     67294
    51000 |     +0.0% |       7 |       8 |             9 |     66294
    52000 |     +0.0% |       7 |       8 |             9 |     65294
    53000 |     +0.0% |       7 |       8 |             9 |     64294
    54000 |     +0.0% |       7 |       8 |             9 |     63294
    55000 |     +0.0% |       7 |       8 |             9 |     62294
    56000 |     +0.0% |       7 |       8 |             9 |     61294
    57000 |     +0.0% |       7 |       8 |             9 |     60294
    58000 |     +0.0% |       7 |       9 |            10 |     59294
    59000 |     +0.0% |       7 |       9 |            10 |     58294
    60000 |     +0.0% |       7 |       9 |            10 |     57294
    61000 |     +0.0% |       7 |       9 |            10 |     56294
    62000 |     +0.0% |       7 |       9 |            10 |     55294
    63000 |     +0.0% |       7 |       9 |            10 |     54294
    64000 |     +0.0% |       7 |       9 |            10 |     53294
    65000 |     +0.0% |       7 |       9 |            10 |     52294
    66000 |     +0.0% |       7 |       9 |            10 |     51294
    67000 |     +0.0% |       8 |       9 |            11 |     50294
    68000 |     +0.0% |       8 |      10 |            12 |     49294
    69000 |     +0.0% |       8 |      10 |            12 |     48294
    70000 |     +0.0% |       8 |      10 |            12 |     47294
    71000 |     +0.0% |       8 |      10 |            12 |     46294
    72000 |     +0.0% |       9 |      10 |            13 |     45294
    73000 |     +0.0% |      10 |      10 |            14 |     44294
    74000 |     +0.0% |      11 |      11 |            15 |     43294
    75000 |     +0.0% |      11 |      11 |            15 |     42294
    76000 |     +0.0% |      11 |      11 |            15 |     41294
    77000 |     +0.0% |      11 |      11 |            15 |     40294
    78000 |     +0.0% |      11 |      11 |            15 |     39294
    79000 |     +0.0% |      11 |      11 |            15 |     38294
    80000 |     +0.0% |      11 |      11 |            15 |     37294
    81000 |     +0.0% |      11 |      11 |            15 |     36294
    82000 |     +0.0% |      11 |      11 |            15 |     35294
    83000 |     +0.0% |      11 |      11 |            15 |     34294
    84000 |     +0.0% |      13 |      12 |            17 |     33294
    85000 |     +0.0% |      13 |      12 |            17 |     32294
    86000 |     +0.0% |      13 |      12 |            17 |     31294
    87000 |     +0.0% |      13 |      12 |            17 |     30294
    88000 |     +0.0% |      13 |      12 |            17 |     29294
    89000 |     +0.0% |      13 |      12 |            17 |     28294
    90000 |     +0.0% |      13 |      12 |            17 |     27294
    91000 |     +0.0% |      13 |      12 |            17 |     26294
    92000 |     +0.0% |      13 |      12 |            17 |     25294
    93000 |     +0.0% |      13 |      12 |            17 |     24294
    94000 |     +0.0% |      13 |      12 |            17 |     23294
    95000 |     +0.0% |      13 |      12 |            17 |     22294
    96000 |     +0.0% |      13 |      12 |            17 |     21294
    97000 |     +0.0% |      13 |      12 |            17 |     20294
    98000 |     +0.0% |      13 |      12 |            17 |     19294
    99000 |     +0.0% |      13 |      12 |            17 |     18294
   100000 |     +0.0% |      13 |      12 |            17 |     17294
   101000 |     +0.0% |      13 |      12 |            17 |     16294
   102000 |     +0.0% |      13 |      12 |            17 |     15294
   103000 |     +0.0% |      13 |      12 |            17 |     14294
   104000 |     +0.0% |      13 |      12 |            17 |     13294
   105000 |     +0.0% |      13 |      12 |            17 |     12294
   106000 |     +0.0% |      13 |      12 |            17 |     11294
   107000 |     +0.0% |      13 |      12 |            17 |     10294
   108000 |     +0.0% |      13 |      12 |            17 |      9294
   109000 |     +0.0% |      13 |      12 |            17 |      8294
   110000 |     +0.0% |      13 |      12 |            17 |      7294
   111000 |     +0.0% |      13 |      12 |            17 |      6294
   112000 |     +0.0% |      13 |      12 |            17 |      5294
   113000 |     +0.0% |      13 |      12 |            17 |      4294
   114000 |     +0.0% |      13 |      12 |            17 |      3294
   115000 |     +0.0% |      13 |      12 |            17 |      2294
   116000 |     +0.0% |      13 |      12 |            17 |      1294
   117000 |     +0.0% |      13 |      12 |            17 |       294
    final |     +0.0% |      13 |      12 |            17 |         0
---------------------------------------------------------------------
[INFO RSZ-0034] Found 13 slew violations.
[INFO RSZ-0036] Found 5 capacitance violations.
[INFO RSZ-0039] Resized 13 instances.
[INFO RSZ-0038] Inserted 12 buffers in 17 nets.
[INFO RSZ-0504] Runtime: 38.38s
Took 38 seconds: repair_design -verbose -match_cell_footprint
Floating nets: 
Report metrics stage 3, resizer...

==========================================================================
resizer report_design_area
--------------------------------------------------------------------------
Design area 1608926 um^2 46% utilization.
Instance count before 162240, after 162252
Pin count before 430667, after 430691
write_db /Users/shubhanshu/Desktop/Nebula/digital/artifacts/model_ppa_v3/pnr_v3_baseline/results/sky130hd/nebula_bench_v2/v3_baseline/3_4_place_resized.odb
Elapsed time: 5:14.80[h:]min:sec. CPU time: user 97.46 sys 15.91 (36%). Peak memory: 586720KB.
Log                       Ext     Elapsed/s Peak Memory/MB sha1sum result [0:20)
3_4_place_resized         .odb          314            572 71577d670e1a8ec7b4de
