OpenROAD 7cfb2105c93c35ce73de9cf4f538de1c9bf8115a 
Features included (+) or not (-): +GPU -GUI +Python
This program is licensed under the BSD-3 license. See the LICENSE file for details.
Components of this program may be licensed under more restrictive licenses which must be honored.
[INFO ORD-0030] Using 12 thread(s).
read_liberty /Users/shubhanshu/Desktop/Nebula/digital/orfs/flow/platforms/sky130hd/lib/sky130_fd_sc_hd__tt_025C_1v80.lib
read_db /Users/shubhanshu/Desktop/Nebula/digital/artifacts/model_ppa_v3/pnr_v3_baseline/results/sky130hd/nebula_bench_v2/v3_baseline/6_1_fill.odb
read_sdc /Users/shubhanshu/Desktop/Nebula/digital/artifacts/model_ppa_v3/pnr_v3_baseline/results/sky130hd/nebula_bench_v2/v3_baseline/6_1_fill.sdc
source /Users/shubhanshu/Desktop/Nebula/digital/orfs/flow/platforms/sky130hd/setRC.tcl
write_db /Users/shubhanshu/Desktop/Nebula/digital/artifacts/model_ppa_v3/pnr_v3_baseline/results/sky130hd/nebula_bench_v2/v3_baseline/6_final.odb
write_sdc -no_timestamp /Users/shubhanshu/Desktop/Nebula/digital/artifacts/model_ppa_v3/pnr_v3_baseline/results/sky130hd/nebula_bench_v2/v3_baseline/6_final.sdc
Deleted 0 routing obstructions
Warning: master sky130_ef_sc_hd__decap_12 has signal pins but no liberty cell
[INFO RCX-0431] Defined process_corner X with ext_model_index 0
[INFO RCX-0029] Defined extraction corner X
[WARNING RCX-0514] The ext_model_file option is deprecated. Use set_extraction_rules_file command instead.
[INFO RCX-0435] Reading extraction model file /Users/shubhanshu/Desktop/Nebula/digital/orfs/flow/platforms/sky130hd/rcx_patterns.rules ...
[INFO RCX-0436] RC segment generation soc_top (max_merge_res 50.0) ...
[INFO RCX-0040] Final 591487 rc segments
[INFO RCX-0439] Coupling Cap extraction soc_top ...
[INFO RCX-0440] Coupling threshhold is 0.1000 fF, coupling capacitance less than 0.1000 fF will be grounded.
[INFO RCX-0442] 12% of 1247871 wires extracted
[INFO RCX-0442] 25% of 1247871 wires extracted
[INFO RCX-0442] 39% of 1247871 wires extracted
[INFO RCX-0442] 55% of 1247871 wires extracted
[INFO RCX-0442] 66% of 1247871 wires extracted
[INFO RCX-0442] 77% of 1247871 wires extracted
[INFO RCX-0442] 88% of 1247871 wires extracted
[INFO RCX-0442] 100% of 1247871 wires extracted
[INFO RCX-0045] Extract 121602 nets, 712791 rsegs, 712791 caps, 1398361 ccs
[INFO RCX-0042] 100000 nets finished
[INFO RCX-0443] 121602 nets finished
[INFO PSM-0040] All shapes on net VDD are connected.
########## IR report #################
Net              : VDD
Corner           : default
Total power      : 2.83e-01 W
Supply voltage   : 1.80e+00 V
Worstcase voltage: 1.80e+00 V
Average voltage  : 1.80e+00 V
Average IR drop  : 1.55e-05 V
Worstcase IR drop: 2.97e-04 V
Percentage drop  : 0.02 %
######################################
[INFO PSM-0040] All shapes on net VSS are connected.
########## IR report #################
Net              : VSS
Corner           : default
Total power      : 2.83e-01 W
Supply voltage   : 0.00e+00 V
Worstcase voltage: 3.38e-04 V
Average voltage  : 1.51e-05 V
Average IR drop  : 1.51e-05 V
Worstcase IR drop: 3.38e-04 V
Percentage drop  : 0.02 %
######################################
Cell type report:                       Count       Area
  Fill cell                            308387 1777901.40
  Tap cell                              47056   58876.47
  Antenna cell                           1417    3545.90
  Clock buffer                           5110  102787.33
  Timing Repair Buffer                  12834  106098.01
  Inverter                                988    3803.65
  Clock inverter                         1809   21219.10
  Sequential cell                       34009  955920.55
  Multi-Input combinational cell        68369  497405.80
  Total                                479979 3527558.21
Report metrics stage 6, finish...

==========================================================================
finish report_design_area
--------------------------------------------------------------------------
Design area 1749657 um^2 50% utilization.
Elapsed time: 2:43.61[h:]min:sec. CPU time: user 205.70 sys 72.23 (169%). Peak memory: 2550016KB.
Log                       Ext     Elapsed/s Peak Memory/MB sha1sum result [0:20)
6_report                                163           2490                  N/A
