OpenROAD 7cfb2105c93c35ce73de9cf4f538de1c9bf8115a 
Features included (+) or not (-): +GPU -GUI +Python
This program is licensed under the BSD-3 license. See the LICENSE file for details.
Components of this program may be licensed under more restrictive licenses which must be honored.
[INFO ORD-0030] Using 12 thread(s).
read_liberty /Users/shubhanshu/Desktop/Nebula/digital/orfs/flow/platforms/sky130hd/lib/sky130_fd_sc_hd__tt_025C_1v80.lib
read_db /Users/shubhanshu/Desktop/Nebula/digital/artifacts/model_ppa_v3/pnr_v3_sonnet_wide/results/sky130hd/nebula_bench_v2/v3_sonnet_wide/3_2_place_iop.odb
read_sdc /Users/shubhanshu/Desktop/Nebula/digital/artifacts/model_ppa_v3/pnr_v3_sonnet_wide/results/sky130hd/nebula_bench_v2/v3_sonnet_wide/2_floorplan.sdc
source /Users/shubhanshu/Desktop/Nebula/digital/orfs/flow/platforms/sky130hd/setRC.tcl
[INFO RSZ-0026] Removed 0 buffers.
Perform port buffering...
[INFO RSZ-0027] Inserted 1 sky130_fd_sc_hd__clkdlybuf4s50_1 input buffers.
[INFO RSZ-0028] Inserted 32 sky130_fd_sc_hd__clkdlybuf4s50_1 output buffers.
[INFO GPL-0022] Initialize gpl and calculate uniform density.
Placement density is 0.514999989271164, computed from PLACE_DENSITY_LB_ADDON  0.10 and lower bound 0.44999998807907104
global_placement -density 0.514999989271164 -pad_left 0 -pad_right 0 -routability_driven -timing_driven -force_center_initial_place -min_phi_coef 0.95 -max_phi_coef 1.05
[INFO GPL-0001] ---- Initialize GPL Main Data Structures
[INFO GPL-0002] DBU: 1000
[INFO GPL-0003] SiteSize: (  0.460  2.720 ) um
[INFO GPL-0004] CoreBBox: ( 10.120 10.880 ) ( 1889.680 1887.680 ) um
[INFO GPL-0016] Core area:                  3527558.208 um^2
[INFO GPL-0036] Movable instances area:     1447897.398 um^2
[INFO GPL-0037] Total instances area:       1506773.866 um^2
[INFO GPL-0035] Pin density area adjust:     81878.693 um^2
[INFO GPL-0032] ---- Initialize Region: Top-level
[INFO GPL-0006] Number of instances:            149773
[INFO GPL-0007] Movable instances:              102717
[INFO GPL-0008] Fixed instances:                 47056
[INFO GPL-0009] Dummy instances:                     0
[INFO GPL-0010] Number of nets:                 104382
[INFO GPL-0011] Number of pins:                 406330
[INFO GPL-0012] Die BBox:       (  0.000  0.000 ) ( 1900.000 1900.000 ) um
[INFO GPL-0013] Placement BBox: ( 10.120 10.880 ) ( 1889.680 1887.680 ) um
[INFO GPL-0014] Region name: top-level.
[INFO GPL-0015] Region area:                3527558.208 um^2
[INFO GPL-0017] Fixed instances area:        58876.467 um^2
[INFO GPL-0018] Movable instances area:     1529776.091 um^2
[INFO GPL-0019] Utilization:                    44.103 %
[INFO GPL-0020] Standard cells area:        1529776.091 um^2
[INFO GPL-0021] Large instances area:            0.000 um^2
[INFO GPL-0005] ---- Execute Conjugate Gradient Initial Placement.
[INFO GPL-0051] Source of initial instance position counters:
	Odb location = 0	Core center = 102717	Region center = 0
[InitialPlace]  Iter: 1 conjugate gradient residual: 0.00078641 HPWL: 3660207391
[InitialPlace]  Iter: 2 conjugate gradient residual: 0.00078410 HPWL: 1079870780
[InitialPlace]  Iter: 3 conjugate gradient residual: 0.00119211 HPWL: 1088228713
[InitialPlace]  Iter: 4 conjugate gradient residual: 0.00072734 HPWL: 1092400334
[InitialPlace]  Iter: 5 conjugate gradient residual: 0.00036291 HPWL: 1090737149
[InitialPlace]  Iter: 6 conjugate gradient residual: 0.00039897 HPWL: 1092328663
[InitialPlace]  Iter: 7 conjugate gradient residual: 0.00032637 HPWL: 1091107042
[InitialPlace]  Iter: 8 conjugate gradient residual: 0.00049317 HPWL: 1092438854
[InitialPlace]  Iter: 9 conjugate gradient residual: 0.00044633 HPWL: 1091268500
[InitialPlace]  Iter: 10 conjugate gradient residual: 0.00046579 HPWL: 1092479962
[InitialPlace]  Iter: 11 conjugate gradient residual: 0.00048729 HPWL: 1091091572
[InitialPlace]  Iter: 12 conjugate gradient residual: 0.00048269 HPWL: 1092476320
[InitialPlace]  Iter: 13 conjugate gradient residual: 0.00060154 HPWL: 1091244813
[InitialPlace]  Iter: 14 conjugate gradient residual: 0.00063481 HPWL: 1092514565
[InitialPlace]  Iter: 15 conjugate gradient residual: 0.00043439 HPWL: 1091279532
[InitialPlace]  Iter: 16 conjugate gradient residual: 0.00051110 HPWL: 1092452015
[InitialPlace]  Iter: 17 conjugate gradient residual: 0.00042840 HPWL: 1091166045
[InitialPlace]  Iter: 18 conjugate gradient residual: 0.00044916 HPWL: 1092468589
[InitialPlace]  Iter: 19 conjugate gradient residual: 0.00037577 HPWL: 1091303717
[InitialPlace]  Iter: 20 conjugate gradient residual: 0.00031146 HPWL: 1092405041
[INFO GPL-0033] ---- Initialize Nesterov Region: Top-level
[INFO GPL-0023] Placement target density:       0.5150
[INFO GPL-0024] Movable insts average area:     14.893 um^2
[INFO GPL-0025] Ideal bin area:                 28.919 um^2
[INFO GPL-0026] Ideal bin count:                121982
[INFO GPL-0027] Total bin area:             3527558.208 um^2
[INFO GPL-0028] Bin count (X, Y):         256 ,    256
[INFO GPL-0029] Bin size (W * H):       7.342 *  7.331 um
[INFO GPL-0030] Number of bins:                  65536
[INFO GPL-0084] ---- Execute Nesterov Global Placement.
[INFO GPL-0031] HPWL: Half-Perimeter Wirelength
Iteration | Overflow |     HPWL (um) |  HPWL(%) |   Penalty | Group
---------------------------------------------------------------
        0 |   0.9992 |  1.511856e+05 |   +0.00% |  6.18e-18 |      
       10 |   0.9973 |  1.862343e+05 |  +23.18% |  1.00e-17 |      
       20 |   0.9965 |  2.090071e+05 |  +12.23% |  1.63e-17 |      
       30 |   0.9961 |  2.218649e+05 |   +6.15% |  2.65e-17 |      
       40 |   0.9959 |  2.321656e+05 |   +4.64% |  4.31e-17 |      
       50 |   0.9959 |  2.376254e+05 |   +2.35% |  7.02e-17 |      
       60 |   0.9959 |  2.395654e+05 |   +0.82% |  1.14e-16 |      
       70 |   0.9958 |  2.399440e+05 |   +0.16% |  1.86e-16 |      
       80 |   0.9957 |  2.399078e+05 |   -0.02% |  3.03e-16 |      
       90 |   0.9956 |  2.401044e+05 |   +0.08% |  4.94e-16 |      
      100 |   0.9956 |  2.407526e+05 |   +0.27% |  8.04e-16 |      
      110 |   0.9956 |  2.418010e+05 |   +0.44% |  1.31e-15 |      
      120 |   0.9955 |  2.431232e+05 |   +0.55% |  2.13e-15 |      
      130 |   0.9954 |  2.445983e+05 |   +0.61% |  3.48e-15 |      
      140 |   0.9953 |  2.461571e+05 |   +0.64% |  5.66e-15 |      
      150 |   0.9952 |  2.478942e+05 |   +0.71% |  9.22e-15 |      
      160 |   0.9951 |  2.501846e+05 |   +0.92% |  1.50e-14 |      
      170 |   0.9949 |  2.538414e+05 |   +1.46% |  2.44e-14 |      
      180 |   0.9946 |  2.608223e+05 |   +2.75% |  3.98e-14 |      
      190 |   0.9941 |  2.752674e+05 |   +5.54% |  6.47e-14 |      
      200 |   0.9934 |  3.028818e+05 |  +10.03% |  1.05e-13 |      
      210 |   0.9919 |  3.484581e+05 |  +15.05% |  1.70e-13 |      
      220 |   0.9897 |  4.121369e+05 |  +18.27% |  2.76e-13 |      
      230 |   0.9862 |  4.902438e+05 |  +18.95% |  4.45e-13 |      
      240 |   0.9809 |  5.814731e+05 |  +18.61% |  7.18e-13 |      
      250 |   0.9739 |  6.943150e+05 |  +19.41% |  1.16e-12 |      
      260 |   0.9648 |  8.373932e+05 |  +20.61% |  1.85e-12 |      
      270 |   0.9526 |  1.026365e+06 |  +22.57% |  2.96e-12 |      
      280 |   0.9355 |  1.277546e+06 |  +24.47% |  4.69e-12 |      
      290 |   0.9148 |  1.541297e+06 |  +20.65% |  7.43e-12 |      
      300 |   0.8919 |  1.763829e+06 |  +14.44% |  1.18e-11 |      
      310 |   0.8644 |  1.975207e+06 |  +11.98% |  1.88e-11 |      
      320 |   0.8326 |  2.161778e+06 |   +9.45% |  3.00e-11 |      
      330 |   0.7958 |  2.326536e+06 |   +7.62% |  4.79e-11 |      
      340 |   0.7593 |  2.469223e+06 |   +6.13% |  7.69e-11 |      
      350 |   0.7213 |  2.603488e+06 |   +5.44% |  1.23e-10 |      
      360 |   0.6816 |  2.693591e+06 |   +3.46% |  1.99e-10 |      
      370 |   0.6422 |  2.805701e+06 |   +4.16% |  3.20e-10 |      
[INFO GPL-0100] Timing-driven iteration 1/2, virtual: false.
[INFO GPL-0101]    Iter: 373, overflow: 0.635, keep resizer changes at: 1, HPWL: 2819098038
Iteration |   Area    | Resized | Buffers | Nets repaired | Remaining
---------------------------------------------------------------------
        0 |     +0.0% |       0 |       0 |             0 |    104827
    final |     +4.3% |    1876 |    6687 |          1633 |         0
---------------------------------------------------------------------
[INFO RSZ-0034] Found 1357 slew violations.
[INFO RSZ-0035] Found 1323 fanout violations.
[INFO RSZ-0036] Found 57 capacitance violations.
[INFO RSZ-0039] Resized 1876 instances.
[INFO RSZ-0038] Inserted 6687 buffers in 1633 nets.
   Iter   |    Area   | Removed | Inserted |   Pins
          |           | Buffers | Buffers  | Remaining
-------------------------------------------------------
        0 |     +0.0% |       0 |        0 |    103259
    10300 |     +1.1% |     238 |     2206 |     92959
    20600 |     +3.8% |    1661 |     7039 |     82659
    30900 |     +4.8% |    2744 |     9872 |     72359
    41200 |     +5.2% |    3305 |    11248 |     62059
    51500 |     +5.3% |    3663 |    11997 |     51759
    61800 |     +5.5% |    3998 |    12762 |     41459
    72100 |     +5.9% |    4927 |    14329 |     31159
    82400 |     +5.9% |    6047 |    15768 |     20859
    92700 |     +5.9% |    6315 |    16100 |     10559
   103000 |     +5.9% |    6328 |    16115 |       259
    final |     +5.8% |    6687 |    16449 |         0
-------------------------------------------------------
[INFO GPL-0106] Timing-driven: worst slack -2.4367893e-08
[INFO GPL-0107] Timing-driven: repair_design delta area: 155542.094 um^2 (+10.17%)
[INFO GPL-0108] Timing-driven: repair_design, gpl delta gcells: 16449 (+16.01%)
[INFO GPL-0109] Timing-driven: repair_design, gcells created: 23136, deleted: 6687
[INFO GPL-0110] Timing-driven: new target density: 0.5598418
[INFO GPL-0038] Routability snapshot saved at iter = 376
      375 |   0.5972 |  4.144753e+06 |          |           |      
Iteration | Overflow |     HPWL (um) |  HPWL(%) |   Penalty | Group
---------------------------------------------------------------
      380 |   0.5799 |  4.374999e+06 |  +55.93% |  4.52e-10 |      
      390 |   0.5853 |  4.357046e+06 |   -0.41% |  7.32e-10 |      
      400 |   0.5618 |  4.503717e+06 |   +3.37% |  1.17e-09 |      
      410 |   0.5181 |  4.599546e+06 |   +2.13% |  1.89e-09 |      
      420 |   0.4720 |  4.645048e+06 |   +0.99% |  3.06e-09 |      
      430 |   0.4296 |  4.706127e+06 |   +1.31% |  4.96e-09 |      
      440 |   0.3895 |  4.818489e+06 |   +2.39% |  7.98e-09 |      
      450 |   0.3547 |  4.865971e+06 |   +0.99% |  1.29e-08 |      
      460 |   0.3190 |  4.878834e+06 |   +0.26% |  1.96e-08 |      
[INFO GPL-0040] Routability iteration: 1
[WARNING GRT-0281] Net clk1 has a large fanout of 28504 terminals.
[WARNING GRT-0281] Net clk_s2 has a large fanout of 1055 terminals.
[WARNING GRT-0281] Net clk_s8 has a large fanout of 2138 terminals.
[INFO GPL-0041] Total routing overflow: 633.1419
[INFO GPL-0042] Number of overflowed tiles: 3644 (4.82%)
[INFO GPL-0043] Average top 0.5% routing congestion: 1.9031
[INFO GPL-0044] Average top 1.0% routing congestion: 1.5764
[INFO GPL-0045] Average top 2.0% routing congestion: 1.3591
[INFO GPL-0046] Average top 5.0% routing congestion: 1.1673
[INFO GPL-0047] Routability iteration weighted routing congestion: 1.7398
[INFO GPL-0048] Routing congestion (1.7398) lower than previous minimum (1e+30). Updating minimum.
[INFO GPL-0086] Inflated area:              101640.828 um^2 (+6.03%)
[INFO GPL-0052] Placement target density:       0.5598
[INFO GPL-0076] Removing fillers, count: Before: 16352, After: 9875 (-39.61%)
[INFO GPL-0077] Filler area (um^2)     : Before: 256595.022, After: 154957.858 (-39.61%)
[INFO GPL-0078] Removed fillers count: 6477, area removed: 101636.663 um^2. Remaining area to be compensated by modifying density: 4.162 um^2
[INFO GPL-0058] White space area:           3468681.741 um^2 (+0.00%)
[INFO GPL-0059] Movable instances area:     1941913.076 um^2 (+0.00%)
[INFO GPL-0060] Total filler area:          154957.858 um^2 (-39.61%)
[INFO GPL-0061] Total non-inflated area:    1941916.869 um^2 (+0.00%)
[INFO GPL-0062] Total inflated area:        2043557.694 um^2 (+0.00%)
[INFO GPL-0063] New Target Density:             0.5598
[INFO GPL-0087] Routability end iteration: increase inflation and revert back to snapshot.
Iteration | Overflow |     HPWL (um) |  HPWL(%) |   Penalty | Group
---------------------------------------------------------------
      470 |   0.6009 |  4.311929e+06 |  -11.62% |  4.09e-10 |      
      480 |   0.5958 |  4.410575e+06 |   +2.29% |  5.94e-10 |      
      490 |   0.5835 |  4.551142e+06 |   +3.19% |  8.65e-10 |      
      500 |   0.5552 |  4.666790e+06 |   +2.54% |  1.26e-09 |      
      510 |   0.5194 |  4.695209e+06 |   +0.61% |  1.85e-09 |      
      520 |   0.4874 |  4.693529e+06 |   -0.04% |  2.73e-09 |      
      530 |   0.4545 |  4.757155e+06 |   +1.36% |  4.00e-09 |      
      540 |   0.4205 |  4.840678e+06 |   +1.76% |  5.84e-09 |      
      550 |   0.3948 |  4.869347e+06 |   +0.59% |  8.59e-09 |      
      560 |   0.3601 |  4.931553e+06 |   +1.28% |  1.26e-08 |      
      570 |   0.3289 |  4.895856e+06 |   -0.72% |  1.85e-08 |      
[INFO GPL-0040] Routability iteration: 2
[INFO GPL-0041] Total routing overflow: 182.7093
[INFO GPL-0042] Number of overflowed tiles: 2431 (3.21%)
[INFO GPL-0043] Average top 0.5% routing congestion: 1.2046
[INFO GPL-0044] Average top 1.0% routing congestion: 1.1589
[INFO GPL-0045] Average top 2.0% routing congestion: 1.1101
[INFO GPL-0046] Average top 5.0% routing congestion: 1.0412
[INFO GPL-0047] Routability iteration weighted routing congestion: 1.1817
[INFO GPL-0048] Routing congestion (1.1817) lower than previous minimum (1.74). Updating minimum.
[INFO GPL-0086] Inflated area:               24197.695 um^2 (+1.35%)
[INFO GPL-0052] Placement target density:       0.5598
[INFO GPL-0076] Removing fillers, count: Before: 9875, After: 8333 (-15.62%)
[INFO GPL-0077] Filler area (um^2)     : Before: 154957.858, After: 130760.894 (-15.62%)
[INFO GPL-0078] Removed fillers count: 1542, area removed: 24196.964 um^2. Remaining area to be compensated by modifying density: 0.731 um^2
[INFO GPL-0058] White space area:           3468681.741 um^2 (+0.00%)
[INFO GPL-0059] Movable instances area:     1941913.076 um^2 (+0.00%)
[INFO GPL-0060] Total filler area:          130760.894 um^2 (-15.62%)
[INFO GPL-0061] Total non-inflated area:    1941917.600 um^2 (+0.00%)
[INFO GPL-0062] Total inflated area:        1966115.296 um^2 (+0.00%)
[INFO GPL-0063] New Target Density:             0.5598
[INFO GPL-0087] Routability end iteration: increase inflation and revert back to snapshot.
Iteration | Overflow |     HPWL (um) |  HPWL(%) |   Penalty | Group
---------------------------------------------------------------
      580 |   0.6131 |  4.192660e+06 |  -14.36% |  3.80e-10 |      
      590 |   0.5985 |  4.419877e+06 |   +5.42% |  5.49e-10 |      
      600 |   0.5874 |  4.551697e+06 |   +2.98% |  8.00e-10 |      
      610 |   0.5617 |  4.703238e+06 |   +3.33% |  1.16e-09 |      
      620 |   0.5278 |  4.747707e+06 |   +0.95% |  1.70e-09 |      
      630 |   0.4945 |  4.746774e+06 |   -0.02% |  2.51e-09 |      
      640 |   0.4612 |  4.800394e+06 |   +1.13% |  3.68e-09 |      
      650 |   0.4276 |  4.892551e+06 |   +1.92% |  5.38e-09 |      
      660 |   0.4020 |  4.921528e+06 |   +0.59% |  7.91e-09 |      
      670 |   0.3659 |  4.996244e+06 |   +1.52% |  1.16e-08 |      
      680 |   0.3347 |  4.965746e+06 |   -0.61% |  1.70e-08 |      
      690 |   0.3015 |  4.961514e+06 |   -0.09% |  2.51e-08 |      
[INFO GPL-0040] Routability iteration: 3
[INFO GPL-0041] Total routing overflow: 143.6630
[INFO GPL-0042] Number of overflowed tiles: 2209 (2.92%)
[INFO GPL-0043] Average top 0.5% routing congestion: 1.1673
[INFO GPL-0044] Average top 1.0% routing congestion: 1.1294
[INFO GPL-0045] Average top 2.0% routing congestion: 1.0888
[INFO GPL-0046] Average top 5.0% routing congestion: 1.0283
[INFO GPL-0047] Routability iteration weighted routing congestion: 1.1483
[INFO GPL-0048] Routing congestion (1.1483) lower than previous minimum (1.182). Updating minimum.
[INFO GPL-0086] Inflated area:               17407.008 um^2 (+0.96%)
[INFO GPL-0052] Placement target density:       0.5598
[INFO GPL-0076] Removing fillers, count: Before: 8333, After: 7224 (-13.31%)
[INFO GPL-0077] Filler area (um^2)     : Before: 130760.894, After: 113358.538 (-13.31%)
[INFO GPL-0078] Removed fillers count: 1109, area removed: 17402.356 um^2. Remaining area to be compensated by modifying density: 4.651 um^2
[INFO GPL-0058] White space area:           3468681.741 um^2 (+0.00%)
[INFO GPL-0059] Movable instances area:     1941913.076 um^2 (+0.00%)
[INFO GPL-0060] Total filler area:          113358.538 um^2 (-13.31%)
[INFO GPL-0061] Total non-inflated area:    1941922.251 um^2 (+0.00%)
[INFO GPL-0062] Total inflated area:        1959329.258 um^2 (+0.00%)
[INFO GPL-0063] New Target Density:             0.5598
[INFO GPL-0087] Routability end iteration: increase inflation and revert back to snapshot.
Iteration | Overflow |     HPWL (um) |  HPWL(%) |   Penalty | Group
---------------------------------------------------------------
      700 |   0.6004 |  4.422755e+06 |  -10.86% |  5.08e-10 |      
      710 |   0.5907 |  4.540054e+06 |   +2.65% |  7.41e-10 |      
      720 |   0.5669 |  4.720202e+06 |   +3.97% |  1.07e-09 |      
      730 |   0.5344 |  4.785836e+06 |   +1.39% |  1.57e-09 |      
      740 |   0.5015 |  4.787928e+06 |   +0.04% |  2.31e-09 |      
      750 |   0.4679 |  4.831562e+06 |   +0.91% |  3.40e-09 |      
      760 |   0.4339 |  4.932607e+06 |   +2.09% |  4.96e-09 |      
      770 |   0.4083 |  4.959678e+06 |   +0.55% |  7.29e-09 |      
      780 |   0.3728 |  5.041774e+06 |   +1.66% |  1.07e-08 |      
      790 |   0.3417 |  5.025379e+06 |   -0.33% |  1.57e-08 |      
      800 |   0.3095 |  5.019179e+06 |   -0.12% |  2.31e-08 |      
[INFO GPL-0040] Routability iteration: 4
[INFO GPL-0041] Total routing overflow: 143.3299
[INFO GPL-0042] Number of overflowed tiles: 2210 (2.92%)
[INFO GPL-0043] Average top 0.5% routing congestion: 1.1654
[INFO GPL-0044] Average top 1.0% routing congestion: 1.1291
[INFO GPL-0045] Average top 2.0% routing congestion: 1.0889
[INFO GPL-0046] Average top 5.0% routing congestion: 1.0282
[INFO GPL-0047] Routability iteration weighted routing congestion: 1.1473
[INFO GPL-0048] Routing congestion (1.1473) lower than previous minimum (1.148). Updating minimum.
[INFO GPL-0086] Inflated area:               17145.857 um^2 (+0.94%)
[INFO GPL-0052] Placement target density:       0.5598
[INFO GPL-0076] Removing fillers, count: Before: 7224, After: 6132 (-15.12%)
[INFO GPL-0077] Filler area (um^2)     : Before: 113358.538, After: 96222.945 (-15.12%)
[INFO GPL-0078] Removed fillers count: 1092, area removed: 17135.593 um^2. Remaining area to be compensated by modifying density: 10.264 um^2
[INFO GPL-0058] White space area:           3468681.741 um^2 (+0.00%)
[INFO GPL-0059] Movable instances area:     1941913.076 um^2 (+0.00%)
[INFO GPL-0060] Total filler area:           96222.945 um^2 (-15.12%)
[INFO GPL-0061] Total non-inflated area:    1941932.516 um^2 (+0.00%)
[INFO GPL-0062] Total inflated area:        1959078.373 um^2 (+0.00%)
[INFO GPL-0063] New Target Density:             0.5598
[INFO GPL-0087] Routability end iteration: increase inflation and revert back to snapshot.
Iteration | Overflow |     HPWL (um) |  HPWL(%) |   Penalty | Group
---------------------------------------------------------------
      810 |   0.6037 |  4.409481e+06 |  -12.15% |  4.71e-10 |      
      820 |   0.5931 |  4.531072e+06 |   +2.76% |  6.86e-10 |      
      830 |   0.5724 |  4.726028e+06 |   +4.30% |  9.94e-10 |      
      840 |   0.5408 |  4.820640e+06 |   +2.00% |  1.45e-09 |      
      850 |   0.5079 |  4.831669e+06 |   +0.23% |  2.13e-09 |      
      860 |   0.4743 |  4.865960e+06 |   +0.71% |  3.13e-09 |      
      870 |   0.4401 |  4.969846e+06 |   +2.13% |  4.58e-09 |      
      880 |   0.4133 |  4.997968e+06 |   +0.57% |  6.72e-09 |      
      890 |   0.3799 |  5.079112e+06 |   +1.62% |  9.84e-09 |      
      900 |   0.3469 |  5.087998e+06 |   +0.17% |  1.44e-08 |      
      910 |   0.3147 |  5.070010e+06 |   -0.35% |  2.13e-08 |      
[INFO GPL-0040] Routability iteration: 5
[INFO GPL-0041] Total routing overflow: 113.2579
[INFO GPL-0042] Number of overflowed tiles: 1999 (2.64%)
[INFO GPL-0043] Average top 0.5% routing congestion: 1.1396
[INFO GPL-0044] Average top 1.0% routing congestion: 1.1077
[INFO GPL-0045] Average top 2.0% routing congestion: 1.0720
[INFO GPL-0046] Average top 5.0% routing congestion: 1.0178
[INFO GPL-0047] Routability iteration weighted routing congestion: 1.1236
[INFO GPL-0048] Routing congestion (1.1236) lower than previous minimum (1.147). Updating minimum.
[INFO GPL-0086] Inflated area:               12278.765 um^2 (+0.67%)
[INFO GPL-0052] Placement target density:       0.5598
[INFO GPL-0076] Removing fillers, count: Before: 6132, After: 5350 (-12.75%)
[INFO GPL-0077] Filler area (um^2)     : Before: 96222.945, After: 83951.852 (-12.75%)
[INFO GPL-0078] Removed fillers count: 782, area removed: 12271.093 um^2. Remaining area to be compensated by modifying density: 7.671 um^2
[INFO GPL-0058] White space area:           3468681.741 um^2 (+0.00%)
[INFO GPL-0059] Movable instances area:     1941913.076 um^2 (+0.00%)
[INFO GPL-0060] Total filler area:           83951.852 um^2 (-12.75%)
[INFO GPL-0061] Total non-inflated area:    1941940.187 um^2 (+0.00%)
[INFO GPL-0062] Total inflated area:        1954218.952 um^2 (+0.00%)
[INFO GPL-0063] New Target Density:             0.5598
[INFO GPL-0087] Routability end iteration: increase inflation and revert back to snapshot.
Iteration | Overflow |     HPWL (um) |  HPWL(%) |   Penalty | Group
---------------------------------------------------------------
      920 |   0.6103 |  4.334336e+06 |  -14.51% |  4.23e-10 |      
      930 |   0.5962 |  4.504319e+06 |   +3.92% |  6.12e-10 |      
      940 |   0.5800 |  4.693062e+06 |   +4.19% |  8.87e-10 |      
      950 |   0.5510 |  4.831111e+06 |   +2.94% |  1.29e-09 |      
      960 |   0.5191 |  4.860773e+06 |   +0.61% |  1.89e-09 |      
      970 |   0.4849 |  4.879567e+06 |   +0.39% |  2.79e-09 |      
      980 |   0.4507 |  4.976549e+06 |   +1.99% |  4.07e-09 |      
      990 |   0.4212 |  5.026693e+06 |   +1.01% |  5.97e-09 |      
     1000 |   0.3927 |  5.085575e+06 |   +1.17% |  8.76e-09 |      
     1010 |   0.3558 |  5.141649e+06 |   +1.10% |  1.28e-08 |      
     1020 |   0.3260 |  5.105533e+06 |   -0.70% |  1.89e-08 |      
[INFO GPL-0040] Routability iteration: 6
[INFO GPL-0041] Total routing overflow: 106.6554
[INFO GPL-0042] Number of overflowed tiles: 1912 (2.53%)
[INFO GPL-0043] Average top 0.5% routing congestion: 1.1357
[INFO GPL-0044] Average top 1.0% routing congestion: 1.1033
[INFO GPL-0045] Average top 2.0% routing congestion: 1.0685
[INFO GPL-0046] Average top 5.0% routing congestion: 1.0155
[INFO GPL-0047] Routability iteration weighted routing congestion: 1.1195
[INFO GPL-0048] Routing congestion (1.1195) lower than previous minimum (1.124). Updating minimum.
[INFO GPL-0086] Inflated area:               11934.096 um^2 (+0.64%)
[INFO GPL-0052] Placement target density:       0.5598
[INFO GPL-0076] Removing fillers, count: Before: 5350, After: 4590 (-14.21%)
[INFO GPL-0077] Filler area (um^2)     : Before: 83951.852, After: 72025.982 (-14.21%)
[INFO GPL-0078] Removed fillers count: 760, area removed: 11925.871 um^2. Remaining area to be compensated by modifying density: 8.225 um^2
[INFO GPL-0058] White space area:           3468681.741 um^2 (+0.00%)
[INFO GPL-0059] Movable instances area:     1941913.076 um^2 (+0.00%)
[INFO GPL-0060] Total filler area:           72025.982 um^2 (-14.21%)
[INFO GPL-0061] Total non-inflated area:    1941948.412 um^2 (+0.00%)
[INFO GPL-0062] Total inflated area:        1953882.507 um^2 (+0.00%)
[INFO GPL-0063] New Target Density:             0.5598
[INFO GPL-0087] Routability end iteration: increase inflation and revert back to snapshot.
Iteration | Overflow |     HPWL (um) |  HPWL(%) |   Penalty | Group
---------------------------------------------------------------
     1030 |   0.6236 |  4.180616e+06 |  -18.12% |  3.80e-10 |      
     1040 |   0.6012 |  4.477464e+06 |   +7.10% |  5.46e-10 |      
     1050 |   0.5860 |  4.647624e+06 |   +3.80% |  7.93e-10 |      
     1060 |   0.5605 |  4.830831e+06 |   +3.94% |  1.15e-09 |      
     1070 |   0.5275 |  4.891413e+06 |   +1.25% |  1.68e-09 |      
     1080 |   0.4951 |  4.898497e+06 |   +0.14% |  2.48e-09 |      
     1090 |   0.4612 |  4.978412e+06 |   +1.63% |  3.63e-09 |      
     1100 |   0.4283 |  5.054490e+06 |   +1.53% |  5.30e-09 |      
     1110 |   0.4034 |  5.086845e+06 |   +0.64% |  7.79e-09 |      
     1120 |   0.3645 |  5.190058e+06 |   +2.03% |  1.14e-08 |      
     1130 |   0.3362 |  5.147978e+06 |   -0.81% |  1.67e-08 |      
     1140 |   0.3026 |  5.149957e+06 |   +0.04% |  2.46e-08 |      
[INFO GPL-0040] Routability iteration: 7
[INFO GPL-0041] Total routing overflow: 100.0670
[INFO GPL-0042] Number of overflowed tiles: 1820 (2.41%)
[INFO GPL-0043] Average top 0.5% routing congestion: 1.1338
[INFO GPL-0044] Average top 1.0% routing congestion: 1.1010
[INFO GPL-0045] Average top 2.0% routing congestion: 1.0651
[INFO GPL-0046] Average top 5.0% routing congestion: 1.0122
[INFO GPL-0047] Routability iteration weighted routing congestion: 1.1174
[INFO GPL-0048] Routing congestion (1.1174) lower than previous minimum (1.119). Updating minimum.
[INFO GPL-0086] Inflated area:               11298.881 um^2 (+0.60%)
[INFO GPL-0052] Placement target density:       0.5598
[INFO GPL-0076] Removing fillers, count: Before: 4590, After: 3870 (-15.69%)
[INFO GPL-0077] Filler area (um^2)     : Before: 72025.982, After: 60727.788 (-15.69%)
[INFO GPL-0078] Removed fillers count: 720, area removed: 11298.193 um^2. Remaining area to be compensated by modifying density: 0.687 um^2
[INFO GPL-0058] White space area:           3468681.741 um^2 (+0.00%)
[INFO GPL-0059] Movable instances area:     1941913.076 um^2 (+0.00%)
[INFO GPL-0060] Total filler area:           60727.788 um^2 (-15.69%)
[INFO GPL-0061] Total non-inflated area:    1941949.099 um^2 (+0.00%)
[INFO GPL-0062] Total inflated area:        1953247.980 um^2 (+0.00%)
[INFO GPL-0063] New Target Density:             0.5598
[INFO GPL-0087] Routability end iteration: increase inflation and revert back to snapshot.
Iteration | Overflow |     HPWL (um) |  HPWL(%) |   Penalty | Group
---------------------------------------------------------------
     1150 |   0.6056 |  4.446458e+06 |  -13.66% |  4.88e-10 |      
     1160 |   0.5911 |  4.600708e+06 |   +3.47% |  7.09e-10 |      
     1170 |   0.5693 |  4.810699e+06 |   +4.56% |  1.02e-09 |      
     1180 |   0.5370 |  4.912581e+06 |   +2.12% |  1.49e-09 |      
     1190 |   0.5054 |  4.921254e+06 |   +0.18% |  2.20e-09 |      
     1200 |   0.4734 |  4.972811e+06 |   +1.05% |  3.23e-09 |      
     1210 |   0.4369 |  5.080048e+06 |   +2.16% |  4.71e-09 |      
     1220 |   0.4136 |  5.093053e+06 |   +0.26% |  6.93e-09 |      
     1230 |   0.3766 |  5.206286e+06 |   +2.22% |  1.01e-08 |      
     1240 |   0.3461 |  5.195209e+06 |   -0.21% |  1.48e-08 |      
     1250 |   0.3130 |  5.195971e+06 |   +0.01% |  2.19e-08 |      
[INFO GPL-0040] Routability iteration: 8
[INFO GPL-0041] Total routing overflow: 93.8473
[INFO GPL-0042] Number of overflowed tiles: 1757 (2.32%)
[INFO GPL-0043] Average top 0.5% routing congestion: 1.1254
[INFO GPL-0044] Average top 1.0% routing congestion: 1.0954
[INFO GPL-0045] Average top 2.0% routing congestion: 1.0613
[INFO GPL-0046] Average top 5.0% routing congestion: 1.0100
[INFO GPL-0047] Routability iteration weighted routing congestion: 1.1104
[INFO GPL-0048] Routing congestion (1.1104) lower than previous minimum (1.117). Updating minimum.
[INFO GPL-0086] Inflated area:               10656.168 um^2 (+0.57%)
[INFO GPL-0052] Placement target density:       0.5598
[INFO GPL-0076] Removing fillers, count: Before: 3870, After: 3191 (-17.55%)
[INFO GPL-0077] Filler area (um^2)     : Before: 60727.788, After: 50072.965 (-17.55%)
[INFO GPL-0078] Removed fillers count: 679, area removed: 10654.824 um^2. Remaining area to be compensated by modifying density: 1.344 um^2
[INFO GPL-0058] White space area:           3468681.741 um^2 (+0.00%)
[INFO GPL-0059] Movable instances area:     1941913.076 um^2 (+0.00%)
[INFO GPL-0060] Total filler area:           50072.965 um^2 (-17.55%)
[INFO GPL-0061] Total non-inflated area:    1941950.443 um^2 (+0.00%)
[INFO GPL-0062] Total inflated area:        1952606.611 um^2 (+0.00%)
[INFO GPL-0063] New Target Density:             0.5598
[INFO GPL-0087] Routability end iteration: increase inflation and revert back to snapshot.
Iteration | Overflow |     HPWL (um) |  HPWL(%) |   Penalty | Group
---------------------------------------------------------------
     1260 |   0.6107 |  4.408994e+06 |  -15.15% |  4.53e-10 |      
     1270 |   0.5931 |  4.580740e+06 |   +3.90% |  6.57e-10 |      
     1280 |   0.5744 |  4.796252e+06 |   +4.70% |  9.50e-10 |      
     1290 |   0.5433 |  4.928916e+06 |   +2.77% |  1.38e-09 |      
     1300 |   0.5127 |  4.949497e+06 |   +0.42% |  2.03e-09 |      
     1310 |   0.4804 |  4.983177e+06 |   +0.68% |  2.98e-09 |      
     1320 |   0.4428 |  5.101501e+06 |   +2.37% |  4.35e-09 |      
     1330 |   0.4181 |  5.113737e+06 |   +0.24% |  6.39e-09 |      
     1340 |   0.3840 |  5.213729e+06 |   +1.96% |  9.35e-09 |      
     1350 |   0.3515 |  5.243703e+06 |   +0.57% |  1.37e-08 |      
     1360 |   0.3184 |  5.229114e+06 |   -0.28% |  2.02e-08 |      
[INFO GPL-0040] Routability iteration: 9
[INFO GPL-0041] Total routing overflow: 87.3036
[INFO GPL-0042] Number of overflowed tiles: 1682 (2.22%)
[INFO GPL-0043] Average top 0.5% routing congestion: 1.1222
[INFO GPL-0044] Average top 1.0% routing congestion: 1.0915
[INFO GPL-0045] Average top 2.0% routing congestion: 1.0574
[INFO GPL-0046] Average top 5.0% routing congestion: 1.0072
[INFO GPL-0047] Routability iteration weighted routing congestion: 1.1069
[INFO GPL-0048] Routing congestion (1.1069) lower than previous minimum (1.11). Updating minimum.
[INFO GPL-0086] Inflated area:                9597.312 um^2 (+0.51%)
[INFO GPL-0052] Placement target density:       0.5598
[INFO GPL-0076] Removing fillers, count: Before: 3191, After: 2580 (-19.15%)
[INFO GPL-0077] Filler area (um^2)     : Before: 50072.965, After: 40485.192 (-19.15%)
[INFO GPL-0078] Removed fillers count: 611, area removed: 9587.772 um^2. Remaining area to be compensated by modifying density: 9.540 um^2
[INFO GPL-0058] White space area:           3468681.741 um^2 (+0.00%)
[INFO GPL-0059] Movable instances area:     1941913.076 um^2 (+0.00%)
[INFO GPL-0060] Total filler area:           40485.192 um^2 (-19.15%)
[INFO GPL-0061] Total non-inflated area:    1941959.983 um^2 (+0.00%)
[INFO GPL-0062] Total inflated area:        1951557.295 um^2 (+0.00%)
[INFO GPL-0063] New Target Density:             0.5598
[INFO GPL-0087] Routability end iteration: increase inflation and revert back to snapshot.
Iteration | Overflow |     HPWL (um) |  HPWL(%) |   Penalty | Group
---------------------------------------------------------------
     1370 |   0.6213 |  4.255474e+06 |  -18.62% |  4.08e-10 |      
     1380 |   0.5974 |  4.542535e+06 |   +6.75% |  5.86e-10 |      
     1390 |   0.5803 |  4.746805e+06 |   +4.50% |  8.49e-10 |      
     1400 |   0.5528 |  4.928590e+06 |   +3.83% |  1.23e-09 |      
     1410 |   0.5213 |  4.977820e+06 |   +1.00% |  1.80e-09 |      
     1420 |   0.4908 |  4.989595e+06 |   +0.24% |  2.65e-09 |      
     1430 |   0.4530 |  5.105352e+06 |   +2.32% |  3.87e-09 |      
     1440 |   0.4249 |  5.141085e+06 |   +0.70% |  5.68e-09 |      
     1450 |   0.3957 |  5.195339e+06 |   +1.06% |  8.33e-09 |      
     1460 |   0.3574 |  5.292376e+06 |   +1.87% |  1.22e-08 |      
     1470 |   0.3290 |  5.253643e+06 |   -0.73% |  1.79e-08 |      
     1480 |   0.2982 |  5.245151e+06 |   -0.16% |  2.63e-08 |      
[INFO GPL-0040] Routability iteration: 10
[INFO GPL-0041] Total routing overflow: 79.5742
[INFO GPL-0042] Number of overflowed tiles: 1638 (2.17%)
[INFO GPL-0043] Average top 0.5% routing congestion: 1.1117
[INFO GPL-0044] Average top 1.0% routing congestion: 1.0841
[INFO GPL-0045] Average top 2.0% routing congestion: 1.0524
[INFO GPL-0046] Average top 5.0% routing congestion: 1.0049
[INFO GPL-0047] Routability iteration weighted routing congestion: 1.0979
[INFO GPL-0048] Routing congestion (1.0979) lower than previous minimum (1.107). Updating minimum.
[INFO GPL-0086] Inflated area:                8826.472 um^2 (+0.46%)
[INFO GPL-0052] Placement target density:       0.5598
[INFO GPL-0076] Removing fillers, count: Before: 2580, After: 2018 (-21.78%)
[INFO GPL-0077] Filler area (um^2)     : Before: 40485.192, After: 31666.325 (-21.78%)
[INFO GPL-0078] Removed fillers count: 562, area removed: 8818.867 um^2. Remaining area to be compensated by modifying density: 7.605 um^2
[INFO GPL-0058] White space area:           3468681.741 um^2 (+0.00%)
[INFO GPL-0059] Movable instances area:     1941913.076 um^2 (+0.00%)
[INFO GPL-0060] Total filler area:           31666.325 um^2 (-21.78%)
[INFO GPL-0061] Total non-inflated area:    1941967.588 um^2 (+0.00%)
[INFO GPL-0062] Total inflated area:        1950794.060 um^2 (+0.00%)
[INFO GPL-0063] New Target Density:             0.5598
[INFO GPL-0087] Routability end iteration: increase inflation and revert back to snapshot.
Iteration | Overflow |     HPWL (um) |  HPWL(%) |   Penalty | Group
---------------------------------------------------------------
     1490 |   0.6043 |  4.507027e+06 |  -14.07% |  5.24e-10 |      
     1500 |   0.5864 |  4.692199e+06 |   +4.11% |  7.60e-10 |      
     1510 |   0.5626 |  4.909146e+06 |   +4.62% |  1.10e-09 |      
     1520 |   0.5304 |  4.999178e+06 |   +1.83% |  1.60e-09 |      
     1530 |   0.5021 |  5.000889e+06 |   +0.03% |  2.36e-09 |      
     1540 |   0.4652 |  5.094136e+06 |   +1.86% |  3.45e-09 |      
     1550 |   0.4332 |  5.168439e+06 |   +1.46% |  5.04e-09 |      
     1560 |   0.4076 |  5.185344e+06 |   +0.33% |  7.42e-09 |      
     1570 |   0.3674 |  5.316000e+06 |   +2.52% |  1.08e-08 |      
     1580 |   0.3411 |  5.276486e+06 |   -0.74% |  1.59e-08 |      
     1590 |   0.3057 |  5.298557e+06 |   +0.42% |  2.34e-08 |      
[INFO GPL-0040] Routability iteration: 11
[INFO GPL-0041] Total routing overflow: 77.9586
[INFO GPL-0042] Number of overflowed tiles: 1612 (2.13%)
[INFO GPL-0043] Average top 0.5% routing congestion: 1.1100
[INFO GPL-0044] Average top 1.0% routing congestion: 1.0822
[INFO GPL-0045] Average top 2.0% routing congestion: 1.0514
[INFO GPL-0046] Average top 5.0% routing congestion: 1.0037
[INFO GPL-0047] Routability iteration weighted routing congestion: 1.0961
[INFO GPL-0048] Routing congestion (1.0961) lower than previous minimum (1.098). Updating minimum.
[INFO GPL-0086] Inflated area:                8204.481 um^2 (+0.43%)
[INFO GPL-0052] Placement target density:       0.5598
[INFO GPL-0076] Removing fillers, count: Before: 2018, After: 1496 (-25.87%)
[INFO GPL-0077] Filler area (um^2)     : Before: 31666.325, After: 23475.135 (-25.87%)
[INFO GPL-0078] Removed fillers count: 522, area removed: 8191.190 um^2. Remaining area to be compensated by modifying density: 13.292 um^2
[INFO GPL-0058] White space area:           3468681.741 um^2 (+0.00%)
[INFO GPL-0059] Movable instances area:     1941913.076 um^2 (+0.00%)
[INFO GPL-0060] Total filler area:           23475.135 um^2 (-25.87%)
[INFO GPL-0061] Total non-inflated area:    1941980.879 um^2 (+0.00%)
[INFO GPL-0062] Total inflated area:        1950185.361 um^2 (+0.00%)
[INFO GPL-0063] New Target Density:             0.5598
[INFO GPL-0087] Routability end iteration: increase inflation and revert back to snapshot.
Iteration | Overflow |     HPWL (um) |  HPWL(%) |   Penalty | Group
---------------------------------------------------------------
     1600 |   0.6107 |  4.444244e+06 |  -16.12% |  4.69e-10 |      
     1610 |   0.5913 |  4.636046e+06 |   +4.32% |  6.79e-10 |      
     1620 |   0.5706 |  4.870478e+06 |   +5.06% |  9.80e-10 |      
     1630 |   0.5390 |  5.009585e+06 |   +2.86% |  1.43e-09 |      
     1640 |   0.5113 |  5.022756e+06 |   +0.26% |  2.10e-09 |      
     1650 |   0.4763 |  5.082229e+06 |   +1.18% |  3.07e-09 |      
     1660 |   0.4407 |  5.187904e+06 |   +2.08% |  4.48e-09 |      
     1670 |   0.4169 |  5.189071e+06 |   +0.02% |  6.60e-09 |      
     1680 |   0.3794 |  5.302697e+06 |   +2.19% |  9.64e-09 |      
     1690 |   0.3496 |  5.314284e+06 |   +0.22% |  1.41e-08 |      
     1700 |   0.3158 |  5.330647e+06 |   +0.31% |  2.08e-08 |      
[INFO GPL-0040] Routability iteration: 12
[INFO GPL-0041] Total routing overflow: 76.0502
[INFO GPL-0042] Number of overflowed tiles: 1640 (2.17%)
[INFO GPL-0043] Average top 0.5% routing congestion: 1.1059
[INFO GPL-0044] Average top 1.0% routing congestion: 1.0793
[INFO GPL-0045] Average top 2.0% routing congestion: 1.0501
[INFO GPL-0046] Average top 5.0% routing congestion: 1.0037
[INFO GPL-0047] Routability iteration weighted routing congestion: 1.0926
[INFO GPL-0048] Routing congestion (1.0926) lower than previous minimum (1.096). Updating minimum.
[INFO GPL-0086] Inflated area:                8476.120 um^2 (+0.44%)
[INFO GPL-0052] Placement target density:       0.5598
[INFO GPL-0076] Removing fillers, count: Before: 1496, After: 956 (-36.10%)
[INFO GPL-0077] Filler area (um^2)     : Before: 23475.135, After: 15001.490 (-36.10%)
[INFO GPL-0078] Removed fillers count: 540, area removed: 8473.645 um^2. Remaining area to be compensated by modifying density: 2.475 um^2
[INFO GPL-0058] White space area:           3468681.741 um^2 (+0.00%)
[INFO GPL-0059] Movable instances area:     1941913.076 um^2 (+0.00%)
[INFO GPL-0060] Total filler area:           15001.490 um^2 (-36.10%)
[INFO GPL-0061] Total non-inflated area:    1941983.354 um^2 (+0.00%)
[INFO GPL-0062] Total inflated area:        1950459.474 um^2 (+0.00%)
[INFO GPL-0063] New Target Density:             0.5598
[INFO GPL-0087] Routability end iteration: increase inflation and revert back to snapshot.
Iteration | Overflow |     HPWL (um) |  HPWL(%) |   Penalty | Group
---------------------------------------------------------------
     1710 |   0.6173 |  4.382489e+06 |  -17.79% |  4.38e-10 |      
     1720 |   0.5939 |  4.611715e+06 |   +5.23% |  6.30e-10 |      
     1730 |   0.5750 |  4.842359e+06 |   +5.00% |  9.10e-10 |      
     1740 |   0.5464 |  5.016019e+06 |   +3.59% |  1.32e-09 |      
     1750 |   0.5174 |  5.049161e+06 |   +0.66% |  1.93e-09 |      
     1760 |   0.4844 |  5.086932e+06 |   +0.75% |  2.84e-09 |      
     1770 |   0.4476 |  5.202160e+06 |   +2.27% |  4.14e-09 |      
     1780 |   0.4224 |  5.209891e+06 |   +0.15% |  6.09e-09 |      
     1790 |   0.3874 |  5.295414e+06 |   +1.64% |  8.92e-09 |      
     1800 |   0.3541 |  5.365062e+06 |   +1.32% |  1.30e-08 |      
     1810 |   0.3245 |  5.358737e+06 |   -0.12% |  1.92e-08 |      
[INFO GPL-0040] Routability iteration: 13
[INFO GPL-0041] Total routing overflow: 75.2685
[INFO GPL-0042] Number of overflowed tiles: 1600 (2.12%)
[INFO GPL-0043] Average top 0.5% routing congestion: 1.1047
[INFO GPL-0044] Average top 1.0% routing congestion: 1.0791
[INFO GPL-0045] Average top 2.0% routing congestion: 1.0497
[INFO GPL-0046] Average top 5.0% routing congestion: 1.0032
[INFO GPL-0047] Routability iteration weighted routing congestion: 1.0919
[INFO GPL-0049] Routing congestion (1.0919) higher than minimum (1.0926). Consecutive non-improvement count: 1.
[INFO GPL-0086] Inflated area:                8256.291 um^2 (+0.43%)
[INFO GPL-0052] Placement target density:       0.5598
[INFO GPL-0076] Removing fillers, count: Before: 956, After: 430 (-55.02%)
[INFO GPL-0077] Filler area (um^2)     : Before: 15001.490, After: 6747.532 (-55.02%)
[INFO GPL-0078] Removed fillers count: 526, area removed: 8253.958 um^2. Remaining area to be compensated by modifying density: 2.333 um^2
[INFO GPL-0058] White space area:           3468681.741 um^2 (+0.00%)
[INFO GPL-0059] Movable instances area:     1941913.076 um^2 (+0.00%)
[INFO GPL-0060] Total filler area:            6747.532 um^2 (-55.02%)
[INFO GPL-0061] Total non-inflated area:    1941985.688 um^2 (+0.00%)
[INFO GPL-0062] Total inflated area:        1950241.979 um^2 (+0.00%)
[INFO GPL-0063] New Target Density:             0.5598
[INFO GPL-0087] Routability end iteration: increase inflation and revert back to snapshot.
Iteration | Overflow |     HPWL (um) |  HPWL(%) |   Penalty | Group
---------------------------------------------------------------
     1820 |   0.6295 |  4.258908e+06 |  -20.52% |  3.95e-10 |      
     1830 |   0.6004 |  4.569712e+06 |   +7.30% |  5.62e-10 |      
     1840 |   0.5816 |  4.782897e+06 |   +4.67% |  8.13e-10 |      
     1850 |   0.5559 |  5.001884e+06 |   +4.58% |  1.17e-09 |      
     1860 |   0.5256 |  5.073221e+06 |   +1.43% |  1.72e-09 |      
     1870 |   0.4971 |  5.086657e+06 |   +0.26% |  2.53e-09 |      
     1880 |   0.4587 |  5.194770e+06 |   +2.13% |  3.69e-09 |      
     1890 |   0.4292 |  5.235954e+06 |   +0.79% |  5.41e-09 |      
     1900 |   0.4014 |  5.272198e+06 |   +0.69% |  7.94e-09 |      
     1910 |   0.3605 |  5.409501e+06 |   +2.60% |  1.16e-08 |      
     1920 |   0.3378 |  5.377377e+06 |   -0.59% |  1.70e-08 |      
     1930 |   0.3011 |  5.410526e+06 |   +0.62% |  2.50e-08 |      
[INFO GPL-0040] Routability iteration: 14
[INFO GPL-0041] Total routing overflow: 70.9488
[INFO GPL-0042] Number of overflowed tiles: 1554 (2.05%)
[INFO GPL-0043] Average top 0.5% routing congestion: 1.1029
[INFO GPL-0044] Average top 1.0% routing congestion: 1.0764
[INFO GPL-0045] Average top 2.0% routing congestion: 1.0469
[INFO GPL-0046] Average top 5.0% routing congestion: 1.0008
[INFO GPL-0047] Routability iteration weighted routing congestion: 1.0897
[INFO GPL-0048] Routing congestion (1.0897) lower than previous minimum (1.093). Updating minimum.
[INFO GPL-0086] Inflated area:                7583.074 um^2 (+0.39%)
[INFO GPL-0052] Placement target density:       0.5598
[INFO GPL-0076] Removing fillers, count: Before: 430, After: 0 (-100.00%)
[INFO GPL-0077] Filler area (um^2)     : Before: 6747.532, After: 0.000 (-100.00%)
[INFO GPL-0078] Removed fillers count: 430, area removed: 6747.532 um^2. Remaining area to be compensated by modifying density: 835.542 um^2
[INFO GPL-0079] New target density: 0.56010365
[INFO GPL-0058] White space area:           3468681.741 um^2 (+0.00%)
[INFO GPL-0059] Movable instances area:     1942821.405 um^2 (+0.05%)
[INFO GPL-0060] Total filler area:               0.000 um^2 (-100.00%)
[INFO GPL-0061] Total non-inflated area:    1942821.229 um^2 (+0.04%)
[INFO GPL-0062] Total inflated area:        1950404.303 um^2 (+0.04%)
[INFO GPL-0063] New Target Density:             0.5601
[INFO GPL-0087] Routability end iteration: increase inflation and revert back to snapshot.
Iteration | Overflow |     HPWL (um) |  HPWL(%) |   Penalty | Group
---------------------------------------------------------------
     1940 |   0.6076 |  4.516721e+06 |  -16.52% |  5.03e-10 |      
     1950 |   0.5872 |  4.718714e+06 |   +4.47% |  7.28e-10 |      
     1960 |   0.5644 |  4.965348e+06 |   +5.23% |  1.05e-09 |      
     1970 |   0.5329 |  5.090590e+06 |   +2.52% |  1.53e-09 |      
     1980 |   0.5082 |  5.094403e+06 |   +0.07% |  2.25e-09 |      
     1990 |   0.4689 |  5.183499e+06 |   +1.75% |  3.29e-09 |      
     2000 |   0.4363 |  5.264537e+06 |   +1.56% |  4.80e-09 |      
     2010 |   0.4127 |  5.256419e+06 |   -0.15% |  7.07e-09 |      
     2020 |   0.3701 |  5.412756e+06 |   +2.97% |  1.03e-08 |      
     2030 |   0.3462 |  5.417918e+06 |   +0.10% |  1.51e-08 |      
     2040 |   0.3110 |  5.464402e+06 |   +0.86% |  2.21e-08 |      
[INFO GPL-0040] Routability iteration: 15
[INFO GPL-0041] Total routing overflow: 69.2303
[INFO GPL-0042] Number of overflowed tiles: 1559 (2.06%)
[INFO GPL-0043] Average top 0.5% routing congestion: 1.0993
[INFO GPL-0044] Average top 1.0% routing congestion: 1.0742
[INFO GPL-0045] Average top 2.0% routing congestion: 1.0457
[INFO GPL-0046] Average top 5.0% routing congestion: 1.0010
[INFO GPL-0047] Routability iteration weighted routing congestion: 1.0868
[INFO GPL-0048] Routing congestion (1.0868) lower than previous minimum (1.09). Updating minimum.
[INFO GPL-0086] Inflated area:                7335.701 um^2 (+0.38%)
[INFO GPL-0052] Placement target density:       0.5601
[INFO GPL-0076] Removing fillers, count: Before: 0, After: 0 (+0.00%)
[INFO GPL-0077] Filler area (um^2)     : Before: 0.000, After: 0.000 (+0.00%)
[INFO GPL-0078] Removed fillers count: 0, area removed: 0.000 um^2. Remaining area to be compensated by modifying density: 7335.701 um^2
[INFO GPL-0079] New target density: 0.5622185
[INFO GPL-0058] White space area:           3468681.741 um^2 (+0.00%)
[INFO GPL-0059] Movable instances area:     1950156.980 um^2 (+0.38%)
[INFO GPL-0060] Total filler area:               0.000 um^2 (+0.00%)
[INFO GPL-0061] Total non-inflated area:    1950156.930 um^2 (+0.38%)
[INFO GPL-0062] Total inflated area:        1957492.631 um^2 (+0.38%)
[INFO GPL-0063] New Target Density:             0.5622
[INFO GPL-0087] Routability end iteration: increase inflation and revert back to snapshot.
Iteration | Overflow |     HPWL (um) |  HPWL(%) |   Penalty | Group
---------------------------------------------------------------
     2050 |   0.6164 |  4.430714e+06 |  -18.92% |  4.52e-10 |      
     2060 |   0.5921 |  4.656994e+06 |   +5.11% |  6.51e-10 |      
     2070 |   0.5721 |  4.900790e+06 |   +5.24% |  9.40e-10 |      
     2080 |   0.5424 |  5.072759e+06 |   +3.51% |  1.36e-09 |      
     2090 |   0.5169 |  5.090752e+06 |   +0.35% |  2.00e-09 |      
     2100 |   0.4798 |  5.155206e+06 |   +1.27% |  2.93e-09 |      
     2110 |   0.4465 |  5.259648e+06 |   +2.03% |  4.28e-09 |      
     2120 |   0.4209 |  5.253963e+06 |   -0.11% |  6.30e-09 |      
     2130 |   0.3836 |  5.366318e+06 |   +2.14% |  9.20e-09 |      
     2140 |   0.3513 |  5.443338e+06 |   +1.44% |  1.34e-08 |      
     2150 |   0.3230 |  5.451491e+06 |   +0.15% |  1.97e-08 |      
[INFO GPL-0040] Routability iteration: 16
[INFO GPL-0041] Total routing overflow: 67.9290
[INFO GPL-0042] Number of overflowed tiles: 1585 (2.10%)
[INFO GPL-0043] Average top 0.5% routing congestion: 1.0964
[INFO GPL-0044] Average top 1.0% routing congestion: 1.0724
[INFO GPL-0045] Average top 2.0% routing congestion: 1.0448
[INFO GPL-0046] Average top 5.0% routing congestion: 1.0005
[INFO GPL-0047] Routability iteration weighted routing congestion: 1.0844
[INFO GPL-0048] Routing congestion (1.0844) lower than previous minimum (1.087). Updating minimum.
[INFO GPL-0086] Inflated area:                7240.935 um^2 (+0.37%)
[INFO GPL-0052] Placement target density:       0.5622
[INFO GPL-0076] Removing fillers, count: Before: 0, After: 0 (+0.00%)
[INFO GPL-0077] Filler area (um^2)     : Before: 0.000, After: 0.000 (+0.00%)
[INFO GPL-0078] Removed fillers count: 0, area removed: 0.000 um^2. Remaining area to be compensated by modifying density: 7240.935 um^2
[INFO GPL-0079] New target density: 0.56430596
[INFO GPL-0058] White space area:           3468681.741 um^2 (+0.00%)
[INFO GPL-0059] Movable instances area:     1957397.791 um^2 (+0.37%)
[INFO GPL-0060] Total filler area:               0.000 um^2 (+0.00%)
[INFO GPL-0061] Total non-inflated area:    1957397.865 um^2 (+0.37%)
[INFO GPL-0062] Total inflated area:        1964638.800 um^2 (+0.37%)
[INFO GPL-0063] New Target Density:             0.5643
[INFO GPL-0087] Routability end iteration: increase inflation and revert back to snapshot.
Iteration | Overflow |     HPWL (um) |  HPWL(%) |   Penalty | Group
---------------------------------------------------------------
     2160 |   0.6281 |  4.246733e+06 |  -22.10% |  4.07e-10 |      
     2170 |   0.5970 |  4.603907e+06 |   +8.41% |  5.82e-10 |      
     2180 |   0.5785 |  4.829112e+06 |   +4.89% |  8.42e-10 |      
     2190 |   0.5516 |  5.044436e+06 |   +4.46% |  1.22e-09 |      
     2200 |   0.5229 |  5.102466e+06 |   +1.15% |  1.78e-09 |      
     2210 |   0.4918 |  5.132412e+06 |   +0.59% |  2.62e-09 |      
     2220 |   0.4559 |  5.240458e+06 |   +2.11% |  3.82e-09 |      
     2230 |   0.4270 |  5.266264e+06 |   +0.49% |  5.60e-09 |      
     2240 |   0.3963 |  5.319663e+06 |   +1.01% |  8.22e-09 |      
     2250 |   0.3559 |  5.461847e+06 |   +2.67% |  1.19e-08 |      
     2260 |   0.3332 |  5.439184e+06 |   -0.41% |  1.76e-08 |      
     2270 |   0.2997 |  5.463781e+06 |   +0.45% |  2.58e-08 |      
[INFO GPL-0040] Routability iteration: 17
[INFO GPL-0041] Total routing overflow: 68.8429
[INFO GPL-0042] Number of overflowed tiles: 1545 (2.04%)
[INFO GPL-0043] Average top 0.5% routing congestion: 1.0993
[INFO GPL-0044] Average top 1.0% routing congestion: 1.0740
[INFO GPL-0045] Average top 2.0% routing congestion: 1.0455
[INFO GPL-0046] Average top 5.0% routing congestion: 1.0008
[INFO GPL-0047] Routability iteration weighted routing congestion: 1.0866
[INFO GPL-0049] Routing congestion (1.0866) higher than minimum (1.0844). Consecutive non-improvement count: 1.
[INFO GPL-0086] Inflated area:                7156.396 um^2 (+0.37%)
[INFO GPL-0052] Placement target density:       0.5643
[INFO GPL-0076] Removing fillers, count: Before: 0, After: 0 (+0.00%)
[INFO GPL-0077] Filler area (um^2)     : Before: 0.000, After: 0.000 (+0.00%)
[INFO GPL-0078] Removed fillers count: 0, area removed: 0.000 um^2. Remaining area to be compensated by modifying density: 7156.396 um^2
[INFO GPL-0079] New target density: 0.5663691
[INFO GPL-0058] White space area:           3468681.741 um^2 (+0.00%)
[INFO GPL-0059] Movable instances area:     1964554.191 um^2 (+0.37%)
[INFO GPL-0060] Total filler area:               0.000 um^2 (+0.00%)
[INFO GPL-0061] Total non-inflated area:    1964554.260 um^2 (+0.37%)
[INFO GPL-0062] Total inflated area:        1971710.656 um^2 (+0.36%)
[INFO GPL-0063] New Target Density:             0.5664
[INFO GPL-0087] Routability end iteration: increase inflation and revert back to snapshot.
Iteration | Overflow |     HPWL (um) |  HPWL(%) |   Penalty | Group
---------------------------------------------------------------
     2280 |   0.6048 |  4.551525e+06 |  -16.70% |  5.21e-10 |      
     2290 |   0.5844 |  4.758314e+06 |   +4.54% |  7.54e-10 |      
     2300 |   0.5608 |  4.999325e+06 |   +5.07% |  1.09e-09 |      
     2310 |   0.5302 |  5.105801e+06 |   +2.13% |  1.58e-09 |      
     2320 |   0.5039 |  5.114027e+06 |   +0.16% |  2.33e-09 |      
     2330 |   0.4654 |  5.213243e+06 |   +1.94% |  3.41e-09 |      
     2340 |   0.4345 |  5.279239e+06 |   +1.27% |  4.99e-09 |      
     2350 |   0.4091 |  5.283030e+06 |   +0.07% |  7.34e-09 |      
     2360 |   0.3664 |  5.447784e+06 |   +3.12% |  1.07e-08 |      
     2370 |   0.3435 |  5.437563e+06 |   -0.19% |  1.57e-08 |      
     2380 |   0.3083 |  5.484836e+06 |   +0.87% |  2.30e-08 |      
[INFO GPL-0040] Routability iteration: 18
[INFO GPL-0041] Total routing overflow: 66.5788
[INFO GPL-0042] Number of overflowed tiles: 1501 (1.98%)
[INFO GPL-0043] Average top 0.5% routing congestion: 1.0981
[INFO GPL-0044] Average top 1.0% routing congestion: 1.0723
[INFO GPL-0045] Average top 2.0% routing congestion: 1.0440
[INFO GPL-0046] Average top 5.0% routing congestion: 0.9994
[INFO GPL-0047] Routability iteration weighted routing congestion: 1.0852
[INFO GPL-0049] Routing congestion (1.0852) higher than minimum (1.0844). Consecutive non-improvement count: 2.
[INFO GPL-0086] Inflated area:                7299.133 um^2 (+0.37%)
[INFO GPL-0052] Placement target density:       0.5664
[INFO GPL-0076] Removing fillers, count: Before: 0, After: 0 (+0.00%)
[INFO GPL-0077] Filler area (um^2)     : Before: 0.000, After: 0.000 (+0.00%)
[INFO GPL-0078] Removed fillers count: 0, area removed: 0.000 um^2. Remaining area to be compensated by modifying density: 7299.133 um^2
[INFO GPL-0079] New target density: 0.5684734
[INFO GPL-0058] White space area:           3468681.741 um^2 (+0.00%)
[INFO GPL-0059] Movable instances area:     1971853.328 um^2 (+0.37%)
[INFO GPL-0060] Total filler area:               0.000 um^2 (+0.00%)
[INFO GPL-0061] Total non-inflated area:    1971853.394 um^2 (+0.37%)
[INFO GPL-0062] Total inflated area:        1979152.527 um^2 (+0.37%)
[INFO GPL-0063] New Target Density:             0.5685
[INFO GPL-0087] Routability end iteration: increase inflation and revert back to snapshot.
Iteration | Overflow |     HPWL (um) |  HPWL(%) |   Penalty | Group
---------------------------------------------------------------
     2390 |   0.6164 |  4.437117e+06 |  -19.10% |  4.52e-10 |      
     2400 |   0.5910 |  4.670662e+06 |   +5.26% |  6.51e-10 |      
     2410 |   0.5713 |  4.916190e+06 |   +5.26% |  9.39e-10 |      
     2420 |   0.5423 |  5.086701e+06 |   +3.47% |  1.36e-09 |      
     2430 |   0.5164 |  5.105680e+06 |   +0.37% |  2.00e-09 |      
     2440 |   0.4785 |  5.174396e+06 |   +1.35% |  2.93e-09 |      
     2450 |   0.4459 |  5.279150e+06 |   +2.02% |  4.27e-09 |      
     2460 |   0.4212 |  5.267365e+06 |   -0.22% |  6.29e-09 |      
     2470 |   0.3829 |  5.389745e+06 |   +2.32% |  9.18e-09 |      
     2480 |   0.3518 |  5.464652e+06 |   +1.39% |  1.34e-08 |      
     2490 |   0.3208 |  5.475541e+06 |   +0.20% |  1.97e-08 |      
[INFO GPL-0040] Routability iteration: 19
[INFO GPL-0041] Total routing overflow: 68.7297
[INFO GPL-0042] Number of overflowed tiles: 1565 (2.07%)
[INFO GPL-0043] Average top 0.5% routing congestion: 1.1012
[INFO GPL-0044] Average top 1.0% routing congestion: 1.0745
[INFO GPL-0045] Average top 2.0% routing congestion: 1.0454
[INFO GPL-0046] Average top 5.0% routing congestion: 1.0003
[INFO GPL-0047] Routability iteration weighted routing congestion: 1.0878
[INFO GPL-0049] Routing congestion (1.0878) higher than minimum (1.0844). Consecutive non-improvement count: 3.
[INFO GPL-0086] Inflated area:                7529.338 um^2 (+0.38%)
[INFO GPL-0052] Placement target density:       0.5685
[INFO GPL-0076] Removing fillers, count: Before: 0, After: 0 (+0.00%)
[INFO GPL-0077] Filler area (um^2)     : Before: 0.000, After: 0.000 (+0.00%)
[INFO GPL-0078] Removed fillers count: 0, area removed: 0.000 um^2. Remaining area to be compensated by modifying density: 7529.339 um^2
[INFO GPL-0079] New target density: 0.5706441
[INFO GPL-0054] No improvement in routing congestion for 3 consecutive iterations (limit is 3).
[INFO GPL-0055] Reverting inflation values and target density from the iteration with minimum observed routing congestion.
[INFO GPL-0056] Minimum observed routing congestion: 1.0844
[INFO GPL-0057] Target density at minimum routing congestion: 0.5622
[INFO GPL-0080] Restoring 0 previously removed fillers.
[INFO GPL-0089] Routability finished. Reverting to minimal observed routing congestion, could not reach target.
Iteration | Overflow |     HPWL (um) |  HPWL(%) |   Penalty | Group
---------------------------------------------------------------
     2500 |   0.6212 |  4.242471e+06 |  -22.52% |  4.08e-10 |      
     2510 |   0.5933 |  4.575762e+06 |   +7.86% |  5.84e-10 |      
     2520 |   0.5754 |  4.803052e+06 |   +4.97% |  8.45e-10 |      
     2530 |   0.5488 |  5.021482e+06 |   +4.55% |  1.22e-09 |      
     2540 |   0.5194 |  5.087533e+06 |   +1.32% |  1.78e-09 |      
     2550 |   0.4892 |  5.115414e+06 |   +0.55% |  2.62e-09 |      
     2560 |   0.4525 |  5.228319e+06 |   +2.21% |  3.83e-09 |      
     2570 |   0.4247 |  5.261590e+06 |   +0.64% |  5.61e-09 |      
     2580 |   0.3941 |  5.305853e+06 |   +0.84% |  8.24e-09 |      
     2590 |   0.3530 |  5.454321e+06 |   +2.80% |  1.20e-08 |      
     2600 |   0.3314 |  5.432576e+06 |   -0.40% |  1.76e-08 |      
     2610 |   0.2968 |  5.460935e+06 |   +0.52% |  2.59e-08 |      
     2620 |   0.2707 |  5.405805e+06 |   -1.01% |  3.81e-08 |      
     2630 |   0.2384 |  5.364268e+06 |   -0.77% |  5.61e-08 |      
     2640 |   0.2153 |  5.301759e+06 |   -1.17% |  8.27e-08 |      
[INFO GPL-0100] Timing-driven iteration 2/2, virtual: false.
[INFO GPL-0101]    Iter: 2649, overflow: 0.195, keep resizer changes at: 1, HPWL: 5264577993
Iteration |   Area    | Resized | Buffers | Nets repaired | Remaining
---------------------------------------------------------------------
        0 |     +0.0% |       0 |       0 |             0 |    121276
    final |     +0.1% |     151 |     108 |           173 |         0
---------------------------------------------------------------------
[INFO RSZ-0034] Found 162 slew violations.
[INFO RSZ-0036] Found 23 capacitance violations.
[INFO RSZ-0037] Found 1 long wires.
[INFO RSZ-0039] Resized 151 instances.
[INFO RSZ-0038] Inserted 108 buffers in 173 nets.
   Iter   |    Area   | Removed | Inserted |   Pins
          |           | Buffers | Buffers  | Remaining
-------------------------------------------------------
        0 |     +0.0% |       0 |        0 |    103259
    10300 |     +0.2% |    2213 |     2680 |     92959
    20600 |     -1.6% |    7060 |     5249 |     82659
    30900 |     -2.4% |    9911 |     6783 |     72359
    41200 |     -2.8% |   11292 |     7531 |     62059
    51500 |     -2.9% |   12059 |     8095 |     51759
    61800 |     -3.1% |   12846 |     8614 |     41459
    72100 |     -3.4% |   14427 |     9713 |     31159
    82400 |     -3.4% |   15879 |    11150 |     20859
    92700 |     -3.5% |   16208 |    11467 |     10559
   103000 |     -3.4% |   16223 |    11484 |       259
    final |     -3.4% |   16557 |    11819 |         0
-------------------------------------------------------
[INFO GPL-0106] Timing-driven: worst slack -2.7648131e-08
[INFO GPL-0107] Timing-driven: repair_design delta area: -93063.547 um^2 (-4.72%)
[INFO GPL-0108] Timing-driven: repair_design, gpl delta gcells: -4630 (-3.89%)
[INFO GPL-0109] Timing-driven: repair_design, gcells created: 11927, deleted: 16557
[INFO GPL-0110] Timing-driven: new target density: 0.54164374
Iteration | Overflow |     HPWL (um) |  HPWL(%) |   Penalty | Group
---------------------------------------------------------------
     2650 |   0.2035 |  5.187830e+06 |   -2.15% |  1.22e-07 |      
     2660 |   0.1692 |  5.018497e+06 |   -3.26% |  1.79e-07 |      
     2670 |   0.1474 |  4.937512e+06 |   -1.61% |  2.64e-07 |      
     2680 |   0.1264 |  4.909749e+06 |   -0.56% |  3.89e-07 |      
     2690 |   0.1083 |  4.885189e+06 |   -0.50% |  5.73e-07 |      
     2696 |   0.0989 |  4.873111e+06 |          |  7.51e-07 |      
---------------------------------------------------------------
[INFO GPL-1001] Global placement finished at iteration 2696
[INFO GPL-1017] Routability mode iteration count: 2215
[INFO GPL-1005] Routability final weighted congestion: 1.0337
[INFO GPL-1002] Placed Cell Area            1857093.3819
[INFO GPL-1003] Available Free Area         3468681.7408
[INFO GPL-1004] Minimum Feasible Density        0.4500 (cell_area / free_area)
[INFO GPL-1006]   Suggested Target Densities:
[INFO GPL-1007]     - For 90% usage of free space: 0.5949
[INFO GPL-1008]     - For 80% usage of free space: 0.6692
[INFO GPL-1011] Original area (um^2): 1529776.09
[INFO GPL-1012] Total routability artificial inflation: 264838.74 (+17.31%)
[INFO GPL-1013] Total timing-driven delta area: 62478.55 (+4.08%)
[INFO GPL-1014] Final placement area: 1857093.38 (+21.40%)
Took 728 seconds: global_placement -density 0.514999989271164 -pad_left 0 -pad_right 0 -routability_driven -timing_driven -force_center_initial_place -min_phi_coef 0.95 -max_phi_coef 1.05
estimate_parasitics -placement
Took 15 seconds: estimate_parasitics -placement
Report metrics stage 3, global place...

==========================================================================
global place report_design_area
--------------------------------------------------------------------------
Design area 1607888 um^2 46% utilization.
write_db /Users/shubhanshu/Desktop/Nebula/digital/artifacts/model_ppa_v3/pnr_v3_sonnet_wide/results/sky130hd/nebula_bench_v2/v3_sonnet_wide/3_3_place_gp.odb
Elapsed time: 15:46.00[h:]min:sec. CPU time: user 378.48 sys 36.87 (43%). Peak memory: 874560KB.
Log                       Ext     Elapsed/s Peak Memory/MB sha1sum result [0:20)
3_3_place_gp              .odb          946            854 a324c44960d70ed6285d
