OpenROAD 7cfb2105c93c35ce73de9cf4f538de1c9bf8115a 
Features included (+) or not (-): +GPU -GUI +Python
This program is licensed under the BSD-3 license. See the LICENSE file for details.
Components of this program may be licensed under more restrictive licenses which must be honored.
[INFO ORD-0030] Using 12 thread(s).
read_liberty /Users/shubhanshu/Desktop/Nebula/digital/orfs/flow/platforms/sky130hd/lib/sky130_fd_sc_hd__tt_025C_1v80.lib
read_db /Users/shubhanshu/Desktop/Nebula/digital/artifacts/model_ppa_v3/pnr_v3_sonnet_wide/results/sky130hd/nebula_bench_v2/v3_sonnet_wide/3_3_place_gp.odb
read_sdc /Users/shubhanshu/Desktop/Nebula/digital/artifacts/model_ppa_v3/pnr_v3_sonnet_wide/results/sky130hd/nebula_bench_v2/v3_sonnet_wide/2_floorplan.sdc
source /Users/shubhanshu/Desktop/Nebula/digital/orfs/flow/platforms/sky130hd/setRC.tcl
estimate_parasitics -placement
Took 18 seconds: estimate_parasitics -placement
Perform buffer insertion and gate resizing...
repair_design -verbose -match_cell_footprint
Iteration |   Area    | Resized | Buffers | Nets repaired | Remaining
---------------------------------------------------------------------
        0 |     +0.0% |       0 |       0 |             0 |    116646
     1000 |     +0.0% |       0 |       0 |             0 |    115646
     2000 |     +0.0% |       0 |       0 |             0 |    114646
     3000 |     +0.0% |       0 |       0 |             0 |    113646
     4000 |     +0.0% |       0 |       0 |             0 |    112646
     5000 |     +0.0% |       0 |       0 |             0 |    111646
     6000 |     +0.0% |       0 |       0 |             0 |    110646
     7000 |     +0.0% |       0 |       0 |             0 |    109646
     8000 |     +0.0% |       0 |       0 |             0 |    108646
     9000 |     +0.0% |       0 |       0 |             0 |    107646
    10000 |     +0.0% |       0 |       0 |             0 |    106646
    11000 |     +0.0% |       0 |       0 |             0 |    105646
    12000 |     +0.0% |       0 |       0 |             0 |    104646
    13000 |     +0.0% |       0 |       0 |             0 |    103646
    14000 |     +0.0% |       0 |       0 |             0 |    102646
    15000 |     +0.0% |       0 |       0 |             0 |    101646
    16000 |     +0.0% |       0 |       0 |             0 |    100646
    17000 |     +0.0% |       0 |       0 |             0 |     99646
    18000 |     +0.0% |       0 |       0 |             0 |     98646
    19000 |     +0.0% |       0 |       0 |             0 |     97646
    20000 |     +0.0% |       0 |       0 |             0 |     96646
    21000 |     +0.0% |       0 |       0 |             0 |     95646
    22000 |     +0.0% |       0 |       1 |             1 |     94646
    23000 |     +0.0% |       0 |       1 |             1 |     93646
    24000 |     +0.0% |       1 |       1 |             2 |     92646
    25000 |     +0.0% |       1 |       1 |             2 |     91646
    26000 |     +0.0% |       1 |       1 |             2 |     90646
    27000 |     +0.0% |       2 |       1 |             3 |     89646
    28000 |     +0.0% |       2 |       1 |             3 |     88646
    29000 |     +0.0% |       2 |       1 |             3 |     87646
    30000 |     +0.0% |       3 |       2 |             4 |     86646
    31000 |     +0.0% |       3 |       2 |             4 |     85646
    32000 |     +0.0% |       3 |       2 |             4 |     84646
    33000 |     +0.0% |       3 |       2 |             4 |     83646
    34000 |     +0.0% |       3 |       2 |             4 |     82646
    35000 |     +0.0% |       3 |       2 |             4 |     81646
    36000 |     +0.0% |       4 |       3 |             6 |     80646
    37000 |     +0.0% |       4 |       3 |             6 |     79646
    38000 |     +0.0% |       4 |       3 |             6 |     78646
    39000 |     +0.0% |       4 |       3 |             6 |     77646
    40000 |     +0.0% |       5 |       4 |             7 |     76646
    41000 |     +0.0% |       5 |       4 |             7 |     75646
    42000 |     +0.0% |       5 |       4 |             7 |     74646
    43000 |     +0.0% |       5 |       4 |             7 |     73646
    44000 |     +0.0% |       5 |       5 |             8 |     72646
    45000 |     +0.0% |       5 |       5 |             8 |     71646
    46000 |     +0.0% |       5 |       5 |             8 |     70646
    47000 |     +0.0% |       5 |       5 |             8 |     69646
    48000 |     +0.0% |       5 |       5 |             8 |     68646
    49000 |     +0.0% |       5 |       5 |             8 |     67646
    50000 |     +0.0% |       5 |       5 |             8 |     66646
    51000 |     +0.0% |       5 |       5 |             8 |     65646
    52000 |     +0.0% |       5 |       5 |             8 |     64646
    53000 |     +0.0% |       5 |       5 |             8 |     63646
    54000 |     +0.0% |       5 |       5 |             8 |     62646
    55000 |     +0.0% |       5 |       5 |             8 |     61646
    56000 |     +0.0% |       5 |       5 |             8 |     60646
    57000 |     +0.0% |       5 |       5 |             8 |     59646
    58000 |     +0.0% |       6 |       6 |             9 |     58646
    59000 |     +0.0% |       6 |       6 |             9 |     57646
    60000 |     +0.0% |       6 |       6 |             9 |     56646
    61000 |     +0.0% |       7 |       7 |            10 |     55646
    62000 |     +0.0% |       7 |       7 |            10 |     54646
    63000 |     +0.0% |       7 |       7 |            10 |     53646
    64000 |     +0.0% |      10 |       7 |            13 |     52646
    65000 |     +0.0% |      10 |       7 |            13 |     51646
    66000 |     +0.0% |      10 |       7 |            13 |     50646
    67000 |     +0.0% |      10 |       7 |            13 |     49646
    68000 |     +0.0% |      11 |       7 |            14 |     48646
    69000 |     +0.0% |      11 |       7 |            14 |     47646
    70000 |     +0.0% |      11 |       7 |            14 |     46646
    71000 |     +0.0% |      11 |       7 |            14 |     45646
    72000 |     +0.0% |      11 |       7 |            14 |     44646
    73000 |     +0.0% |      11 |       7 |            14 |     43646
    74000 |     +0.0% |      11 |       7 |            14 |     42646
    75000 |     +0.0% |      12 |       8 |            15 |     41646
    76000 |     +0.0% |      12 |       8 |            15 |     40646
    77000 |     +0.0% |      12 |       8 |            15 |     39646
    78000 |     +0.0% |      12 |       8 |            15 |     38646
    79000 |     +0.0% |      12 |       8 |            15 |     37646
    80000 |     +0.0% |      12 |       8 |            15 |     36646
    81000 |     +0.0% |      13 |       8 |            16 |     35646
    82000 |     +0.0% |      13 |       8 |            16 |     34646
    83000 |     +0.0% |      13 |       8 |            16 |     33646
    84000 |     +0.0% |      13 |       8 |            16 |     32646
    85000 |     +0.0% |      13 |       8 |            16 |     31646
    86000 |     +0.0% |      13 |       8 |            16 |     30646
    87000 |     +0.0% |      13 |       8 |            16 |     29646
    88000 |     +0.0% |      16 |      11 |            19 |     28646
    89000 |     +0.0% |      16 |      11 |            19 |     27646
    90000 |     +0.0% |      16 |      11 |            19 |     26646
    91000 |     +0.0% |      16 |      11 |            19 |     25646
    92000 |     +0.0% |      16 |      11 |            19 |     24646
    93000 |     +0.0% |      16 |      11 |            19 |     23646
    94000 |     +0.0% |      16 |      11 |            19 |     22646
    95000 |     +0.0% |      16 |      11 |            19 |     21646
    96000 |     +0.0% |      16 |      11 |            19 |     20646
    97000 |     +0.0% |      16 |      11 |            19 |     19646
    98000 |     +0.0% |      16 |      11 |            19 |     18646
    99000 |     +0.0% |      16 |      11 |            19 |     17646
   100000 |     +0.0% |      16 |      11 |            19 |     16646
   101000 |     +0.0% |      16 |      11 |            19 |     15646
   102000 |     +0.0% |      16 |      11 |            19 |     14646
   103000 |     +0.0% |      16 |      11 |            19 |     13646
   104000 |     +0.0% |      16 |      11 |            19 |     12646
   105000 |     +0.0% |      16 |      11 |            19 |     11646
   106000 |     +0.0% |      16 |      11 |            19 |     10646
   107000 |     +0.0% |      16 |      11 |            19 |      9646
   108000 |     +0.0% |      16 |      11 |            19 |      8646
   109000 |     +0.0% |      16 |      11 |            19 |      7646
   110000 |     +0.0% |      16 |      11 |            19 |      6646
   111000 |     +0.0% |      16 |      11 |            19 |      5646
   112000 |     +0.0% |      16 |      11 |            19 |      4646
   113000 |     +0.0% |      16 |      11 |            19 |      3646
   114000 |     +0.0% |      16 |      11 |            19 |      2646
   115000 |     +0.0% |      16 |      11 |            19 |      1646
   116000 |     +0.0% |      16 |      11 |            19 |       646
    final |     +0.0% |      16 |      11 |            19 |         0
---------------------------------------------------------------------
[INFO RSZ-0034] Found 18 slew violations.
[INFO RSZ-0036] Found 3 capacitance violations.
[INFO RSZ-0039] Resized 16 instances.
[INFO RSZ-0038] Inserted 11 buffers in 19 nets.
[INFO RSZ-0504] Runtime: 40.97s
Took 41 seconds: repair_design -verbose -match_cell_footprint
Floating nets: 
Report metrics stage 3, resizer...

==========================================================================
resizer report_design_area
--------------------------------------------------------------------------
Design area 1608142 um^2 46% utilization.
Instance count before 161592, after 161603
Pin count before 430375, after 430397
write_db /Users/shubhanshu/Desktop/Nebula/digital/artifacts/model_ppa_v3/pnr_v3_sonnet_wide/results/sky130hd/nebula_bench_v2/v3_sonnet_wide/3_4_place_resized.odb
Elapsed time: 5:40.01[h:]min:sec. CPU time: user 97.73 sys 11.90 (32%). Peak memory: 515408KB.
Log                       Ext     Elapsed/s Peak Memory/MB sha1sum result [0:20)
3_4_place_resized         .odb          340            503 51b4685fb2660662703c
