OpenROAD 7cfb2105c93c35ce73de9cf4f538de1c9bf8115a 
Features included (+) or not (-): +GPU -GUI +Python
This program is licensed under the BSD-3 license. See the LICENSE file for details.
Components of this program may be licensed under more restrictive licenses which must be honored.
[INFO ORD-0030] Using 12 thread(s).
read_liberty /Users/shubhanshu/Desktop/Nebula/digital/orfs/flow/platforms/sky130hd/lib/sky130_fd_sc_hd__tt_025C_1v80.lib
read_db /Users/shubhanshu/Desktop/Nebula/digital/artifacts/model_ppa_v3/pnr_v3_sonnet_wide/results/sky130hd/nebula_bench_v2/v3_sonnet_wide/3_4_place_resized.odb
read_sdc /Users/shubhanshu/Desktop/Nebula/digital/artifacts/model_ppa_v3/pnr_v3_sonnet_wide/results/sky130hd/nebula_bench_v2/v3_sonnet_wide/2_floorplan.sdc
source /Users/shubhanshu/Desktop/Nebula/digital/orfs/flow/platforms/sky130hd/setRC.tcl
detailed_placement
[INFO DPL-0006] Core area: 3527558.21 um^2
[INFO DPL-0007] Movable instances area: 1549265.87 um^2
[INFO DPL-0008] Fixed instances area within core: 58876.47 um^2
[INFO DPL-0009] Utilization: 45.6%
[INFO DPL-0005] Diamond search max displacement: +/- 500 sites horizontally, +/- 100 rows vertically.
[INFO DPL-1102] Legalizing using negotiation legalizer.
[INFO DPL-1103] Negotiation base search window: +/-20 sites horizontally, +/-5 rows vertically 
	Automatic search window extension enabled.
	Search window extendable up to the max displacement cap of +/-500 sites, +/-100 rows near walls.
[INFO DPL-1104] NegotiationLegalizer DRC penalty: 5.
[INFO DPL-0392] Negotiation cell height distribution (1 unique row-count(s)):
[INFO DPL-0393]   height 1 row(s): 161603 cells
          |      Total |  Illegal |  Illegal
Iteration | Violations |    Cells |    Sites
---------------------------------------------
        0 |       2781 |       611 |      2170
        1 |         10 |         4 |         6
        2 |          0 |         0 |         0
Negotiation phase 1 converged at iteration 2.
[INFO DPL-0500] Runtime: 8.18s
Placement Analysis
---------------------------------
total displacement     366292.8 u
average displacement        2.3 u
max displacement           35.6 u
original HPWL         4874331.7 u
legalized HPWL        5118483.5 u
delta HPWL                    5 %

Took 9 seconds: detailed_placement
improve_placement -max_displacement "5 1"
Detailed placement improvement.
[INFO DPL-0401] Setting random seed to 1.
[INFO DPL-0402] Setting maximum displacement 5 1 to 13600 2720 units.
[INFO DPL-0320] Collected 47094 fixed cells.
[INFO DPL-0318] Collected 114547 single height cells.
[INFO DPL-0321] Collected 0 wide cells.
[INFO DPL-0322] Image (10120, 10880) - (1889680, 1887680)
[INFO DPL-0310] Assigned 114547 cells into segments.  Movement in X-direction is 0.000000, movement in Y-direction is 0.000000.
[INFO DPL-0313] Found 0 cells in wrong regions.
[INFO DPL-0315] Found 0 row alignment problems.
[INFO DPL-0314] Found 0 site alignment problems.
[INFO DPL-0311] Found 0 overlaps between adjacent cells.
[INFO DPL-0312] Found 0 edge spacing violations and 0 padding violations.
[INFO DPL-0303] Running algorithm for independent set matching.
[INFO DPL-0300] Set matching objective is wirelength.
[INFO DPL-0301] Pass   1 of matching; objective is 5.119252e+09.
[INFO DPL-0302] End of matching; objective is 5.118144e+09, improvement is 0.02 percent.
[INFO DPL-0303] Running algorithm for global swaps.
[INFO DPL-0306] Pass   1 of global swaps; hpwl is 5.053484e+09.
[INFO DPL-0306] Pass   2 of global swaps; hpwl is 5.041444e+09.
[INFO DPL-0307] End of global swaps; objective is 5.041444e+09, improvement is 1.50 percent.
[INFO DPL-0303] Running algorithm for vertical swaps.
[INFO DPL-0308] Pass   1 of vertical swaps; hpwl is 5.025007e+09.
[INFO DPL-0309] End of vertical swaps; objective is 5.025007e+09, improvement is 0.33 percent.
[INFO DPL-0303] Running algorithm for reordering.
[INFO DPL-0304] Pass   1 of reordering; objective is 5.023939e+09.
[INFO DPL-0305] End of reordering; objective is 5.023939e+09, improvement is 0.02 percent.
[INFO DPL-0303] Running algorithm for random improvement.
[INFO DPL-0324] Random improver is using random generator.
[INFO DPL-0325] Random improver is using hpwl objective.
[INFO DPL-0326] Random improver cost string is (a).
[INFO DPL-0332] End of pass, Generator random called 2290940 times.
[INFO DPL-0335] Generator random, Cumulative attempts 2290940, swaps 233906, moves 718631 since last reset.
[INFO DPL-0333] End of pass, Objective hpwl, Initial cost 5.012875e+09, Scratch cost 4.966379e+09, Incremental cost 4.966379e+09, Mismatch? N
[INFO DPL-0338] End of pass, Total cost is 4.966379e+09.
[INFO DPL-0327] Pass   1 of random improver; improvement in cost is 0.93 percent.
[INFO DPL-0328] End of random improver; improvement is 0.927533 percent.
[INFO DPL-0380] Cell flipping.
[INFO DPL-0382] Changed 0 cell orientations for row compatibility.
[INFO DPL-0383] Performed 26002 cell flips.
[INFO DPL-0384] End of flipping; objective is 4.934559e+09, improvement is 0.86 percent.
[INFO DPL-0313] Found 0 cells in wrong regions.
[INFO DPL-0315] Found 0 row alignment problems.
[INFO DPL-0314] Found 0 site alignment problems.
[INFO DPL-0311] Found 0 overlaps between adjacent cells.
[INFO DPL-0312] Found 0 edge spacing violations and 0 padding violations.
Detailed Improvement Results
------------------------------------------
Original HPWL          5118483.5 u ( 2467566.1,  2650917.3)
Final HPWL             4933430.0 u ( 2395243.8,  2538186.2)
Delta HPWL                  -3.6 % (      -2.9,       -4.3)

Took 102 seconds: improve_placement -max_displacement "5 1"
optimize_mirroring
[INFO DPL-0020] Mirrored 4785 instances
[INFO DPL-0021] HPWL before          4933430.0 u
[INFO DPL-0022] HPWL after           4932102.3 u
[INFO DPL-0023] HPWL delta               -0.0 %
Took 5 seconds: optimize_mirroring
[INFO FLW-0012] Placement violations .
estimate_parasitics -placement
Took 18 seconds: estimate_parasitics -placement
Report metrics stage 3, detailed place...

==========================================================================
detailed place report_design_area
--------------------------------------------------------------------------
Design area 1608142 um^2 46% utilization.
write_db /Users/shubhanshu/Desktop/Nebula/digital/artifacts/model_ppa_v3/pnr_v3_sonnet_wide/results/sky130hd/nebula_bench_v2/v3_sonnet_wide/3_5_place_dp.odb
write_sdc -no_timestamp /Users/shubhanshu/Desktop/Nebula/digital/artifacts/model_ppa_v3/pnr_v3_sonnet_wide/results/sky130hd/nebula_bench_v2/v3_sonnet_wide/3_place.sdc
Elapsed time: 7:27.48[h:]min:sec. CPU time: user 117.79 sys 12.65 (29%). Peak memory: 635888KB.
Log                       Ext     Elapsed/s Peak Memory/MB sha1sum result [0:20)
3_5_place_dp              .odb          447            620 f3752b0e6ee1414d242f
