FAIL  alu                              TIMEOUT after 900s  [yosys-equiv]  (919.6s)
PASS  alu_src_a_mux                    PROVED_EQUIVALENT  [partitioned]  (5.5s)
PASS  alu_src_b_mux                    PROVED_EQUIVALENT  [partitioned]  (5.3s)
PASS  arbiter                          PROVED_EQUIVALENT  [partitioned]  (5.2s)
FAIL  axi_interconnect_2m_8s           UNPROVEN (118 cells) at depth 5  [yosys-equiv]  (41.6s)
FAIL  axi_lite_dma_config              UNPROVEN (130 cells) at depth 5  [yosys-equiv]  (27.6s)
FAIL  axi_lite_dot                     UNPROVEN (577 cells) at depth 5  [yosys-equiv]  (106.7s)
FAIL  axi_lite_gpio                    TIMEOUT after 900s  [yosys-equiv]  (923.3s)
PASS  axi_lite_master                  PROVED_EQUIVALENT  [merged]  (906.3s)
FAIL  axi_lite_timer                   UNPROVEN (337 cells) at depth 5  [yosys-equiv]  (63.0s)
FAIL  axi_lite_uart                    TIMEOUT after 900s  [yosys-equiv]  (920.6s)
FAIL  bin_to_bcd_32                    TIMEOUT after 900s  [yosys-equiv]  (2700.0s)
PASS  branch_comp_decoder              PROVED_EQUIVALENT  [partitioned]  (5.4s)
PASS  branch_comprator                 PROVED_EQUIVALENT  [partitioned]  (5.6s)
FAIL  branch_predictor                 UNPROVEN (50 cells) at depth 5  [yosys-equiv]  (45.1s)
PASS  clk_div_mux                      PROVED_EQUIVALENT  [partitioned]  (5.6s)
PASS  clk_gate                         PROVED_EQUIVALENT  [partitioned]  (5.4s)
PASS  control_unit                     PROVED_EQUIVALENT  [merged]  (12.4s)
FAIL  csr_regfile                      UNPROVEN (33 cells) at depth 5  [yosys-equiv]  (49.5s)
PASS  data_clipper                     PROVED_EQUIVALENT  [partitioned]  (5.4s)
PASS  data_extender                    PROVED_EQUIVALENT  [partitioned]  (5.5s)
PASS  data_forwarding_unit             PROVED_EQUIVALENT  [partitioned]  (5.9s)
