=== [1/3] verilator lint (v2 vs v1 baseline) ===
golden    bench/rtl: 9 findings over 55 files
      8  WIDTHTRUNC
      1  UNUSEDSIGNAL
candidate bench/rtl_v2: 9 findings over 59 files
      8  WIDTHTRUNC
      1  UNUSEDSIGNAL
introduced by optimisation: 0
resolved by optimisation:   0

verdict: NO_NEW_WARNINGS
wrote artifacts/lint_v2
lint rc=0
=== [2/3] synthesis ===
mkdir -p /Users/shubhanshu/Desktop/Nebula/digital/artifacts/v2_synth/results/sky130hd/nebula_bench_v2/base/
echo  > /Users/shubhanshu/Desktop/Nebula/digital/artifacts/v2_synth/results/sky130hd/nebula_bench_v2/base/clock_period.txt
/Users/shubhanshu/Desktop/Nebula/digital/orfs/flow/scripts/synth.sh /Users/shubhanshu/Desktop/Nebula/digital/orfs/flow/scripts/synth_canonicalize.tcl /Users/shubhanshu/Desktop/Nebula/digital/artifacts/v2_synth/logs/sky130hd/nebula_bench_v2/base/1_1_yosys_canonicalize.log
Using ABC speed script.
Extracting clock period from SDC file: /Users/shubhanshu/Desktop/Nebula/digital/artifacts/v2_synth/results/sky130hd/nebula_bench_v2/base/clock_period.txt
1. Executing Liberty frontend: /Users/shubhanshu/Desktop/Nebula/digital/orfs/flow/platforms/sky130hd/lib/sky130_fd_sc_hd__tt_025C_1v80.lib
2. Executing Liberty frontend: /Users/shubhanshu/Desktop/Nebula/digital/orfs/flow/platforms/sky130hd/lib/sky130_fd_sc_hd__tt_025C_1v80.lib
3. Executing Verilog-2005 frontend: /Users/shubhanshu/Desktop/Nebula/digital/bench/rtl_v2/alu.v
4. Executing Verilog-2005 frontend: /Users/shubhanshu/Desktop/Nebula/digital/bench/rtl_v2/alu_src_a_mux.v
5. Executing Verilog-2005 frontend: /Users/shubhanshu/Desktop/Nebula/digital/bench/rtl_v2/alu_src_b_mux.v
6. Executing Verilog-2005 frontend: /Users/shubhanshu/Desktop/Nebula/digital/bench/rtl_v2/arbiter.v
7. Executing Verilog-2005 frontend: /Users/shubhanshu/Desktop/Nebula/digital/bench/rtl_v2/asynchronous_fifo_gen.v
8. Executing Verilog-2005 frontend: /Users/shubhanshu/Desktop/Nebula/digital/bench/rtl_v2/axi_interconnect_2m_8s.v
9. Executing Verilog-2005 frontend: /Users/shubhanshu/Desktop/Nebula/digital/bench/rtl_v2/axi_lite_dma_config.v
10. Executing Verilog-2005 frontend: /Users/shubhanshu/Desktop/Nebula/digital/bench/rtl_v2/axi_lite_dot.v
11. Executing Verilog-2005 frontend: /Users/shubhanshu/Desktop/Nebula/digital/bench/rtl_v2/axi_lite_gpio.v
12. Executing Verilog-2005 frontend: /Users/shubhanshu/Desktop/Nebula/digital/bench/rtl_v2/axi_lite_master.v
13. Executing Verilog-2005 frontend: /Users/shubhanshu/Desktop/Nebula/digital/bench/rtl_v2/axi_lite_timer.v
14. Executing Verilog-2005 frontend: /Users/shubhanshu/Desktop/Nebula/digital/bench/rtl_v2/axi_lite_uart.v
15. Executing Verilog-2005 frontend: /Users/shubhanshu/Desktop/Nebula/digital/bench/rtl_v2/bin_to_bcd_32.v
16. Executing Verilog-2005 frontend: /Users/shubhanshu/Desktop/Nebula/digital/bench/rtl_v2/branch_comp_decoder.v
17. Executing Verilog-2005 frontend: /Users/shubhanshu/Desktop/Nebula/digital/bench/rtl_v2/branch_comprator.v
18. Executing Verilog-2005 frontend: /Users/shubhanshu/Desktop/Nebula/digital/bench/rtl_v2/branch_predictor.v
19. Executing Verilog-2005 frontend: /Users/shubhanshu/Desktop/Nebula/digital/bench/rtl_v2/clk_div_mux.v
20. Executing Verilog-2005 frontend: /Users/shubhanshu/Desktop/Nebula/digital/bench/rtl_v2/clk_gate.v
21. Executing Verilog-2005 frontend: /Users/shubhanshu/Desktop/Nebula/digital/bench/rtl_v2/control_unit.v
22. Executing Verilog-2005 frontend: /Users/shubhanshu/Desktop/Nebula/digital/bench/rtl_v2/csr_regfile.v
23. Executing Verilog-2005 frontend: /Users/shubhanshu/Desktop/Nebula/digital/bench/rtl_v2/data_clipper.v
24. Executing Verilog-2005 frontend: /Users/shubhanshu/Desktop/Nebula/digital/bench/rtl_v2/data_extender.v
25. Executing Verilog-2005 frontend: /Users/shubhanshu/Desktop/Nebula/digital/bench/rtl_v2/data_forwarding_unit.v
26. Executing Verilog-2005 frontend: /Users/shubhanshu/Desktop/Nebula/digital/bench/rtl_v2/div_restoring_32.v
27. Executing Verilog-2005 frontend: /Users/shubhanshu/Desktop/Nebula/digital/bench/rtl_v2/dma_controller.v
28. Executing Verilog-2005 frontend: /Users/shubhanshu/Desktop/Nebula/digital/bench/rtl_v2/dmem.v
29. Executing Verilog-2005 frontend: /Users/shubhanshu/Desktop/Nebula/digital/bench/rtl_v2/execution_stage.v
30. Executing Verilog-2005 frontend: /Users/shubhanshu/Desktop/Nebula/digital/bench/rtl_v2/fp4_dot_unit.v
31. Executing Verilog-2005 frontend: /Users/shubhanshu/Desktop/Nebula/digital/bench/rtl_v2/fp4_mul.v
32. Executing Verilog-2005 frontend: /Users/shubhanshu/Desktop/Nebula/digital/bench/rtl_v2/fp8_adder.v
33. Executing Verilog-2005 frontend: /Users/shubhanshu/Desktop/Nebula/digital/bench/rtl_v2/gpio_controller.v
34. Executing Verilog-2005 frontend: /Users/shubhanshu/Desktop/Nebula/digital/bench/rtl_v2/hazard_detection_unit.v
35. Executing Verilog-2005 frontend: /Users/shubhanshu/Desktop/Nebula/digital/bench/rtl_v2/i_rom_32x256.v
36. Executing Verilog-2005 frontend: /Users/shubhanshu/Desktop/Nebula/digital/bench/rtl_v2/id_memory_256x64_wrap.v
37. Executing Verilog-2005 frontend: /Users/shubhanshu/Desktop/Nebula/digital/bench/rtl_v2/immediate_generator.v
38. Executing Verilog-2005 frontend: /Users/shubhanshu/Desktop/Nebula/digital/bench/rtl_v2/instruction_decode_stage.v
39. Executing Verilog-2005 frontend: /Users/shubhanshu/Desktop/Nebula/digital/bench/rtl_v2/instruction_fetch_stage.v
40. Executing Verilog-2005 frontend: /Users/shubhanshu/Desktop/Nebula/digital/bench/rtl_v2/interrupt_control_unit.v
41. Executing Verilog-2005 frontend: /Users/shubhanshu/Desktop/Nebula/digital/bench/rtl_v2/isqrt_restoring_32.v
42. Executing Verilog-2005 frontend: /Users/shubhanshu/Desktop/Nebula/digital/bench/rtl_v2/l1_cache_axi_master.v
43. Executing Verilog-2005 frontend: /Users/shubhanshu/Desktop/Nebula/digital/bench/rtl_v2/l1_d_cache_8kb.v
44. Executing Verilog-2005 frontend: /Users/shubhanshu/Desktop/Nebula/digital/bench/rtl_v2/l1_i_cache_8kb.v
45. Executing Verilog-2005 frontend: /Users/shubhanshu/Desktop/Nebula/digital/bench/rtl_v2/mem_axi_slave.v
46. Executing Verilog-2005 frontend: /Users/shubhanshu/Desktop/Nebula/digital/bench/rtl_v2/memory_stage.v
47. Executing Verilog-2005 frontend: /Users/shubhanshu/Desktop/Nebula/digital/bench/rtl_v2/mult_array_32.v
48. Executing Verilog-2005 frontend: /Users/shubhanshu/Desktop/Nebula/digital/bench/rtl_v2/multiplier_pipelined.v
49. Executing Verilog-2005 frontend: /Users/shubhanshu/Desktop/Nebula/digital/bench/rtl_v2/pipeline_reg_ex_mem.v
50. Executing Verilog-2005 frontend: /Users/shubhanshu/Desktop/Nebula/digital/bench/rtl_v2/pipeline_reg_id_ex.v
51. Executing Verilog-2005 frontend: /Users/shubhanshu/Desktop/Nebula/digital/bench/rtl_v2/pipeline_reg_if_id.v
52. Executing Verilog-2005 frontend: /Users/shubhanshu/Desktop/Nebula/digital/bench/rtl_v2/pipeline_reg_mem_wb.v
53. Executing Verilog-2005 frontend: /Users/shubhanshu/Desktop/Nebula/digital/bench/rtl_v2/processor_top.v
54. Executing Verilog-2005 frontend: /Users/shubhanshu/Desktop/Nebula/digital/bench/rtl_v2/read_buffer_d_cache.v
55. Executing Verilog-2005 frontend: /Users/shubhanshu/Desktop/Nebula/digital/bench/rtl_v2/read_buffer_i_cache.v
56. Executing Verilog-2005 frontend: /Users/shubhanshu/Desktop/Nebula/digital/bench/rtl_v2/register_file.v
57. Executing Verilog-2005 frontend: /Users/shubhanshu/Desktop/Nebula/digital/bench/rtl_v2/soc_top.v
58. Executing Verilog-2005 frontend: /Users/shubhanshu/Desktop/Nebula/digital/bench/rtl_v2/tag_memory_92x64_wrap.v
59. Executing Verilog-2005 frontend: /Users/shubhanshu/Desktop/Nebula/digital/bench/rtl_v2/timer.v
60. Executing Verilog-2005 frontend: /Users/shubhanshu/Desktop/Nebula/digital/bench/rtl_v2/uart_controller.v
61. Executing Verilog-2005 frontend: /Users/shubhanshu/Desktop/Nebula/digital/bench/rtl_v2/write_back_stage.v
62. Executing Verilog-2005 frontend: /Users/shubhanshu/Desktop/Nebula/digital/orfs/flow/platforms/sky130hd/cells_clkgate_hd.v
63. Executing HIERARCHY pass (managing design hierarchy).
64. Executing AST frontend in derive mode using pre-parsed AST for module `\soc_top'.
64.1. Analyzing design hierarchy..
64.2. Executing AST frontend in derive mode using pre-parsed AST for module `\dmem'.
64.3. Executing AST frontend in derive mode using pre-parsed AST for module `\interrupt_control_unit'.
64.4. Executing AST frontend in derive mode using pre-parsed AST for module `\clk_gate'.
64.5. Executing AST frontend in derive mode using pre-parsed AST for module `\clk_div_mux'.
64.6. Executing AST frontend in derive mode using pre-parsed AST for module `\axi_lite_uart'.
64.7. Executing AST frontend in derive mode using pre-parsed AST for module `\mem_axi_slave'.
64.8. Executing AST frontend in derive mode using pre-parsed AST for module `\axi_lite_dot'.
64.9. Executing AST frontend in derive mode using pre-parsed AST for module `\axi_lite_dma_config'.
64.10. Executing AST frontend in derive mode using pre-parsed AST for module `\axi_lite_gpio'.
64.11. Executing AST frontend in derive mode using pre-parsed AST for module `\axi_lite_timer'.
64.12. Executing AST frontend in derive mode using pre-parsed AST for module `\axi_interconnect_2m_8s'.
64.13. Executing AST frontend in derive mode using pre-parsed AST for module `\axi_lite_master'.
64.14. Executing AST frontend in derive mode using pre-parsed AST for module `\l1_cache_axi_master'.
64.15. Executing AST frontend in derive mode using pre-parsed AST for module `\l1_d_cache_8kb'.
64.16. Executing AST frontend in derive mode using pre-parsed AST for module `\read_buffer_d_cache'.
64.17. Executing AST frontend in derive mode using pre-parsed AST for module `\processor_top'.
64.18. Analyzing design hierarchy..
64.19. Executing AST frontend in derive mode using pre-parsed AST for module `\hazard_detection_unit'.
64.20. Executing AST frontend in derive mode using pre-parsed AST for module `\write_back_stage'.
64.21. Executing AST frontend in derive mode using pre-parsed AST for module `\pipeline_reg_mem_wb'.
64.22. Executing AST frontend in derive mode using pre-parsed AST for module `\memory_stage'.
64.23. Executing AST frontend in derive mode using pre-parsed AST for module `\pipeline_reg_ex_mem'.
64.24. Executing AST frontend in derive mode using pre-parsed AST for module `\branch_comprator'.
64.25. Executing AST frontend in derive mode using pre-parsed AST for module `\execution_stage'.
64.26. Executing AST frontend in derive mode using pre-parsed AST for module `\alu_src_b_mux'.
64.27. Executing AST frontend in derive mode using pre-parsed AST for module `\alu_src_a_mux'.
64.28. Executing AST frontend in derive mode using pre-parsed AST for module `\pipeline_reg_id_ex'.
64.29. Executing AST frontend in derive mode using pre-parsed AST for module `\data_forwarding_unit'.
64.30. Executing AST frontend in derive mode using pre-parsed AST for module `\data_extender'.
64.31. Executing AST frontend in derive mode using pre-parsed AST for module `\instruction_decode_stage'.
64.32. Executing AST frontend in derive mode using pre-parsed AST for module `\pipeline_reg_if_id'.
64.33. Executing AST frontend in derive mode using pre-parsed AST for module `\instruction_fetch_stage'.
64.34. Executing AST frontend in derive mode using pre-parsed AST for module `\id_memory_256x64_wrap'.
64.35. Executing AST frontend in derive mode using pre-parsed AST for module `\tag_memory_92x64_wrap'.
64.36. Executing AST frontend in derive mode using pre-parsed AST for module `\arbiter'.
64.37. Executing AST frontend in derive mode using pre-parsed AST for module `\timer'.
64.38. Executing AST frontend in derive mode using pre-parsed AST for module `\asynchronous_fifo_gen'.
64.39. Executing AST frontend in derive mode using pre-parsed AST for module `\asynchronous_fifo_gen'.
64.40. Executing AST frontend in derive mode using pre-parsed AST for module `\gpio_controller'.
64.41. Executing AST frontend in derive mode using pre-parsed AST for module `\dma_controller'.
64.42. Executing AST frontend in derive mode using pre-parsed AST for module `\fp4_dot_unit'.
64.43. Executing AST frontend in derive mode using pre-parsed AST for module `\uart_controller'.
64.44. Analyzing design hierarchy..
64.45. Executing AST frontend in derive mode using pre-parsed AST for module `\bin_to_bcd_32'.
64.46. Executing AST frontend in derive mode using pre-parsed AST for module `\fp8_adder'.
64.47. Executing AST frontend in derive mode using pre-parsed AST for module `\fp4_mul'.
64.48. Executing AST frontend in derive mode using pre-parsed AST for module `\isqrt_restoring_32'.
64.49. Executing AST frontend in derive mode using pre-parsed AST for module `\mult_array_32'.
64.50. Executing AST frontend in derive mode using pre-parsed AST for module `\branch_predictor'.
64.51. Executing AST frontend in derive mode using pre-parsed AST for module `\i_rom_32x256'.
64.52. Executing AST frontend in derive mode using pre-parsed AST for module `\l1_i_cache_8kb'.
64.53. Executing AST frontend in derive mode using pre-parsed AST for module `\read_buffer_i_cache'.
Warning: Replacing memory \buf_data with list of registers. See /Users/shubhanshu/Desktop/Nebula/digital/bench/rtl_v2/read_buffer_i_cache.v:87
64.54. Executing AST frontend in derive mode using pre-parsed AST for module `\branch_comp_decoder'.
64.55. Executing AST frontend in derive mode using pre-parsed AST for module `\immediate_generator'.
64.56. Executing AST frontend in derive mode using pre-parsed AST for module `\csr_regfile'.
64.57. Executing AST frontend in derive mode using pre-parsed AST for module `\register_file'.
64.58. Executing AST frontend in derive mode using pre-parsed AST for module `\control_unit'.
64.59. Executing AST frontend in derive mode using pre-parsed AST for module `\data_clipper'.
64.60. Executing AST frontend in derive mode using pre-parsed AST for module `\multiplier_pipelined'.
64.61. Executing AST frontend in derive mode using pre-parsed AST for module `\alu'.
64.62. Analyzing design hierarchy..
64.63. Executing AST frontend in derive mode using pre-parsed AST for module `\div_restoring_32'.
64.64. Analyzing design hierarchy..
64.65. Analyzing design hierarchy..
65. Executing OPT_CLEAN pass (remove unused cells and wires).
Warning: Ignoring module div_restoring_32 because it contains processes (run 'proc' command first).
Warning: Ignoring module alu because it contains processes (run 'proc' command first).
Warning: Ignoring module multiplier_pipelined because it contains processes (run 'proc' command first).
Warning: Ignoring module data_clipper because it contains processes (run 'proc' command first).
Warning: Ignoring module control_unit because it contains processes (run 'proc' command first).
Warning: Ignoring module register_file because it contains processes (run 'proc' command first).
Warning: Ignoring module csr_regfile because it contains processes (run 'proc' command first).
Warning: Ignoring module immediate_generator because it contains processes (run 'proc' command first).
Warning: Ignoring module branch_comp_decoder because it contains processes (run 'proc' command first).
Warning: Ignoring module read_buffer_i_cache because it contains processes (run 'proc' command first).
Warning: Ignoring module l1_i_cache_8kb because it contains processes (run 'proc' command first).
Warning: Ignoring module i_rom_32x256 because it contains processes (run 'proc' command first).
Warning: Ignoring module branch_predictor because it contains processes (run 'proc' command first).
Warning: Ignoring module mult_array_32 because it contains processes (run 'proc' command first).
Warning: Ignoring module isqrt_restoring_32 because it contains processes (run 'proc' command first).
Warning: Ignoring module fp4_mul because it contains processes (run 'proc' command first).
Warning: Ignoring module fp8_adder because it contains processes (run 'proc' command first).
Warning: Ignoring module bin_to_bcd_32 because it contains processes (run 'proc' command first).
Warning: Ignoring module uart_controller because it contains processes (run 'proc' command first).
Warning: Ignoring module dma_controller because it contains processes (run 'proc' command first).
Warning: Ignoring module gpio_controller because it contains processes (run 'proc' command first).
Warning: Ignoring module $paramod$e9b0330b32c707496d2ac0891b99a36ab486e931\asynchronous_fifo_gen because it contains processes (run 'proc' command first).
Warning: Ignoring module $paramod$72f83d20332db853f52d52010cdb396e42162176\asynchronous_fifo_gen because it contains processes (run 'proc' command first).
Warning: Ignoring module timer because it contains processes (run 'proc' command first).
Warning: Ignoring module arbiter because it contains processes (run 'proc' command first).
Warning: Ignoring module tag_memory_92x64_wrap because it contains processes (run 'proc' command first).
Warning: Ignoring module id_memory_256x64_wrap because it contains processes (run 'proc' command first).
Warning: Ignoring module instruction_fetch_stage because it contains processes (run 'proc' command first).
Warning: Ignoring module pipeline_reg_if_id because it contains processes (run 'proc' command first).
Warning: Ignoring module data_extender because it contains processes (run 'proc' command first).
Warning: Ignoring module data_forwarding_unit because it contains processes (run 'proc' command first).
Warning: Ignoring module pipeline_reg_id_ex because it contains processes (run 'proc' command first).
Warning: Ignoring module alu_src_a_mux because it contains processes (run 'proc' command first).
Warning: Ignoring module alu_src_b_mux because it contains processes (run 'proc' command first).
Warning: Ignoring module branch_comprator because it contains processes (run 'proc' command first).
Warning: Ignoring module pipeline_reg_ex_mem because it contains processes (run 'proc' command first).
Warning: Ignoring module pipeline_reg_mem_wb because it contains processes (run 'proc' command first).
Warning: Ignoring module read_buffer_d_cache because it contains processes (run 'proc' command first).
Warning: Ignoring module l1_d_cache_8kb because it contains processes (run 'proc' command first).
Warning: Ignoring module l1_cache_axi_master because it contains processes (run 'proc' command first).
Warning: Ignoring module axi_lite_master because it contains processes (run 'proc' command first).
Warning: Ignoring module axi_interconnect_2m_8s because it contains processes (run 'proc' command first).
Warning: Ignoring module axi_lite_timer because it contains processes (run 'proc' command first).
Warning: Ignoring module axi_lite_gpio because it contains processes (run 'proc' command first).
Warning: Ignoring module axi_lite_dma_config because it contains processes (run 'proc' command first).
Warning: Ignoring module axi_lite_dot because it contains processes (run 'proc' command first).
Warning: Ignoring module mem_axi_slave because it contains processes (run 'proc' command first).
Warning: Ignoring module axi_lite_uart because it contains processes (run 'proc' command first).
Warning: Ignoring module clk_div_mux because it contains processes (run 'proc' command first).
Warning: Ignoring module interrupt_control_unit because it contains processes (run 'proc' command first).
Warning: Ignoring module dmem because it contains processes (run 'proc' command first).
Warning: Ignoring module soc_top because it contains processes (run 'proc' command first).
66. Executing RTLIL backend.
Warnings: 53 unique messages, 53 total
End of script. Logfile hash: fc14f5cf05, time: 0.51s, user: 0.42s, system: 0.04s, MEM: 82.17 MB peak
Yosys 0.67+ (git sha1 b88b73a99, Release, AppleClang /usr/bin/c++ 21.0.0.21000101) [github.com/The-OpenROAD-Project/yosys at HEAD]
Time spent: 56% 1x hierarchy (0 sec), 21% 4x read_liberty (0 sec), ...
Elapsed time: 0:00.53[h:]min:sec. CPU time: user 0.44 sys 0.05 (93%). Peak memory: 84512KB.
Log                       Ext     Elapsed/s Peak Memory/MB sha1sum result [0:20)
1_1_yosys_canonicalize    .rtlil          0             82 4caf89eb7da0d54d1627
/Users/shubhanshu/Desktop/Nebula/digital/orfs/flow/scripts/synth.sh /Users/shubhanshu/Desktop/Nebula/digital/orfs/flow/scripts/synth.tcl /Users/shubhanshu/Desktop/Nebula/digital/artifacts/v2_synth/logs/sky130hd/nebula_bench_v2/base/1_2_yosys.log
Using ABC speed script.
Extracting clock period from SDC file: /Users/shubhanshu/Desktop/Nebula/digital/artifacts/v2_synth/results/sky130hd/nebula_bench_v2/base/clock_period.txt
1. Executing RTLIL frontend.
2. Executing HIERARCHY pass (managing design hierarchy).
2.1. Analyzing design hierarchy..
2.2. Analyzing design hierarchy..
3. Executing SYNTH pass.
3.1. Executing HIERARCHY pass (managing design hierarchy).
3.1.1. Analyzing design hierarchy..
3.1.2. Analyzing design hierarchy..
3.2. Executing PROC pass (convert processes to netlists).
3.2.1. Executing PROC_CLEAN pass (remove empty switches from decision trees).
3.2.2. Executing PROC_RMDEAD pass (remove dead branches from decision trees).
3.2.3. Executing PROC_PRUNE pass (remove redundant assignments in processes).
3.2.4. Executing PROC_INIT pass (extract init attributes).
3.2.5. Executing PROC_ARST pass (detect async resets in processes).
3.2.6. Executing PROC_ROM pass (convert switches to ROMs).
3.2.7. Executing PROC_MUX pass (convert decision trees to multiplexers).
3.2.8. Executing PROC_DLATCH pass (convert process syncs to latches).
3.2.9. Executing PROC_DFF pass (convert process syncs to FFs).
3.2.10. Executing PROC_MEMWR pass (convert process memory writes to cells).
3.2.11. Executing PROC_CLEAN pass (remove empty switches from decision trees).
3.2.12. Executing OPT_EXPR pass (perform const folding).
3.3. Executing OPT_EXPR pass (perform const folding).
3.4. Executing OPT_CLEAN pass (remove unused cells and wires).
3.5. Executing CHECK pass (checking for obvious problems).
3.6. Executing OPT pass (performing simple optimizations).
3.6.1. Executing OPT_EXPR pass (perform const folding).
3.6.2. Executing OPT_MERGE pass (detect identical cells).
3.6.3. Executing OPT_MUXTREE pass (detect dead branches in mux trees).
3.6.4. Executing OPT_REDUCE pass (consolidate $*mux and $reduce_* inputs).
3.6.5. Executing OPT_MERGE pass (detect identical cells).
3.6.6. Executing OPT_DFF pass (perform DFF optimizations).
3.6.7. Executing OPT_CLEAN pass (remove unused cells and wires).
3.6.8. Executing OPT_EXPR pass (perform const folding).
3.6.9. Rerunning OPT passes. (Maybe there is more to do..)
3.6.10. Executing OPT_MUXTREE pass (detect dead branches in mux trees).
3.6.11. Executing OPT_REDUCE pass (consolidate $*mux and $reduce_* inputs).
3.6.12. Executing OPT_MERGE pass (detect identical cells).
3.6.13. Executing OPT_DFF pass (perform DFF optimizations).
3.6.14. Executing OPT_CLEAN pass (remove unused cells and wires).
3.6.15. Executing OPT_EXPR pass (perform const folding).
3.6.16. Rerunning OPT passes. (Maybe there is more to do..)
3.6.17. Executing OPT_MUXTREE pass (detect dead branches in mux trees).
3.6.18. Executing OPT_REDUCE pass (consolidate $*mux and $reduce_* inputs).
3.6.19. Executing OPT_MERGE pass (detect identical cells).
3.6.20. Executing OPT_DFF pass (perform DFF optimizations).
3.6.21. Executing OPT_CLEAN pass (remove unused cells and wires).
3.6.22. Executing OPT_EXPR pass (perform const folding).
3.6.23. Finished fast OPT passes. (There is nothing left to do.)
3.7. Executing FSM pass (extract and optimize FSM).
3.7.1. Executing FSM_DETECT pass (finding FSMs in design).
3.7.2. Executing FSM_EXTRACT pass (extracting FSM from design).
3.7.3. Executing FSM_OPT pass (simple optimizations of FSMs).
3.7.4. Executing OPT_CLEAN pass (remove unused cells and wires).
3.7.5. Executing FSM_OPT pass (simple optimizations of FSMs).
3.7.6. Executing FSM_RECODE pass (re-assigning FSM state encoding).
3.7.7. Executing FSM_INFO pass (dumping all available information on FSM cells).
3.7.8. Executing FSM_MAP pass (mapping FSMs to basic logic).
3.8. Executing OPT pass (performing simple optimizations).
3.8.1. Executing OPT_EXPR pass (perform const folding).
3.8.2. Executing OPT_MERGE pass (detect identical cells).
3.8.3. Executing OPT_MUXTREE pass (detect dead branches in mux trees).
3.8.4. Executing OPT_REDUCE pass (consolidate $*mux and $reduce_* inputs).
3.8.5. Executing OPT_MERGE pass (detect identical cells).
3.8.6. Executing OPT_DFF pass (perform DFF optimizations).
3.8.7. Executing OPT_CLEAN pass (remove unused cells and wires).
3.8.8. Executing OPT_EXPR pass (perform const folding).
3.8.9. Rerunning OPT passes. (Maybe there is more to do..)
3.8.10. Executing OPT_MUXTREE pass (detect dead branches in mux trees).
3.8.11. Executing OPT_REDUCE pass (consolidate $*mux and $reduce_* inputs).
3.8.12. Executing OPT_MERGE pass (detect identical cells).
3.8.13. Executing OPT_DFF pass (perform DFF optimizations).
3.8.14. Executing OPT_CLEAN pass (remove unused cells and wires).
3.8.15. Executing OPT_EXPR pass (perform const folding).
3.8.16. Rerunning OPT passes. (Maybe there is more to do..)
3.8.17. Executing OPT_MUXTREE pass (detect dead branches in mux trees).
3.8.18. Executing OPT_REDUCE pass (consolidate $*mux and $reduce_* inputs).
3.8.19. Executing OPT_MERGE pass (detect identical cells).
3.8.20. Executing OPT_DFF pass (perform DFF optimizations).
3.8.21. Executing OPT_CLEAN pass (remove unused cells and wires).
3.8.22. Executing OPT_EXPR pass (perform const folding).
3.8.23. Finished fast OPT passes. (There is nothing left to do.)
3.9. Executing WREDUCE pass (reducing word size of cells).
3.10. Executing PEEPOPT pass (run peephole optimizers).
3.11. Executing OPT_CLEAN pass (remove unused cells and wires).
3.12. Executing ALUMACC pass (create $alu and $macc cells).
3.13. Executing SHARE pass (SAT-based resource sharing).
3.14. Executing OPT pass (performing simple optimizations).
3.14.1. Executing OPT_EXPR pass (perform const folding).
3.14.2. Executing OPT_MERGE pass (detect identical cells).
3.14.3. Executing OPT_MUXTREE pass (detect dead branches in mux trees).
3.14.4. Executing OPT_REDUCE pass (consolidate $*mux and $reduce_* inputs).
3.14.5. Executing OPT_MERGE pass (detect identical cells).
3.14.6. Executing OPT_DFF pass (perform DFF optimizations).
3.14.7. Executing OPT_CLEAN pass (remove unused cells and wires).
3.14.8. Executing OPT_EXPR pass (perform const folding).
3.14.9. Rerunning OPT passes. (Maybe there is more to do..)
3.14.10. Executing OPT_MUXTREE pass (detect dead branches in mux trees).
3.14.11. Executing OPT_REDUCE pass (consolidate $*mux and $reduce_* inputs).
3.14.12. Executing OPT_MERGE pass (detect identical cells).
3.14.13. Executing OPT_DFF pass (perform DFF optimizations).
3.14.14. Executing OPT_CLEAN pass (remove unused cells and wires).
3.14.15. Executing OPT_EXPR pass (perform const folding).
3.14.16. Finished fast OPT passes. (There is nothing left to do.)
3.15. Executing MEMORY pass.
3.15.1. Executing OPT_MEM pass (optimize memories).
3.15.2. Executing OPT_MEM_PRIORITY pass (removing unnecessary memory write priority relations).
3.15.3. Executing OPT_MEM_FEEDBACK pass (finding memory read-to-write feedback paths).
3.15.4. Executing MEMORY_BMUX2ROM pass (converting muxes to ROMs).
3.15.5. Executing MEMORY_DFF pass (merging $dff cells to $memrd).
3.15.6. Executing OPT_CLEAN pass (remove unused cells and wires).
3.15.7. Executing MEMORY_SHARE pass (consolidating $memrd/$memwr cells).
3.15.8. Executing OPT_MEM_WIDEN pass (optimize memories where all ports are wide).
3.15.9. Executing OPT_CLEAN pass (remove unused cells and wires).
3.15.10. Executing MEMORY_COLLECT pass (generating $mem cells).
3.16. Executing OPT_CLEAN pass (remove unused cells and wires).
Keep modules above estimated size of
      0 gate equivalents
4. Executing CELLMATCH pass. (match cells)
Warning: Ignoring blackbox module sky130_fd_sc_hd__sdlclkp_4.
Warning: Ignoring blackbox module sky130_fd_sc_hd__sdlclkp_2.
Warning: Ignoring blackbox module sky130_fd_sc_hd__sdlclkp_1.
Warning: Ignoring blackbox module sky130_fd_sc_hd__dlclkp_4.
Warning: Ignoring blackbox module sky130_fd_sc_hd__dlclkp_2.
Warning: Ignoring blackbox module sky130_fd_sc_hd__dlclkp_1.
5. Executing KEEP_HIERARCHY pass.
6. Executing SYNTH pass.
6.1. Executing PROC pass (convert processes to netlists).
6.1.1. Executing PROC_CLEAN pass (remove empty switches from decision trees).
6.1.2. Executing PROC_RMDEAD pass (remove dead branches from decision trees).
6.1.3. Executing PROC_PRUNE pass (remove redundant assignments in processes).
6.1.4. Executing PROC_INIT pass (extract init attributes).
6.1.5. Executing PROC_ARST pass (detect async resets in processes).
6.1.6. Executing PROC_ROM pass (convert switches to ROMs).
6.1.7. Executing PROC_MUX pass (convert decision trees to multiplexers).
6.1.8. Executing PROC_DLATCH pass (convert process syncs to latches).
6.1.9. Executing PROC_DFF pass (convert process syncs to FFs).
6.1.10. Executing PROC_MEMWR pass (convert process memory writes to cells).
6.1.11. Executing PROC_CLEAN pass (remove empty switches from decision trees).
6.1.12. Executing OPT_EXPR pass (perform const folding).
6.2. Executing CHECK pass (checking for obvious problems).
Warning: Wire i_rom_32x256.$memrd$\mem$/Users/shubhanshu/Desktop/Nebula/digital/bench/rtl_v2/i_rom_32x256.v:45$10294_DATA [31] is used but has no driver.
Warning: Wire i_rom_32x256.$memrd$\mem$/Users/shubhanshu/Desktop/Nebula/digital/bench/rtl_v2/i_rom_32x256.v:45$10294_DATA [30] is used but has no driver.
Warning: Wire i_rom_32x256.$memrd$\mem$/Users/shubhanshu/Desktop/Nebula/digital/bench/rtl_v2/i_rom_32x256.v:45$10294_DATA [29] is used but has no driver.
Warning: Wire i_rom_32x256.$memrd$\mem$/Users/shubhanshu/Desktop/Nebula/digital/bench/rtl_v2/i_rom_32x256.v:45$10294_DATA [28] is used but has no driver.
Warning: Wire i_rom_32x256.$memrd$\mem$/Users/shubhanshu/Desktop/Nebula/digital/bench/rtl_v2/i_rom_32x256.v:45$10294_DATA [27] is used but has no driver.
Warning: Wire i_rom_32x256.$memrd$\mem$/Users/shubhanshu/Desktop/Nebula/digital/bench/rtl_v2/i_rom_32x256.v:45$10294_DATA [26] is used but has no driver.
Warning: Wire i_rom_32x256.$memrd$\mem$/Users/shubhanshu/Desktop/Nebula/digital/bench/rtl_v2/i_rom_32x256.v:45$10294_DATA [25] is used but has no driver.
Warning: Wire i_rom_32x256.$memrd$\mem$/Users/shubhanshu/Desktop/Nebula/digital/bench/rtl_v2/i_rom_32x256.v:45$10294_DATA [24] is used but has no driver.
Warning: Wire i_rom_32x256.$memrd$\mem$/Users/shubhanshu/Desktop/Nebula/digital/bench/rtl_v2/i_rom_32x256.v:45$10294_DATA [23] is used but has no driver.
Warning: Wire i_rom_32x256.$memrd$\mem$/Users/shubhanshu/Desktop/Nebula/digital/bench/rtl_v2/i_rom_32x256.v:45$10294_DATA [22] is used but has no driver.
Warning: Wire i_rom_32x256.$memrd$\mem$/Users/shubhanshu/Desktop/Nebula/digital/bench/rtl_v2/i_rom_32x256.v:45$10294_DATA [21] is used but has no driver.
Warning: Wire i_rom_32x256.$memrd$\mem$/Users/shubhanshu/Desktop/Nebula/digital/bench/rtl_v2/i_rom_32x256.v:45$10294_DATA [20] is used but has no driver.
Warning: Wire i_rom_32x256.$memrd$\mem$/Users/shubhanshu/Desktop/Nebula/digital/bench/rtl_v2/i_rom_32x256.v:45$10294_DATA [19] is used but has no driver.
Warning: Wire i_rom_32x256.$memrd$\mem$/Users/shubhanshu/Desktop/Nebula/digital/bench/rtl_v2/i_rom_32x256.v:45$10294_DATA [18] is used but has no driver.
Warning: Wire i_rom_32x256.$memrd$\mem$/Users/shubhanshu/Desktop/Nebula/digital/bench/rtl_v2/i_rom_32x256.v:45$10294_DATA [17] is used but has no driver.
Warning: Wire i_rom_32x256.$memrd$\mem$/Users/shubhanshu/Desktop/Nebula/digital/bench/rtl_v2/i_rom_32x256.v:45$10294_DATA [16] is used but has no driver.
Warning: Wire i_rom_32x256.$memrd$\mem$/Users/shubhanshu/Desktop/Nebula/digital/bench/rtl_v2/i_rom_32x256.v:45$10294_DATA [15] is used but has no driver.
Warning: Wire i_rom_32x256.$memrd$\mem$/Users/shubhanshu/Desktop/Nebula/digital/bench/rtl_v2/i_rom_32x256.v:45$10294_DATA [14] is used but has no driver.
Warning: Wire i_rom_32x256.$memrd$\mem$/Users/shubhanshu/Desktop/Nebula/digital/bench/rtl_v2/i_rom_32x256.v:45$10294_DATA [13] is used but has no driver.
Warning: Wire i_rom_32x256.$memrd$\mem$/Users/shubhanshu/Desktop/Nebula/digital/bench/rtl_v2/i_rom_32x256.v:45$10294_DATA [12] is used but has no driver.
Warning: Wire i_rom_32x256.$memrd$\mem$/Users/shubhanshu/Desktop/Nebula/digital/bench/rtl_v2/i_rom_32x256.v:45$10294_DATA [11] is used but has no driver.
Warning: Wire i_rom_32x256.$memrd$\mem$/Users/shubhanshu/Desktop/Nebula/digital/bench/rtl_v2/i_rom_32x256.v:45$10294_DATA [10] is used but has no driver.
Warning: Wire i_rom_32x256.$memrd$\mem$/Users/shubhanshu/Desktop/Nebula/digital/bench/rtl_v2/i_rom_32x256.v:45$10294_DATA [9] is used but has no driver.
Warning: Wire i_rom_32x256.$memrd$\mem$/Users/shubhanshu/Desktop/Nebula/digital/bench/rtl_v2/i_rom_32x256.v:45$10294_DATA [8] is used but has no driver.
Warning: Wire i_rom_32x256.$memrd$\mem$/Users/shubhanshu/Desktop/Nebula/digital/bench/rtl_v2/i_rom_32x256.v:45$10294_DATA [7] is used but has no driver.
Warning: Wire i_rom_32x256.$memrd$\mem$/Users/shubhanshu/Desktop/Nebula/digital/bench/rtl_v2/i_rom_32x256.v:45$10294_DATA [6] is used but has no driver.
Warning: Wire i_rom_32x256.$memrd$\mem$/Users/shubhanshu/Desktop/Nebula/digital/bench/rtl_v2/i_rom_32x256.v:45$10294_DATA [5] is used but has no driver.
Warning: Wire i_rom_32x256.$memrd$\mem$/Users/shubhanshu/Desktop/Nebula/digital/bench/rtl_v2/i_rom_32x256.v:45$10294_DATA [4] is used but has no driver.
Warning: Wire i_rom_32x256.$memrd$\mem$/Users/shubhanshu/Desktop/Nebula/digital/bench/rtl_v2/i_rom_32x256.v:45$10294_DATA [2] is used but has no driver.
Warning: Wire i_rom_32x256.$memrd$\mem$/Users/shubhanshu/Desktop/Nebula/digital/bench/rtl_v2/i_rom_32x256.v:45$10293_DATA [31] is used but has no driver.
Warning: Wire i_rom_32x256.$memrd$\mem$/Users/shubhanshu/Desktop/Nebula/digital/bench/rtl_v2/i_rom_32x256.v:45$10293_DATA [30] is used but has no driver.
Warning: Wire i_rom_32x256.$memrd$\mem$/Users/shubhanshu/Desktop/Nebula/digital/bench/rtl_v2/i_rom_32x256.v:45$10293_DATA [29] is used but has no driver.
Warning: Wire i_rom_32x256.$memrd$\mem$/Users/shubhanshu/Desktop/Nebula/digital/bench/rtl_v2/i_rom_32x256.v:45$10293_DATA [28] is used but has no driver.
Warning: Wire i_rom_32x256.$memrd$\mem$/Users/shubhanshu/Desktop/Nebula/digital/bench/rtl_v2/i_rom_32x256.v:45$10293_DATA [27] is used but has no driver.
Warning: Wire i_rom_32x256.$memrd$\mem$/Users/shubhanshu/Desktop/Nebula/digital/bench/rtl_v2/i_rom_32x256.v:45$10293_DATA [26] is used but has no driver.
Warning: Wire i_rom_32x256.$memrd$\mem$/Users/shubhanshu/Desktop/Nebula/digital/bench/rtl_v2/i_rom_32x256.v:45$10293_DATA [25] is used but has no driver.
Warning: Wire i_rom_32x256.$memrd$\mem$/Users/shubhanshu/Desktop/Nebula/digital/bench/rtl_v2/i_rom_32x256.v:45$10293_DATA [24] is used but has no driver.
Warning: Wire i_rom_32x256.$memrd$\mem$/Users/shubhanshu/Desktop/Nebula/digital/bench/rtl_v2/i_rom_32x256.v:45$10293_DATA [23] is used but has no driver.
Warning: Wire i_rom_32x256.$memrd$\mem$/Users/shubhanshu/Desktop/Nebula/digital/bench/rtl_v2/i_rom_32x256.v:45$10293_DATA [22] is used but has no driver.
Warning: Wire i_rom_32x256.$memrd$\mem$/Users/shubhanshu/Desktop/Nebula/digital/bench/rtl_v2/i_rom_32x256.v:45$10293_DATA [21] is used but has no driver.
Warning: Wire i_rom_32x256.$memrd$\mem$/Users/shubhanshu/Desktop/Nebula/digital/bench/rtl_v2/i_rom_32x256.v:45$10293_DATA [20] is used but has no driver.
Warning: Wire i_rom_32x256.$memrd$\mem$/Users/shubhanshu/Desktop/Nebula/digital/bench/rtl_v2/i_rom_32x256.v:45$10293_DATA [19] is used but has no driver.
Warning: Wire i_rom_32x256.$memrd$\mem$/Users/shubhanshu/Desktop/Nebula/digital/bench/rtl_v2/i_rom_32x256.v:45$10293_DATA [18] is used but has no driver.
Warning: Wire i_rom_32x256.$memrd$\mem$/Users/shubhanshu/Desktop/Nebula/digital/bench/rtl_v2/i_rom_32x256.v:45$10293_DATA [17] is used but has no driver.
Warning: Wire i_rom_32x256.$memrd$\mem$/Users/shubhanshu/Desktop/Nebula/digital/bench/rtl_v2/i_rom_32x256.v:45$10293_DATA [16] is used but has no driver.
Warning: Wire i_rom_32x256.$memrd$\mem$/Users/shubhanshu/Desktop/Nebula/digital/bench/rtl_v2/i_rom_32x256.v:45$10293_DATA [15] is used but has no driver.
Warning: Wire i_rom_32x256.$memrd$\mem$/Users/shubhanshu/Desktop/Nebula/digital/bench/rtl_v2/i_rom_32x256.v:45$10293_DATA [14] is used but has no driver.
Warning: Wire i_rom_32x256.$memrd$\mem$/Users/shubhanshu/Desktop/Nebula/digital/bench/rtl_v2/i_rom_32x256.v:45$10293_DATA [13] is used but has no driver.
Warning: Wire i_rom_32x256.$memrd$\mem$/Users/shubhanshu/Desktop/Nebula/digital/bench/rtl_v2/i_rom_32x256.v:45$10293_DATA [12] is used but has no driver.
Warning: Wire i_rom_32x256.$memrd$\mem$/Users/shubhanshu/Desktop/Nebula/digital/bench/rtl_v2/i_rom_32x256.v:45$10293_DATA [11] is used but has no driver.
Warning: Wire i_rom_32x256.$memrd$\mem$/Users/shubhanshu/Desktop/Nebula/digital/bench/rtl_v2/i_rom_32x256.v:45$10293_DATA [10] is used but has no driver.
Warning: Wire i_rom_32x256.$memrd$\mem$/Users/shubhanshu/Desktop/Nebula/digital/bench/rtl_v2/i_rom_32x256.v:45$10293_DATA [9] is used but has no driver.
Warning: Wire i_rom_32x256.$memrd$\mem$/Users/shubhanshu/Desktop/Nebula/digital/bench/rtl_v2/i_rom_32x256.v:45$10293_DATA [8] is used but has no driver.
Warning: Wire i_rom_32x256.$memrd$\mem$/Users/shubhanshu/Desktop/Nebula/digital/bench/rtl_v2/i_rom_32x256.v:45$10293_DATA [7] is used but has no driver.
Warning: Wire i_rom_32x256.$memrd$\mem$/Users/shubhanshu/Desktop/Nebula/digital/bench/rtl_v2/i_rom_32x256.v:45$10293_DATA [6] is used but has no driver.
Warning: Wire i_rom_32x256.$memrd$\mem$/Users/shubhanshu/Desktop/Nebula/digital/bench/rtl_v2/i_rom_32x256.v:45$10293_DATA [5] is used but has no driver.
Warning: Wire i_rom_32x256.$memrd$\mem$/Users/shubhanshu/Desktop/Nebula/digital/bench/rtl_v2/i_rom_32x256.v:45$10293_DATA [4] is used but has no driver.
Warning: Wire i_rom_32x256.$memrd$\mem$/Users/shubhanshu/Desktop/Nebula/digital/bench/rtl_v2/i_rom_32x256.v:45$10293_DATA [2] is used but has no driver.
Warning: Wire i_rom_32x256.$memrd$\mem$/Users/shubhanshu/Desktop/Nebula/digital/bench/rtl_v2/i_rom_32x256.v:46$10292_DATA [31] is used but has no driver.
Warning: Wire i_rom_32x256.$memrd$\mem$/Users/shubhanshu/Desktop/Nebula/digital/bench/rtl_v2/i_rom_32x256.v:46$10292_DATA [30] is used but has no driver.
Warning: Wire i_rom_32x256.$memrd$\mem$/Users/shubhanshu/Desktop/Nebula/digital/bench/rtl_v2/i_rom_32x256.v:46$10292_DATA [29] is used but has no driver.
Warning: Wire i_rom_32x256.$memrd$\mem$/Users/shubhanshu/Desktop/Nebula/digital/bench/rtl_v2/i_rom_32x256.v:46$10292_DATA [28] is used but has no driver.
Warning: Wire i_rom_32x256.$memrd$\mem$/Users/shubhanshu/Desktop/Nebula/digital/bench/rtl_v2/i_rom_32x256.v:46$10292_DATA [27] is used but has no driver.
Warning: Wire i_rom_32x256.$memrd$\mem$/Users/shubhanshu/Desktop/Nebula/digital/bench/rtl_v2/i_rom_32x256.v:46$10292_DATA [26] is used but has no driver.
Warning: Wire i_rom_32x256.$memrd$\mem$/Users/shubhanshu/Desktop/Nebula/digital/bench/rtl_v2/i_rom_32x256.v:46$10292_DATA [25] is used but has no driver.
Warning: Wire i_rom_32x256.$memrd$\mem$/Users/shubhanshu/Desktop/Nebula/digital/bench/rtl_v2/i_rom_32x256.v:46$10292_DATA [24] is used but has no driver.
Warning: Wire i_rom_32x256.$memrd$\mem$/Users/shubhanshu/Desktop/Nebula/digital/bench/rtl_v2/i_rom_32x256.v:46$10292_DATA [23] is used but has no driver.
Warning: Wire i_rom_32x256.$memrd$\mem$/Users/shubhanshu/Desktop/Nebula/digital/bench/rtl_v2/i_rom_32x256.v:46$10292_DATA [22] is used but has no driver.
Warning: Wire i_rom_32x256.$memrd$\mem$/Users/shubhanshu/Desktop/Nebula/digital/bench/rtl_v2/i_rom_32x256.v:46$10292_DATA [21] is used but has no driver.
Warning: Wire i_rom_32x256.$memrd$\mem$/Users/shubhanshu/Desktop/Nebula/digital/bench/rtl_v2/i_rom_32x256.v:46$10292_DATA [20] is used but has no driver.
Warning: Wire i_rom_32x256.$memrd$\mem$/Users/shubhanshu/Desktop/Nebula/digital/bench/rtl_v2/i_rom_32x256.v:46$10292_DATA [19] is used but has no driver.
Warning: Wire i_rom_32x256.$memrd$\mem$/Users/shubhanshu/Desktop/Nebula/digital/bench/rtl_v2/i_rom_32x256.v:46$10292_DATA [18] is used but has no driver.
Warning: Wire i_rom_32x256.$memrd$\mem$/Users/shubhanshu/Desktop/Nebula/digital/bench/rtl_v2/i_rom_32x256.v:46$10292_DATA [17] is used but has no driver.
Warning: Wire i_rom_32x256.$memrd$\mem$/Users/shubhanshu/Desktop/Nebula/digital/bench/rtl_v2/i_rom_32x256.v:46$10292_DATA [16] is used but has no driver.
Warning: Wire i_rom_32x256.$memrd$\mem$/Users/shubhanshu/Desktop/Nebula/digital/bench/rtl_v2/i_rom_32x256.v:46$10292_DATA [15] is used but has no driver.
Warning: Wire i_rom_32x256.$memrd$\mem$/Users/shubhanshu/Desktop/Nebula/digital/bench/rtl_v2/i_rom_32x256.v:46$10292_DATA [14] is used but has no driver.
Warning: Wire i_rom_32x256.$memrd$\mem$/Users/shubhanshu/Desktop/Nebula/digital/bench/rtl_v2/i_rom_32x256.v:46$10292_DATA [13] is used but has no driver.
Warning: Wire i_rom_32x256.$memrd$\mem$/Users/shubhanshu/Desktop/Nebula/digital/bench/rtl_v2/i_rom_32x256.v:46$10292_DATA [12] is used but has no driver.
Warning: Wire i_rom_32x256.$memrd$\mem$/Users/shubhanshu/Desktop/Nebula/digital/bench/rtl_v2/i_rom_32x256.v:46$10292_DATA [11] is used but has no driver.
Warning: Wire i_rom_32x256.$memrd$\mem$/Users/shubhanshu/Desktop/Nebula/digital/bench/rtl_v2/i_rom_32x256.v:46$10292_DATA [10] is used but has no driver.
Warning: Wire i_rom_32x256.$memrd$\mem$/Users/shubhanshu/Desktop/Nebula/digital/bench/rtl_v2/i_rom_32x256.v:46$10292_DATA [9] is used but has no driver.
Warning: Wire i_rom_32x256.$memrd$\mem$/Users/shubhanshu/Desktop/Nebula/digital/bench/rtl_v2/i_rom_32x256.v:46$10292_DATA [8] is used but has no driver.
Warning: Wire i_rom_32x256.$memrd$\mem$/Users/shubhanshu/Desktop/Nebula/digital/bench/rtl_v2/i_rom_32x256.v:46$10292_DATA [7] is used but has no driver.
Warning: Wire i_rom_32x256.$memrd$\mem$/Users/shubhanshu/Desktop/Nebula/digital/bench/rtl_v2/i_rom_32x256.v:46$10292_DATA [6] is used but has no driver.
Warning: Wire i_rom_32x256.$memrd$\mem$/Users/shubhanshu/Desktop/Nebula/digital/bench/rtl_v2/i_rom_32x256.v:46$10292_DATA [5] is used but has no driver.
Warning: Wire i_rom_32x256.$memrd$\mem$/Users/shubhanshu/Desktop/Nebula/digital/bench/rtl_v2/i_rom_32x256.v:46$10292_DATA [4] is used but has no driver.
Warning: Wire i_rom_32x256.$memrd$\mem$/Users/shubhanshu/Desktop/Nebula/digital/bench/rtl_v2/i_rom_32x256.v:46$10292_DATA [2] is used but has no driver.
Warning: Wire i_rom_32x256.$memrd$\mem$/Users/shubhanshu/Desktop/Nebula/digital/bench/rtl_v2/i_rom_32x256.v:46$10291_DATA [31] is used but has no driver.
Warning: Wire i_rom_32x256.$memrd$\mem$/Users/shubhanshu/Desktop/Nebula/digital/bench/rtl_v2/i_rom_32x256.v:46$10291_DATA [30] is used but has no driver.
Warning: Wire i_rom_32x256.$memrd$\mem$/Users/shubhanshu/Desktop/Nebula/digital/bench/rtl_v2/i_rom_32x256.v:46$10291_DATA [29] is used but has no driver.
Warning: Wire i_rom_32x256.$memrd$\mem$/Users/shubhanshu/Desktop/Nebula/digital/bench/rtl_v2/i_rom_32x256.v:46$10291_DATA [28] is used but has no driver.
Warning: Wire i_rom_32x256.$memrd$\mem$/Users/shubhanshu/Desktop/Nebula/digital/bench/rtl_v2/i_rom_32x256.v:46$10291_DATA [27] is used but has no driver.
Warning: Wire i_rom_32x256.$memrd$\mem$/Users/shubhanshu/Desktop/Nebula/digital/bench/rtl_v2/i_rom_32x256.v:46$10291_DATA [26] is used but has no driver.
Warning: Wire i_rom_32x256.$memrd$\mem$/Users/shubhanshu/Desktop/Nebula/digital/bench/rtl_v2/i_rom_32x256.v:46$10291_DATA [25] is used but has no driver.
Warning: Wire i_rom_32x256.$memrd$\mem$/Users/shubhanshu/Desktop/Nebula/digital/bench/rtl_v2/i_rom_32x256.v:46$10291_DATA [24] is used but has no driver.
Warning: Wire i_rom_32x256.$memrd$\mem$/Users/shubhanshu/Desktop/Nebula/digital/bench/rtl_v2/i_rom_32x256.v:46$10291_DATA [23] is used but has no driver.
Warning: Wire i_rom_32x256.$memrd$\mem$/Users/shubhanshu/Desktop/Nebula/digital/bench/rtl_v2/i_rom_32x256.v:46$10291_DATA [22] is used but has no driver.
Warning: Wire i_rom_32x256.$memrd$\mem$/Users/shubhanshu/Desktop/Nebula/digital/bench/rtl_v2/i_rom_32x256.v:46$10291_DATA [21] is used but has no driver.
Warning: Wire i_rom_32x256.$memrd$\mem$/Users/shubhanshu/Desktop/Nebula/digital/bench/rtl_v2/i_rom_32x256.v:46$10291_DATA [20] is used but has no driver.
Warning: Wire i_rom_32x256.$memrd$\mem$/Users/shubhanshu/Desktop/Nebula/digital/bench/rtl_v2/i_rom_32x256.v:46$10291_DATA [19] is used but has no driver.
Warning: Wire i_rom_32x256.$memrd$\mem$/Users/shubhanshu/Desktop/Nebula/digital/bench/rtl_v2/i_rom_32x256.v:46$10291_DATA [18] is used but has no driver.
Warning: Wire i_rom_32x256.$memrd$\mem$/Users/shubhanshu/Desktop/Nebula/digital/bench/rtl_v2/i_rom_32x256.v:46$10291_DATA [17] is used but has no driver.
Warning: Wire i_rom_32x256.$memrd$\mem$/Users/shubhanshu/Desktop/Nebula/digital/bench/rtl_v2/i_rom_32x256.v:46$10291_DATA [16] is used but has no driver.
Warning: Wire i_rom_32x256.$memrd$\mem$/Users/shubhanshu/Desktop/Nebula/digital/bench/rtl_v2/i_rom_32x256.v:46$10291_DATA [15] is used but has no driver.
Warning: Wire i_rom_32x256.$memrd$\mem$/Users/shubhanshu/Desktop/Nebula/digital/bench/rtl_v2/i_rom_32x256.v:46$10291_DATA [14] is used but has no driver.
Warning: Wire i_rom_32x256.$memrd$\mem$/Users/shubhanshu/Desktop/Nebula/digital/bench/rtl_v2/i_rom_32x256.v:46$10291_DATA [13] is used but has no driver.
Warning: Wire i_rom_32x256.$memrd$\mem$/Users/shubhanshu/Desktop/Nebula/digital/bench/rtl_v2/i_rom_32x256.v:46$10291_DATA [12] is used but has no driver.
Warning: Wire i_rom_32x256.$memrd$\mem$/Users/shubhanshu/Desktop/Nebula/digital/bench/rtl_v2/i_rom_32x256.v:46$10291_DATA [11] is used but has no driver.
Warning: Wire i_rom_32x256.$memrd$\mem$/Users/shubhanshu/Desktop/Nebula/digital/bench/rtl_v2/i_rom_32x256.v:46$10291_DATA [10] is used but has no driver.
Warning: Wire i_rom_32x256.$memrd$\mem$/Users/shubhanshu/Desktop/Nebula/digital/bench/rtl_v2/i_rom_32x256.v:46$10291_DATA [9] is used but has no driver.
Warning: Wire i_rom_32x256.$memrd$\mem$/Users/shubhanshu/Desktop/Nebula/digital/bench/rtl_v2/i_rom_32x256.v:46$10291_DATA [8] is used but has no driver.
Warning: Wire i_rom_32x256.$memrd$\mem$/Users/shubhanshu/Desktop/Nebula/digital/bench/rtl_v2/i_rom_32x256.v:46$10291_DATA [7] is used but has no driver.
Warning: Wire i_rom_32x256.$memrd$\mem$/Users/shubhanshu/Desktop/Nebula/digital/bench/rtl_v2/i_rom_32x256.v:46$10291_DATA [6] is used but has no driver.
Warning: Wire i_rom_32x256.$memrd$\mem$/Users/shubhanshu/Desktop/Nebula/digital/bench/rtl_v2/i_rom_32x256.v:46$10291_DATA [5] is used but has no driver.
Warning: Wire i_rom_32x256.$memrd$\mem$/Users/shubhanshu/Desktop/Nebula/digital/bench/rtl_v2/i_rom_32x256.v:46$10291_DATA [4] is used but has no driver.
Warning: Wire i_rom_32x256.$memrd$\mem$/Users/shubhanshu/Desktop/Nebula/digital/bench/rtl_v2/i_rom_32x256.v:46$10291_DATA [2] is used but has no driver.
Warning: Wire i_rom_32x256.$memrd$\mem$/Users/shubhanshu/Desktop/Nebula/digital/bench/rtl_v2/i_rom_32x256.v:47$10290_DATA [31] is used but has no driver.
Warning: Wire i_rom_32x256.$memrd$\mem$/Users/shubhanshu/Desktop/Nebula/digital/bench/rtl_v2/i_rom_32x256.v:47$10290_DATA [30] is used but has no driver.
Warning: Wire i_rom_32x256.$memrd$\mem$/Users/shubhanshu/Desktop/Nebula/digital/bench/rtl_v2/i_rom_32x256.v:47$10290_DATA [29] is used but has no driver.
Warning: Wire i_rom_32x256.$memrd$\mem$/Users/shubhanshu/Desktop/Nebula/digital/bench/rtl_v2/i_rom_32x256.v:47$10290_DATA [28] is used but has no driver.
Warning: Wire i_rom_32x256.$memrd$\mem$/Users/shubhanshu/Desktop/Nebula/digital/bench/rtl_v2/i_rom_32x256.v:47$10290_DATA [27] is used but has no driver.
Warning: Wire i_rom_32x256.$memrd$\mem$/Users/shubhanshu/Desktop/Nebula/digital/bench/rtl_v2/i_rom_32x256.v:47$10290_DATA [26] is used but has no driver.
Warning: Wire i_rom_32x256.$memrd$\mem$/Users/shubhanshu/Desktop/Nebula/digital/bench/rtl_v2/i_rom_32x256.v:47$10290_DATA [25] is used but has no driver.
Warning: Wire i_rom_32x256.$memrd$\mem$/Users/shubhanshu/Desktop/Nebula/digital/bench/rtl_v2/i_rom_32x256.v:47$10290_DATA [24] is used but has no driver.
Warning: Wire i_rom_32x256.$memrd$\mem$/Users/shubhanshu/Desktop/Nebula/digital/bench/rtl_v2/i_rom_32x256.v:47$10290_DATA [23] is used but has no driver.
Warning: Wire i_rom_32x256.$memrd$\mem$/Users/shubhanshu/Desktop/Nebula/digital/bench/rtl_v2/i_rom_32x256.v:47$10290_DATA [22] is used but has no driver.
Warning: Wire i_rom_32x256.$memrd$\mem$/Users/shubhanshu/Desktop/Nebula/digital/bench/rtl_v2/i_rom_32x256.v:47$10290_DATA [21] is used but has no driver.
Warning: Wire i_rom_32x256.$memrd$\mem$/Users/shubhanshu/Desktop/Nebula/digital/bench/rtl_v2/i_rom_32x256.v:47$10290_DATA [20] is used but has no driver.
Warning: Wire i_rom_32x256.$memrd$\mem$/Users/shubhanshu/Desktop/Nebula/digital/bench/rtl_v2/i_rom_32x256.v:47$10290_DATA [19] is used but has no driver.
Warning: Wire i_rom_32x256.$memrd$\mem$/Users/shubhanshu/Desktop/Nebula/digital/bench/rtl_v2/i_rom_32x256.v:47$10290_DATA [18] is used but has no driver.
Warning: Wire i_rom_32x256.$memrd$\mem$/Users/shubhanshu/Desktop/Nebula/digital/bench/rtl_v2/i_rom_32x256.v:47$10290_DATA [17] is used but has no driver.
Warning: Wire i_rom_32x256.$memrd$\mem$/Users/shubhanshu/Desktop/Nebula/digital/bench/rtl_v2/i_rom_32x256.v:47$10290_DATA [16] is used but has no driver.
Warning: Wire i_rom_32x256.$memrd$\mem$/Users/shubhanshu/Desktop/Nebula/digital/bench/rtl_v2/i_rom_32x256.v:47$10290_DATA [15] is used but has no driver.
Warning: Wire i_rom_32x256.$memrd$\mem$/Users/shubhanshu/Desktop/Nebula/digital/bench/rtl_v2/i_rom_32x256.v:47$10290_DATA [14] is used but has no driver.
Warning: Wire i_rom_32x256.$memrd$\mem$/Users/shubhanshu/Desktop/Nebula/digital/bench/rtl_v2/i_rom_32x256.v:47$10290_DATA [13] is used but has no driver.
Warning: Wire i_rom_32x256.$memrd$\mem$/Users/shubhanshu/Desktop/Nebula/digital/bench/rtl_v2/i_rom_32x256.v:47$10290_DATA [12] is used but has no driver.
Warning: Wire i_rom_32x256.$memrd$\mem$/Users/shubhanshu/Desktop/Nebula/digital/bench/rtl_v2/i_rom_32x256.v:47$10290_DATA [11] is used but has no driver.
Warning: Wire i_rom_32x256.$memrd$\mem$/Users/shubhanshu/Desktop/Nebula/digital/bench/rtl_v2/i_rom_32x256.v:47$10290_DATA [10] is used but has no driver.
Warning: Wire i_rom_32x256.$memrd$\mem$/Users/shubhanshu/Desktop/Nebula/digital/bench/rtl_v2/i_rom_32x256.v:47$10290_DATA [9] is used but has no driver.
Warning: Wire i_rom_32x256.$memrd$\mem$/Users/shubhanshu/Desktop/Nebula/digital/bench/rtl_v2/i_rom_32x256.v:47$10290_DATA [8] is used but has no driver.
Warning: Wire i_rom_32x256.$memrd$\mem$/Users/shubhanshu/Desktop/Nebula/digital/bench/rtl_v2/i_rom_32x256.v:47$10290_DATA [7] is used but has no driver.
Warning: Wire i_rom_32x256.$memrd$\mem$/Users/shubhanshu/Desktop/Nebula/digital/bench/rtl_v2/i_rom_32x256.v:47$10290_DATA [6] is used but has no driver.
Warning: Wire i_rom_32x256.$memrd$\mem$/Users/shubhanshu/Desktop/Nebula/digital/bench/rtl_v2/i_rom_32x256.v:47$10290_DATA [5] is used but has no driver.
Warning: Wire i_rom_32x256.$memrd$\mem$/Users/shubhanshu/Desktop/Nebula/digital/bench/rtl_v2/i_rom_32x256.v:47$10290_DATA [4] is used but has no driver.
Warning: Wire i_rom_32x256.$memrd$\mem$/Users/shubhanshu/Desktop/Nebula/digital/bench/rtl_v2/i_rom_32x256.v:47$10290_DATA [2] is used but has no driver.
Warning: Wire i_rom_32x256.$memrd$\mem$/Users/shubhanshu/Desktop/Nebula/digital/bench/rtl_v2/i_rom_32x256.v:47$10289_DATA [31] is used but has no driver.
Warning: Wire i_rom_32x256.$memrd$\mem$/Users/shubhanshu/Desktop/Nebula/digital/bench/rtl_v2/i_rom_32x256.v:47$10289_DATA [30] is used but has no driver.
Warning: Wire i_rom_32x256.$memrd$\mem$/Users/shubhanshu/Desktop/Nebula/digital/bench/rtl_v2/i_rom_32x256.v:47$10289_DATA [29] is used but has no driver.
Warning: Wire i_rom_32x256.$memrd$\mem$/Users/shubhanshu/Desktop/Nebula/digital/bench/rtl_v2/i_rom_32x256.v:47$10289_DATA [28] is used but has no driver.
Warning: Wire i_rom_32x256.$memrd$\mem$/Users/shubhanshu/Desktop/Nebula/digital/bench/rtl_v2/i_rom_32x256.v:47$10289_DATA [27] is used but has no driver.
Warning: Wire i_rom_32x256.$memrd$\mem$/Users/shubhanshu/Desktop/Nebula/digital/bench/rtl_v2/i_rom_32x256.v:47$10289_DATA [26] is used but has no driver.
Warning: Wire i_rom_32x256.$memrd$\mem$/Users/shubhanshu/Desktop/Nebula/digital/bench/rtl_v2/i_rom_32x256.v:47$10289_DATA [25] is used but has no driver.
Warning: Wire i_rom_32x256.$memrd$\mem$/Users/shubhanshu/Desktop/Nebula/digital/bench/rtl_v2/i_rom_32x256.v:47$10289_DATA [24] is used but has no driver.
Warning: Wire i_rom_32x256.$memrd$\mem$/Users/shubhanshu/Desktop/Nebula/digital/bench/rtl_v2/i_rom_32x256.v:47$10289_DATA [23] is used but has no driver.
Warning: Wire i_rom_32x256.$memrd$\mem$/Users/shubhanshu/Desktop/Nebula/digital/bench/rtl_v2/i_rom_32x256.v:47$10289_DATA [22] is used but has no driver.
Warning: Wire i_rom_32x256.$memrd$\mem$/Users/shubhanshu/Desktop/Nebula/digital/bench/rtl_v2/i_rom_32x256.v:47$10289_DATA [21] is used but has no driver.
Warning: Wire i_rom_32x256.$memrd$\mem$/Users/shubhanshu/Desktop/Nebula/digital/bench/rtl_v2/i_rom_32x256.v:47$10289_DATA [20] is used but has no driver.
Warning: Wire i_rom_32x256.$memrd$\mem$/Users/shubhanshu/Desktop/Nebula/digital/bench/rtl_v2/i_rom_32x256.v:47$10289_DATA [19] is used but has no driver.
Warning: Wire i_rom_32x256.$memrd$\mem$/Users/shubhanshu/Desktop/Nebula/digital/bench/rtl_v2/i_rom_32x256.v:47$10289_DATA [18] is used but has no driver.
Warning: Wire i_rom_32x256.$memrd$\mem$/Users/shubhanshu/Desktop/Nebula/digital/bench/rtl_v2/i_rom_32x256.v:47$10289_DATA [17] is used but has no driver.
Warning: Wire i_rom_32x256.$memrd$\mem$/Users/shubhanshu/Desktop/Nebula/digital/bench/rtl_v2/i_rom_32x256.v:47$10289_DATA [16] is used but has no driver.
Warning: Wire i_rom_32x256.$memrd$\mem$/Users/shubhanshu/Desktop/Nebula/digital/bench/rtl_v2/i_rom_32x256.v:47$10289_DATA [15] is used but has no driver.
Warning: Wire i_rom_32x256.$memrd$\mem$/Users/shubhanshu/Desktop/Nebula/digital/bench/rtl_v2/i_rom_32x256.v:47$10289_DATA [14] is used but has no driver.
Warning: Wire i_rom_32x256.$memrd$\mem$/Users/shubhanshu/Desktop/Nebula/digital/bench/rtl_v2/i_rom_32x256.v:47$10289_DATA [13] is used but has no driver.
Warning: Wire i_rom_32x256.$memrd$\mem$/Users/shubhanshu/Desktop/Nebula/digital/bench/rtl_v2/i_rom_32x256.v:47$10289_DATA [12] is used but has no driver.
Warning: Wire i_rom_32x256.$memrd$\mem$/Users/shubhanshu/Desktop/Nebula/digital/bench/rtl_v2/i_rom_32x256.v:47$10289_DATA [11] is used but has no driver.
Warning: Wire i_rom_32x256.$memrd$\mem$/Users/shubhanshu/Desktop/Nebula/digital/bench/rtl_v2/i_rom_32x256.v:47$10289_DATA [10] is used but has no driver.
Warning: Wire i_rom_32x256.$memrd$\mem$/Users/shubhanshu/Desktop/Nebula/digital/bench/rtl_v2/i_rom_32x256.v:47$10289_DATA [9] is used but has no driver.
Warning: Wire i_rom_32x256.$memrd$\mem$/Users/shubhanshu/Desktop/Nebula/digital/bench/rtl_v2/i_rom_32x256.v:47$10289_DATA [8] is used but has no driver.
Warning: Wire i_rom_32x256.$memrd$\mem$/Users/shubhanshu/Desktop/Nebula/digital/bench/rtl_v2/i_rom_32x256.v:47$10289_DATA [7] is used but has no driver.
Warning: Wire i_rom_32x256.$memrd$\mem$/Users/shubhanshu/Desktop/Nebula/digital/bench/rtl_v2/i_rom_32x256.v:47$10289_DATA [6] is used but has no driver.
Warning: Wire i_rom_32x256.$memrd$\mem$/Users/shubhanshu/Desktop/Nebula/digital/bench/rtl_v2/i_rom_32x256.v:47$10289_DATA [5] is used but has no driver.
Warning: Wire i_rom_32x256.$memrd$\mem$/Users/shubhanshu/Desktop/Nebula/digital/bench/rtl_v2/i_rom_32x256.v:47$10289_DATA [4] is used but has no driver.
Warning: Wire i_rom_32x256.$memrd$\mem$/Users/shubhanshu/Desktop/Nebula/digital/bench/rtl_v2/i_rom_32x256.v:47$10289_DATA [2] is used but has no driver.
Warning: Wire i_rom_32x256.$memrd$\mem$/Users/shubhanshu/Desktop/Nebula/digital/bench/rtl_v2/i_rom_32x256.v:48$10288_DATA [31] is used but has no driver.
Warning: Wire i_rom_32x256.$memrd$\mem$/Users/shubhanshu/Desktop/Nebula/digital/bench/rtl_v2/i_rom_32x256.v:48$10288_DATA [30] is used but has no driver.
Warning: Wire i_rom_32x256.$memrd$\mem$/Users/shubhanshu/Desktop/Nebula/digital/bench/rtl_v2/i_rom_32x256.v:48$10288_DATA [29] is used but has no driver.
Warning: Wire i_rom_32x256.$memrd$\mem$/Users/shubhanshu/Desktop/Nebula/digital/bench/rtl_v2/i_rom_32x256.v:48$10288_DATA [28] is used but has no driver.
Warning: Wire i_rom_32x256.$memrd$\mem$/Users/shubhanshu/Desktop/Nebula/digital/bench/rtl_v2/i_rom_32x256.v:48$10288_DATA [27] is used but has no driver.
Warning: Wire i_rom_32x256.$memrd$\mem$/Users/shubhanshu/Desktop/Nebula/digital/bench/rtl_v2/i_rom_32x256.v:48$10288_DATA [26] is used but has no driver.
Warning: Wire i_rom_32x256.$memrd$\mem$/Users/shubhanshu/Desktop/Nebula/digital/bench/rtl_v2/i_rom_32x256.v:48$10288_DATA [25] is used but has no driver.
Warning: Wire i_rom_32x256.$memrd$\mem$/Users/shubhanshu/Desktop/Nebula/digital/bench/rtl_v2/i_rom_32x256.v:48$10288_DATA [24] is used but has no driver.
Warning: Wire i_rom_32x256.$memrd$\mem$/Users/shubhanshu/Desktop/Nebula/digital/bench/rtl_v2/i_rom_32x256.v:48$10288_DATA [23] is used but has no driver.
Warning: Wire i_rom_32x256.$memrd$\mem$/Users/shubhanshu/Desktop/Nebula/digital/bench/rtl_v2/i_rom_32x256.v:48$10288_DATA [22] is used but has no driver.
Warning: Wire i_rom_32x256.$memrd$\mem$/Users/shubhanshu/Desktop/Nebula/digital/bench/rtl_v2/i_rom_32x256.v:48$10288_DATA [21] is used but has no driver.
Warning: Wire i_rom_32x256.$memrd$\mem$/Users/shubhanshu/Desktop/Nebula/digital/bench/rtl_v2/i_rom_32x256.v:48$10288_DATA [20] is used but has no driver.
Warning: Wire i_rom_32x256.$memrd$\mem$/Users/shubhanshu/Desktop/Nebula/digital/bench/rtl_v2/i_rom_32x256.v:48$10288_DATA [19] is used but has no driver.
Warning: Wire i_rom_32x256.$memrd$\mem$/Users/shubhanshu/Desktop/Nebula/digital/bench/rtl_v2/i_rom_32x256.v:48$10288_DATA [18] is used but has no driver.
Warning: Wire i_rom_32x256.$memrd$\mem$/Users/shubhanshu/Desktop/Nebula/digital/bench/rtl_v2/i_rom_32x256.v:48$10288_DATA [17] is used but has no driver.
Warning: Wire i_rom_32x256.$memrd$\mem$/Users/shubhanshu/Desktop/Nebula/digital/bench/rtl_v2/i_rom_32x256.v:48$10288_DATA [16] is used but has no driver.
Warning: Wire i_rom_32x256.$memrd$\mem$/Users/shubhanshu/Desktop/Nebula/digital/bench/rtl_v2/i_rom_32x256.v:48$10288_DATA [15] is used but has no driver.
Warning: Wire i_rom_32x256.$memrd$\mem$/Users/shubhanshu/Desktop/Nebula/digital/bench/rtl_v2/i_rom_32x256.v:48$10288_DATA [14] is used but has no driver.
Warning: Wire i_rom_32x256.$memrd$\mem$/Users/shubhanshu/Desktop/Nebula/digital/bench/rtl_v2/i_rom_32x256.v:48$10288_DATA [13] is used but has no driver.
Warning: Wire i_rom_32x256.$memrd$\mem$/Users/shubhanshu/Desktop/Nebula/digital/bench/rtl_v2/i_rom_32x256.v:48$10288_DATA [12] is used but has no driver.
Warning: Wire i_rom_32x256.$memrd$\mem$/Users/shubhanshu/Desktop/Nebula/digital/bench/rtl_v2/i_rom_32x256.v:48$10288_DATA [11] is used but has no driver.
Warning: Wire i_rom_32x256.$memrd$\mem$/Users/shubhanshu/Desktop/Nebula/digital/bench/rtl_v2/i_rom_32x256.v:48$10288_DATA [10] is used but has no driver.
Warning: Wire i_rom_32x256.$memrd$\mem$/Users/shubhanshu/Desktop/Nebula/digital/bench/rtl_v2/i_rom_32x256.v:48$10288_DATA [9] is used but has no driver.
Warning: Wire i_rom_32x256.$memrd$\mem$/Users/shubhanshu/Desktop/Nebula/digital/bench/rtl_v2/i_rom_32x256.v:48$10288_DATA [8] is used but has no driver.
Warning: Wire i_rom_32x256.$memrd$\mem$/Users/shubhanshu/Desktop/Nebula/digital/bench/rtl_v2/i_rom_32x256.v:48$10288_DATA [7] is used but has no driver.
Warning: Wire i_rom_32x256.$memrd$\mem$/Users/shubhanshu/Desktop/Nebula/digital/bench/rtl_v2/i_rom_32x256.v:48$10288_DATA [6] is used but has no driver.
Warning: Wire i_rom_32x256.$memrd$\mem$/Users/shubhanshu/Desktop/Nebula/digital/bench/rtl_v2/i_rom_32x256.v:48$10288_DATA [5] is used but has no driver.
Warning: Wire i_rom_32x256.$memrd$\mem$/Users/shubhanshu/Desktop/Nebula/digital/bench/rtl_v2/i_rom_32x256.v:48$10288_DATA [4] is used but has no driver.
Warning: Wire i_rom_32x256.$memrd$\mem$/Users/shubhanshu/Desktop/Nebula/digital/bench/rtl_v2/i_rom_32x256.v:48$10288_DATA [2] is used but has no driver.
Warning: Wire i_rom_32x256.$memrd$\mem$/Users/shubhanshu/Desktop/Nebula/digital/bench/rtl_v2/i_rom_32x256.v:48$10287_DATA [31] is used but has no driver.
Warning: Wire i_rom_32x256.$memrd$\mem$/Users/shubhanshu/Desktop/Nebula/digital/bench/rtl_v2/i_rom_32x256.v:48$10287_DATA [30] is used but has no driver.
Warning: Wire i_rom_32x256.$memrd$\mem$/Users/shubhanshu/Desktop/Nebula/digital/bench/rtl_v2/i_rom_32x256.v:48$10287_DATA [29] is used but has no driver.
Warning: Wire i_rom_32x256.$memrd$\mem$/Users/shubhanshu/Desktop/Nebula/digital/bench/rtl_v2/i_rom_32x256.v:48$10287_DATA [28] is used but has no driver.
Warning: Wire i_rom_32x256.$memrd$\mem$/Users/shubhanshu/Desktop/Nebula/digital/bench/rtl_v2/i_rom_32x256.v:48$10287_DATA [27] is used but has no driver.
Warning: Wire i_rom_32x256.$memrd$\mem$/Users/shubhanshu/Desktop/Nebula/digital/bench/rtl_v2/i_rom_32x256.v:48$10287_DATA [26] is used but has no driver.
Warning: Wire i_rom_32x256.$memrd$\mem$/Users/shubhanshu/Desktop/Nebula/digital/bench/rtl_v2/i_rom_32x256.v:48$10287_DATA [25] is used but has no driver.
Warning: Wire i_rom_32x256.$memrd$\mem$/Users/shubhanshu/Desktop/Nebula/digital/bench/rtl_v2/i_rom_32x256.v:48$10287_DATA [24] is used but has no driver.
Warning: Wire i_rom_32x256.$memrd$\mem$/Users/shubhanshu/Desktop/Nebula/digital/bench/rtl_v2/i_rom_32x256.v:48$10287_DATA [23] is used but has no driver.
Warning: Wire i_rom_32x256.$memrd$\mem$/Users/shubhanshu/Desktop/Nebula/digital/bench/rtl_v2/i_rom_32x256.v:48$10287_DATA [22] is used but has no driver.
Warning: Wire i_rom_32x256.$memrd$\mem$/Users/shubhanshu/Desktop/Nebula/digital/bench/rtl_v2/i_rom_32x256.v:48$10287_DATA [21] is used but has no driver.
Warning: Wire i_rom_32x256.$memrd$\mem$/Users/shubhanshu/Desktop/Nebula/digital/bench/rtl_v2/i_rom_32x256.v:48$10287_DATA [20] is used but has no driver.
Warning: Wire i_rom_32x256.$memrd$\mem$/Users/shubhanshu/Desktop/Nebula/digital/bench/rtl_v2/i_rom_32x256.v:48$10287_DATA [19] is used but has no driver.
Warning: Wire i_rom_32x256.$memrd$\mem$/Users/shubhanshu/Desktop/Nebula/digital/bench/rtl_v2/i_rom_32x256.v:48$10287_DATA [18] is used but has no driver.
Warning: Wire i_rom_32x256.$memrd$\mem$/Users/shubhanshu/Desktop/Nebula/digital/bench/rtl_v2/i_rom_32x256.v:48$10287_DATA [17] is used but has no driver.
Warning: Wire i_rom_32x256.$memrd$\mem$/Users/shubhanshu/Desktop/Nebula/digital/bench/rtl_v2/i_rom_32x256.v:48$10287_DATA [16] is used but has no driver.
Warning: Wire i_rom_32x256.$memrd$\mem$/Users/shubhanshu/Desktop/Nebula/digital/bench/rtl_v2/i_rom_32x256.v:48$10287_DATA [15] is used but has no driver.
Warning: Wire i_rom_32x256.$memrd$\mem$/Users/shubhanshu/Desktop/Nebula/digital/bench/rtl_v2/i_rom_32x256.v:48$10287_DATA [14] is used but has no driver.
Warning: Wire i_rom_32x256.$memrd$\mem$/Users/shubhanshu/Desktop/Nebula/digital/bench/rtl_v2/i_rom_32x256.v:48$10287_DATA [13] is used but has no driver.
Warning: Wire i_rom_32x256.$memrd$\mem$/Users/shubhanshu/Desktop/Nebula/digital/bench/rtl_v2/i_rom_32x256.v:48$10287_DATA [12] is used but has no driver.
Warning: Wire i_rom_32x256.$memrd$\mem$/Users/shubhanshu/Desktop/Nebula/digital/bench/rtl_v2/i_rom_32x256.v:48$10287_DATA [11] is used but has no driver.
Warning: Wire i_rom_32x256.$memrd$\mem$/Users/shubhanshu/Desktop/Nebula/digital/bench/rtl_v2/i_rom_32x256.v:48$10287_DATA [10] is used but has no driver.
Warning: Wire i_rom_32x256.$memrd$\mem$/Users/shubhanshu/Desktop/Nebula/digital/bench/rtl_v2/i_rom_32x256.v:48$10287_DATA [9] is used but has no driver.
Warning: Wire i_rom_32x256.$memrd$\mem$/Users/shubhanshu/Desktop/Nebula/digital/bench/rtl_v2/i_rom_32x256.v:48$10287_DATA [8] is used but has no driver.
Warning: Wire i_rom_32x256.$memrd$\mem$/Users/shubhanshu/Desktop/Nebula/digital/bench/rtl_v2/i_rom_32x256.v:48$10287_DATA [7] is used but has no driver.
Warning: Wire i_rom_32x256.$memrd$\mem$/Users/shubhanshu/Desktop/Nebula/digital/bench/rtl_v2/i_rom_32x256.v:48$10287_DATA [6] is used but has no driver.
Warning: Wire i_rom_32x256.$memrd$\mem$/Users/shubhanshu/Desktop/Nebula/digital/bench/rtl_v2/i_rom_32x256.v:48$10287_DATA [5] is used but has no driver.
Warning: Wire i_rom_32x256.$memrd$\mem$/Users/shubhanshu/Desktop/Nebula/digital/bench/rtl_v2/i_rom_32x256.v:48$10287_DATA [4] is used but has no driver.
Warning: Wire i_rom_32x256.$memrd$\mem$/Users/shubhanshu/Desktop/Nebula/digital/bench/rtl_v2/i_rom_32x256.v:48$10287_DATA [2] is used but has no driver.
6.3. Executing FLATTEN pass (flatten design).
6.4. Executing OPT_EXPR pass (perform const folding).
6.5. Executing OPT_CLEAN pass (remove unused cells and wires).
6.6. Executing CHECK pass (checking for obvious problems).
6.7. Executing OPT pass (performing simple optimizations).
6.7.1. Executing OPT_EXPR pass (perform const folding).
6.7.2. Executing OPT_MERGE pass (detect identical cells).
6.7.3. Executing OPT_MUXTREE pass (detect dead branches in mux trees).
6.7.4. Executing OPT_REDUCE pass (consolidate $*mux and $reduce_* inputs).
6.7.5. Executing OPT_MERGE pass (detect identical cells).
6.7.6. Executing OPT_DFF pass (perform DFF optimizations).
6.7.7. Executing OPT_CLEAN pass (remove unused cells and wires).
6.7.8. Executing OPT_EXPR pass (perform const folding).
6.7.9. Rerunning OPT passes. (Maybe there is more to do..)
6.7.10. Executing OPT_MUXTREE pass (detect dead branches in mux trees).
6.7.11. Executing OPT_REDUCE pass (consolidate $*mux and $reduce_* inputs).
6.7.12. Executing OPT_MERGE pass (detect identical cells).
6.7.13. Executing OPT_DFF pass (perform DFF optimizations).
6.7.14. Executing OPT_CLEAN pass (remove unused cells and wires).
6.7.15. Executing OPT_EXPR pass (perform const folding).
6.7.16. Finished fast OPT passes. (There is nothing left to do.)
6.8. Executing OPT pass (performing simple optimizations).
6.8.1. Executing OPT_EXPR pass (perform const folding).
6.8.2. Executing OPT_MERGE pass (detect identical cells).
6.8.3. Executing OPT_MUXTREE pass (detect dead branches in mux trees).
6.8.4. Executing OPT_REDUCE pass (consolidate $*mux and $reduce_* inputs).
6.8.5. Executing OPT_MERGE pass (detect identical cells).
6.8.6. Executing OPT_DFF pass (perform DFF optimizations).
6.8.7. Executing OPT_CLEAN pass (remove unused cells and wires).
6.8.8. Executing OPT_EXPR pass (perform const folding).
6.8.9. Finished fast OPT passes. (There is nothing left to do.)
6.9. Executing WREDUCE pass (reducing word size of cells).
6.10. Executing PEEPOPT pass (run peephole optimizers).
6.11. Executing OPT_CLEAN pass (remove unused cells and wires).
6.12. Executing ALUMACC pass (create $alu and $macc cells).
6.13. Executing SHARE pass (SAT-based resource sharing).
6.14. Executing OPT pass (performing simple optimizations).
6.14.1. Executing OPT_EXPR pass (perform const folding).
6.14.2. Executing OPT_MERGE pass (detect identical cells).
6.14.3. Executing OPT_MUXTREE pass (detect dead branches in mux trees).
6.14.4. Executing OPT_REDUCE pass (consolidate $*mux and $reduce_* inputs).
6.14.5. Executing OPT_MERGE pass (detect identical cells).
6.14.6. Executing OPT_DFF pass (perform DFF optimizations).
6.14.7. Executing OPT_CLEAN pass (remove unused cells and wires).
6.14.8. Executing OPT_EXPR pass (perform const folding).
6.14.9. Finished fast OPT passes. (There is nothing left to do.)
6.15. Executing MEMORY pass.
6.15.1. Executing OPT_MEM pass (optimize memories).
6.15.2. Executing OPT_MEM_PRIORITY pass (removing unnecessary memory write priority relations).
6.15.3. Executing OPT_MEM_FEEDBACK pass (finding memory read-to-write feedback paths).
6.15.4. Executing MEMORY_BMUX2ROM pass (converting muxes to ROMs).
6.15.5. Executing MEMORY_DFF pass (merging $dff cells to $memrd).
6.15.6. Executing OPT_CLEAN pass (remove unused cells and wires).
6.15.7. Executing MEMORY_SHARE pass (consolidating $memrd/$memwr cells).
6.15.8. Executing OPT_MEM_WIDEN pass (optimize memories where all ports are wide).
6.15.9. Executing OPT_CLEAN pass (remove unused cells and wires).
6.15.10. Executing MEMORY_COLLECT pass (generating $mem cells).
6.16. Executing OPT_CLEAN pass (remove unused cells and wires).
7. Executing SYNTH pass.
7.1. Executing OPT pass (performing simple optimizations).
7.1.1. Executing OPT_EXPR pass (perform const folding).
7.1.2. Executing OPT_MERGE pass (detect identical cells).
7.1.3. Executing OPT_DFF pass (perform DFF optimizations).
7.1.4. Executing OPT_CLEAN pass (remove unused cells and wires).
7.1.5. Rerunning OPT passes. (Removed registers in this run.)
7.1.6. Executing OPT_EXPR pass (perform const folding).
7.1.7. Executing OPT_MERGE pass (detect identical cells).
7.1.8. Executing OPT_DFF pass (perform DFF optimizations).
7.1.9. Executing OPT_CLEAN pass (remove unused cells and wires).
7.1.10. Rerunning OPT passes. (Removed registers in this run.)
7.1.11. Executing OPT_EXPR pass (perform const folding).
7.1.12. Executing OPT_MERGE pass (detect identical cells).
7.1.13. Executing OPT_DFF pass (perform DFF optimizations).
7.1.14. Executing OPT_CLEAN pass (remove unused cells and wires).
7.1.15. Finished fast OPT passes.
7.2. Executing MEMORY_MAP pass (converting memories to logic and flip-flops).
7.3. Executing OPT pass (performing simple optimizations).
7.3.1. Executing OPT_EXPR pass (perform const folding).
7.3.2. Executing OPT_MERGE pass (detect identical cells).
7.3.3. Executing OPT_MUXTREE pass (detect dead branches in mux trees).
7.3.4. Executing OPT_REDUCE pass (consolidate $*mux and $reduce_* inputs).
7.3.5. Executing OPT_MERGE pass (detect identical cells).
7.3.6. Executing OPT_SHARE pass.
7.3.7. Executing OPT_DFF pass (perform DFF optimizations).
7.3.8. Executing OPT_CLEAN pass (remove unused cells and wires).
7.3.9. Executing OPT_EXPR pass (perform const folding).
7.3.10. Rerunning OPT passes. (Maybe there is more to do..)
7.3.11. Executing OPT_MUXTREE pass (detect dead branches in mux trees).
7.3.12. Executing OPT_REDUCE pass (consolidate $*mux and $reduce_* inputs).
7.3.13. Executing OPT_MERGE pass (detect identical cells).
7.3.14. Executing OPT_SHARE pass.
7.3.15. Executing OPT_DFF pass (perform DFF optimizations).
7.3.16. Executing OPT_CLEAN pass (remove unused cells and wires).
7.3.17. Executing OPT_EXPR pass (perform const folding).
7.3.18. Rerunning OPT passes. (Maybe there is more to do..)
7.3.19. Executing OPT_MUXTREE pass (detect dead branches in mux trees).
7.3.20. Executing OPT_REDUCE pass (consolidate $*mux and $reduce_* inputs).
7.3.21. Executing OPT_MERGE pass (detect identical cells).
7.3.22. Executing OPT_SHARE pass.
7.3.23. Executing OPT_DFF pass (perform DFF optimizations).
7.3.24. Executing OPT_CLEAN pass (remove unused cells and wires).
7.3.25. Executing OPT_EXPR pass (perform const folding).
7.3.26. Rerunning OPT passes. (Maybe there is more to do..)
7.3.27. Executing OPT_MUXTREE pass (detect dead branches in mux trees).
7.3.28. Executing OPT_REDUCE pass (consolidate $*mux and $reduce_* inputs).
7.3.29. Executing OPT_MERGE pass (detect identical cells).
7.3.30. Executing OPT_SHARE pass.
7.3.31. Executing OPT_DFF pass (perform DFF optimizations).
7.3.32. Executing OPT_CLEAN pass (remove unused cells and wires).
7.3.33. Executing OPT_EXPR pass (perform const folding).
7.3.34. Rerunning OPT passes. (Maybe there is more to do..)
7.3.35. Executing OPT_MUXTREE pass (detect dead branches in mux trees).
7.3.36. Executing OPT_REDUCE pass (consolidate $*mux and $reduce_* inputs).
7.3.37. Executing OPT_MERGE pass (detect identical cells).
7.3.38. Executing OPT_SHARE pass.
7.3.39. Executing OPT_DFF pass (perform DFF optimizations).
7.3.40. Executing OPT_CLEAN pass (remove unused cells and wires).
7.3.41. Executing OPT_EXPR pass (perform const folding).
7.3.42. Rerunning OPT passes. (Maybe there is more to do..)
7.3.43. Executing OPT_MUXTREE pass (detect dead branches in mux trees).
7.3.44. Executing OPT_REDUCE pass (consolidate $*mux and $reduce_* inputs).
7.3.45. Executing OPT_MERGE pass (detect identical cells).
7.3.46. Executing OPT_SHARE pass.
7.3.47. Executing OPT_DFF pass (perform DFF optimizations).
7.3.48. Executing OPT_CLEAN pass (remove unused cells and wires).
7.3.49. Executing OPT_EXPR pass (perform const folding).
7.3.50. Rerunning OPT passes. (Maybe there is more to do..)
7.3.51. Executing OPT_MUXTREE pass (detect dead branches in mux trees).
7.3.52. Executing OPT_REDUCE pass (consolidate $*mux and $reduce_* inputs).
7.3.53. Executing OPT_MERGE pass (detect identical cells).
7.3.54. Executing OPT_SHARE pass.
7.3.55. Executing OPT_DFF pass (perform DFF optimizations).
7.3.56. Executing OPT_CLEAN pass (remove unused cells and wires).
7.3.57. Executing OPT_EXPR pass (perform const folding).
7.3.58. Rerunning OPT passes. (Maybe there is more to do..)
7.3.59. Executing OPT_MUXTREE pass (detect dead branches in mux trees).
7.3.60. Executing OPT_REDUCE pass (consolidate $*mux and $reduce_* inputs).
7.3.61. Executing OPT_MERGE pass (detect identical cells).
7.3.62. Executing OPT_SHARE pass.
7.3.63. Executing OPT_DFF pass (perform DFF optimizations).
7.3.64. Executing OPT_CLEAN pass (remove unused cells and wires).
7.3.65. Executing OPT_EXPR pass (perform const folding).
7.3.66. Rerunning OPT passes. (Maybe there is more to do..)
7.3.67. Executing OPT_MUXTREE pass (detect dead branches in mux trees).
7.3.68. Executing OPT_REDUCE pass (consolidate $*mux and $reduce_* inputs).
7.3.69. Executing OPT_MERGE pass (detect identical cells).
7.3.70. Executing OPT_SHARE pass.
7.3.71. Executing OPT_DFF pass (perform DFF optimizations).
7.3.72. Executing OPT_CLEAN pass (remove unused cells and wires).
7.3.73. Executing OPT_EXPR pass (perform const folding).
7.3.74. Finished fast OPT passes. (There is nothing left to do.)
7.4. Executing TECHMAP pass (map to technology primitives).
7.4.1. Executing Verilog-2005 frontend: /Users/shubhanshu/Desktop/Nebula/digital/orfs/tools/install/yosys/bin/../share/yosys/techmap.v
7.4.2. Executing Verilog-2005 frontend: /Users/shubhanshu/Desktop/Nebula/digital/orfs/flow/platforms/common/lcu_kogge_stone.v
7.4.3. Continuing TECHMAP pass.
7.4.114. Executing OPT_MUXTREE pass (detect dead branches in mux trees).
7.4.115. Executing OPT_EXPR pass (perform const folding).
7.5. Executing OPT pass (performing simple optimizations).
7.5.1. Executing OPT_EXPR pass (perform const folding).
7.5.2. Executing OPT_MERGE pass (detect identical cells).
7.5.3. Executing OPT_DFF pass (perform DFF optimizations).
7.5.4. Executing OPT_CLEAN pass (remove unused cells and wires).
7.5.5. Finished fast OPT passes.
7.6. Executing HIERARCHY pass (managing design hierarchy).
7.6.1. Analyzing design hierarchy..
7.6.2. Analyzing design hierarchy..
7.7. Printing statistics.
7.8. Executing CHECK pass (checking for obvious problems).
8. Executing OPT pass (performing simple optimizations).
8.1. Executing OPT_EXPR pass (perform const folding).
8.2. Executing OPT_MERGE pass (detect identical cells).
8.3. Executing OPT_MUXTREE pass (detect dead branches in mux trees).
8.4. Executing OPT_REDUCE pass (consolidate $*mux and $reduce_* inputs).
8.5. Executing OPT_MERGE pass (detect identical cells).
8.6. Executing OPT_DFF pass (perform DFF optimizations).
8.7. Executing OPT_CLEAN pass (remove unused cells and wires).
8.8. Executing OPT_EXPR pass (perform const folding).
8.9. Rerunning OPT passes. (Maybe there is more to do..)
8.10. Executing OPT_MUXTREE pass (detect dead branches in mux trees).
8.11. Executing OPT_REDUCE pass (consolidate $*mux and $reduce_* inputs).
8.12. Executing OPT_MERGE pass (detect identical cells).
8.13. Executing OPT_DFF pass (perform DFF optimizations).
8.14. Executing OPT_CLEAN pass (remove unused cells and wires).
8.15. Executing OPT_EXPR pass (perform const folding).
8.16. Finished fast OPT passes. (There is nothing left to do.)
9. Executing EXTRACT_FA pass (find and extract full/half adders).
10. Executing TECHMAP pass (map to technology primitives).
10.1. Executing Verilog-2005 frontend: /Users/shubhanshu/Desktop/Nebula/digital/orfs/flow/platforms/sky130hd/cells_adders_hd.v
10.2. Continuing TECHMAP pass.
11. Executing TECHMAP pass (map to technology primitives).
11.1. Executing Verilog-2005 frontend: /Users/shubhanshu/Desktop/Nebula/digital/orfs/tools/install/yosys/bin/../share/yosys/techmap.v
11.2. Continuing TECHMAP pass.
12. Executing OPT pass (performing simple optimizations).
12.1. Executing OPT_EXPR pass (perform const folding).
12.2. Executing OPT_MERGE pass (detect identical cells).
12.3. Executing OPT_DFF pass (perform DFF optimizations).
12.4. Executing OPT_CLEAN pass (remove unused cells and wires).
12.5. Finished fast OPT passes.
13. Executing DFFLEGALIZE pass (convert FFs to types supported by the target).
14. Executing TECHMAP pass (map to technology primitives).
14.1. Executing Verilog-2005 frontend: /Users/shubhanshu/Desktop/Nebula/digital/orfs/flow/platforms/sky130hd/cells_latch_hd.v
14.2. Continuing TECHMAP pass.
15. Executing DFFLIBMAP pass (mapping DFF cells to sequential cells from liberty file).
15.1. Executing DFFLEGALIZE pass (convert FFs to types supported by the target).
16. Executing OPT pass (performing simple optimizations).
16.1. Executing OPT_EXPR pass (perform const folding).
16.2. Executing OPT_MERGE pass (detect identical cells).
16.3. Executing OPT_MUXTREE pass (detect dead branches in mux trees).
16.4. Executing OPT_REDUCE pass (consolidate $*mux and $reduce_* inputs).
16.5. Executing OPT_MERGE pass (detect identical cells).
16.6. Executing OPT_DFF pass (perform DFF optimizations).
16.7. Executing OPT_CLEAN pass (remove unused cells and wires).
16.8. Executing OPT_EXPR pass (perform const folding).
16.9. Finished fast OPT passes. (There is nothing left to do.)
17. Executing SETUNDEF pass (replace undef values with defined constants).
abc -script /Users/shubhanshu/Desktop/Nebula/digital/orfs/flow/scripts/abc_speed.script -liberty /Users/shubhanshu/Desktop/Nebula/digital/orfs/flow/platforms/sky130hd/lib/sky130_fd_sc_hd__tt_025C_1v80.lib -dont_use sky130_fd_sc_hd__probe_p_8 -dont_use sky130_fd_sc_hd__probec_p_8 -dont_use sky130_fd_sc_hd__lpflow_bleeder_1 -dont_use sky130_fd_sc_hd__lpflow_clkbufkapwr_1 -dont_use sky130_fd_sc_hd__lpflow_clkbufkapwr_16 -dont_use sky130_fd_sc_hd__lpflow_clkbufkapwr_2 -dont_use sky130_fd_sc_hd__lpflow_clkbufkapwr_4 -dont_use sky130_fd_sc_hd__lpflow_clkbufkapwr_8 -dont_use sky130_fd_sc_hd__lpflow_clkinvkapwr_1 -dont_use sky130_fd_sc_hd__lpflow_clkinvkapwr_16 -dont_use sky130_fd_sc_hd__lpflow_clkinvkapwr_2 -dont_use sky130_fd_sc_hd__lpflow_clkinvkapwr_4 -dont_use sky130_fd_sc_hd__lpflow_clkinvkapwr_8 -dont_use sky130_fd_sc_hd__lpflow_decapkapwr_12 -dont_use sky130_fd_sc_hd__lpflow_decapkapwr_3 -dont_use sky130_fd_sc_hd__lpflow_decapkapwr_4 -dont_use sky130_fd_sc_hd__lpflow_decapkapwr_6 -dont_use sky130_fd_sc_hd__lpflow_decapkapwr_8 -dont_use sky130_fd_sc_hd__lpflow_inputiso0n_1 -dont_use sky130_fd_sc_hd__lpflow_inputiso0p_1 -dont_use sky130_fd_sc_hd__lpflow_inputiso1n_1 -dont_use sky130_fd_sc_hd__lpflow_inputiso1p_1 -dont_use sky130_fd_sc_hd__lpflow_inputisolatch_1 -dont_use sky130_fd_sc_hd__lpflow_isobufsrc_1 -dont_use sky130_fd_sc_hd__lpflow_isobufsrc_16 -dont_use sky130_fd_sc_hd__lpflow_isobufsrc_2 -dont_use sky130_fd_sc_hd__lpflow_isobufsrc_4 -dont_use sky130_fd_sc_hd__lpflow_isobufsrc_8 -dont_use sky130_fd_sc_hd__lpflow_isobufsrckapwr_16 -dont_use sky130_fd_sc_hd__lpflow_lsbuf_lh_hl_isowell_tap_1 -dont_use sky130_fd_sc_hd__lpflow_lsbuf_lh_hl_isowell_tap_2 -dont_use sky130_fd_sc_hd__lpflow_lsbuf_lh_hl_isowell_tap_4 -dont_use sky130_fd_sc_hd__lpflow_lsbuf_lh_isowell_4 -dont_use sky130_fd_sc_hd__lpflow_lsbuf_lh_isowell_tap_1 -dont_use sky130_fd_sc_hd__lpflow_lsbuf_lh_isowell_tap_2 -dont_use sky130_fd_sc_hd__lpflow_lsbuf_lh_isowell_tap_4 -constr /Users/shubhanshu/Desktop/Nebula/digital/artifacts/v2_synth/objects/sky130hd/nebula_bench_v2/base/abc.constr
18. Executing ABC pass (technology mapping using ABC).
18.1. Extracting gate netlist of module `$paramod$72f83d20332db853f52d52010cdb396e42162176\asynchronous_fifo_gen' to `<abc-temp-dir>/input.blif'..
18.1.1. Executed ABC.
18.1.2. Re-integrating ABC results.
18.2. Extracting gate netlist of module `$paramod$e9b0330b32c707496d2ac0891b99a36ab486e931\asynchronous_fifo_gen' to `<abc-temp-dir>/input.blif'..
18.2.1. Executed ABC.
18.2.2. Re-integrating ABC results.
18.3. Extracting gate netlist of module `\alu' to `<abc-temp-dir>/input.blif'..
18.3.1. Executed ABC.
18.3.2. Re-integrating ABC results.
18.4. Extracting gate netlist of module `\alu_src_a_mux' to `<abc-temp-dir>/input.blif'..
18.4.1. Executed ABC.
18.4.2. Re-integrating ABC results.
18.5. Extracting gate netlist of module `\alu_src_b_mux' to `<abc-temp-dir>/input.blif'..
18.5.1. Executed ABC.
18.5.2. Re-integrating ABC results.
18.6. Extracting gate netlist of module `\arbiter' to `<abc-temp-dir>/input.blif'..
18.6.1. Executed ABC.
18.6.2. Re-integrating ABC results.
18.7. Extracting gate netlist of module `\axi_interconnect_2m_8s' to `<abc-temp-dir>/input.blif'..
18.7.1. Executed ABC.
18.7.2. Re-integrating ABC results.
18.8. Extracting gate netlist of module `\axi_lite_dma_config' to `<abc-temp-dir>/input.blif'..
18.8.1. Executed ABC.
18.8.2. Re-integrating ABC results.
18.9. Extracting gate netlist of module `\axi_lite_dot' to `<abc-temp-dir>/input.blif'..
18.9.1. Executed ABC.
18.9.2. Re-integrating ABC results.
18.10. Extracting gate netlist of module `\axi_lite_gpio' to `<abc-temp-dir>/input.blif'..
18.10.1. Executed ABC.
18.10.2. Re-integrating ABC results.
18.11. Extracting gate netlist of module `\axi_lite_master' to `<abc-temp-dir>/input.blif'..
18.11.1. Executed ABC.
18.11.2. Re-integrating ABC results.
18.12. Extracting gate netlist of module `\axi_lite_timer' to `<abc-temp-dir>/input.blif'..
18.12.1. Executed ABC.
18.12.2. Re-integrating ABC results.
18.13. Extracting gate netlist of module `\axi_lite_uart' to `<abc-temp-dir>/input.blif'..
18.13.1. Executed ABC.
18.13.2. Re-integrating ABC results.
18.14. Extracting gate netlist of module `\bin_to_bcd_32' to `<abc-temp-dir>/input.blif'..
18.14.1. Executed ABC.
18.14.2. Re-integrating ABC results.
18.15. Extracting gate netlist of module `\branch_comp_decoder' to `<abc-temp-dir>/input.blif'..
18.15.1. Executed ABC.
18.15.2. Re-integrating ABC results.
18.16. Extracting gate netlist of module `\branch_comprator' to `<abc-temp-dir>/input.blif'..
18.16.1. Executed ABC.
18.16.2. Re-integrating ABC results.
18.17. Extracting gate netlist of module `\branch_predictor' to `<abc-temp-dir>/input.blif'..
18.17.1. Executed ABC.
18.17.2. Re-integrating ABC results.
18.18. Extracting gate netlist of module `\clk_div_mux' to `<abc-temp-dir>/input.blif'..
18.18.1. Executed ABC.
18.18.2. Re-integrating ABC results.
18.19. Extracting gate netlist of module `\clk_gate' to `<abc-temp-dir>/input.blif'..
18.19.1. Executed ABC.
18.19.2. Re-integrating ABC results.
18.20. Extracting gate netlist of module `\control_unit' to `<abc-temp-dir>/input.blif'..
18.20.1. Executed ABC.
18.20.2. Re-integrating ABC results.
18.21. Extracting gate netlist of module `\csr_regfile' to `<abc-temp-dir>/input.blif'..
18.21.1. Executed ABC.
18.21.2. Re-integrating ABC results.
18.22. Extracting gate netlist of module `\data_clipper' to `<abc-temp-dir>/input.blif'..
18.22.1. Executed ABC.
18.22.2. Re-integrating ABC results.
18.23. Extracting gate netlist of module `\data_extender' to `<abc-temp-dir>/input.blif'..
18.23.1. Executed ABC.
18.23.2. Re-integrating ABC results.
18.24. Extracting gate netlist of module `\data_forwarding_unit' to `<abc-temp-dir>/input.blif'..
18.24.1. Executed ABC.
18.24.2. Re-integrating ABC results.
18.25. Extracting gate netlist of module `\div_restoring_32' to `<abc-temp-dir>/input.blif'..
18.25.1. Executed ABC.
18.25.2. Re-integrating ABC results.
18.26. Extracting gate netlist of module `\dma_controller' to `<abc-temp-dir>/input.blif'..
18.26.1. Executed ABC.
18.26.2. Re-integrating ABC results.
18.27. Extracting gate netlist of module `\dmem' to `<abc-temp-dir>/input.blif'..
18.27.1. Executed ABC.
18.27.2. Re-integrating ABC results.
18.28. Extracting gate netlist of module `\execution_stage' to `<abc-temp-dir>/input.blif'..
18.28.1. Executed ABC.
18.28.2. Re-integrating ABC results.
18.29. Extracting gate netlist of module `\fp4_dot_unit' to `<abc-temp-dir>/input.blif'..
18.29.1. Executed ABC.
18.30. Extracting gate netlist of module `\fp4_mul' to `<abc-temp-dir>/input.blif'..
18.30.1. Executed ABC.
18.30.2. Re-integrating ABC results.
18.31. Extracting gate netlist of module `\fp8_adder' to `<abc-temp-dir>/input.blif'..
18.31.1. Executed ABC.
18.31.2. Re-integrating ABC results.
18.32. Extracting gate netlist of module `\gpio_controller' to `<abc-temp-dir>/input.blif'..
18.32.1. Executed ABC.
18.32.2. Re-integrating ABC results.
18.33. Extracting gate netlist of module `\hazard_detection_unit' to `<abc-temp-dir>/input.blif'..
18.33.1. Executed ABC.
18.33.2. Re-integrating ABC results.
18.34. Extracting gate netlist of module `\i_rom_32x256' to `<abc-temp-dir>/input.blif'..
18.34.1. Executed ABC.
18.34.2. Re-integrating ABC results.
18.35. Extracting gate netlist of module `\id_memory_256x64_wrap' to `<abc-temp-dir>/input.blif'..
18.35.1. Executed ABC.
18.35.2. Re-integrating ABC results.
18.36. Extracting gate netlist of module `\immediate_generator' to `<abc-temp-dir>/input.blif'..
18.36.1. Executed ABC.
18.36.2. Re-integrating ABC results.
18.37. Extracting gate netlist of module `\instruction_decode_stage' to `<abc-temp-dir>/input.blif'..
18.37.1. Executed ABC.
18.37.2. Re-integrating ABC results.
18.38. Extracting gate netlist of module `\instruction_fetch_stage' to `<abc-temp-dir>/input.blif'..
18.38.1. Executed ABC.
18.38.2. Re-integrating ABC results.
18.39. Extracting gate netlist of module `\interrupt_control_unit' to `<abc-temp-dir>/input.blif'..
18.39.1. Executed ABC.
18.39.2. Re-integrating ABC results.
18.40. Extracting gate netlist of module `\isqrt_restoring_32' to `<abc-temp-dir>/input.blif'..
18.40.1. Executed ABC.
18.40.2. Re-integrating ABC results.
18.41. Extracting gate netlist of module `\l1_cache_axi_master' to `<abc-temp-dir>/input.blif'..
18.41.1. Executed ABC.
18.41.2. Re-integrating ABC results.
18.42. Extracting gate netlist of module `\l1_d_cache_8kb' to `<abc-temp-dir>/input.blif'..
18.42.1. Executed ABC.
18.42.2. Re-integrating ABC results.
18.43. Extracting gate netlist of module `\l1_i_cache_8kb' to `<abc-temp-dir>/input.blif'..
18.43.1. Executed ABC.
18.43.2. Re-integrating ABC results.
18.44. Extracting gate netlist of module `\mem_axi_slave' to `<abc-temp-dir>/input.blif'..
18.44.1. Executed ABC.
18.44.2. Re-integrating ABC results.
18.45. Extracting gate netlist of module `\memory_stage' to `<abc-temp-dir>/input.blif'..
18.45.1. Executed ABC.
18.46. Extracting gate netlist of module `\mult_array_32' to `<abc-temp-dir>/input.blif'..
18.46.1. Executed ABC.
18.46.2. Re-integrating ABC results.
18.47. Extracting gate netlist of module `\multiplier_pipelined' to `<abc-temp-dir>/input.blif'..
18.47.1. Executed ABC.
18.47.2. Re-integrating ABC results.
18.48. Extracting gate netlist of module `\pipeline_reg_ex_mem' to `<abc-temp-dir>/input.blif'..
18.48.1. Executed ABC.
18.48.2. Re-integrating ABC results.
18.49. Extracting gate netlist of module `\pipeline_reg_id_ex' to `<abc-temp-dir>/input.blif'..
18.49.1. Executed ABC.
18.49.2. Re-integrating ABC results.
18.50. Extracting gate netlist of module `\pipeline_reg_if_id' to `<abc-temp-dir>/input.blif'..
18.50.1. Executed ABC.
18.50.2. Re-integrating ABC results.
18.51. Extracting gate netlist of module `\pipeline_reg_mem_wb' to `<abc-temp-dir>/input.blif'..
18.51.1. Executed ABC.
18.51.2. Re-integrating ABC results.
18.52. Extracting gate netlist of module `\processor_top' to `<abc-temp-dir>/input.blif'..
18.52.1. Executed ABC.
18.52.2. Re-integrating ABC results.
18.53. Extracting gate netlist of module `\read_buffer_d_cache' to `<abc-temp-dir>/input.blif'..
18.53.1. Executed ABC.
18.53.2. Re-integrating ABC results.
18.54. Extracting gate netlist of module `\read_buffer_i_cache' to `<abc-temp-dir>/input.blif'..
18.54.1. Executed ABC.
18.54.2. Re-integrating ABC results.
18.55. Extracting gate netlist of module `\register_file' to `<abc-temp-dir>/input.blif'..
18.55.1. Executed ABC.
18.55.2. Re-integrating ABC results.
18.56. Extracting gate netlist of module `\soc_top' to `<abc-temp-dir>/input.blif'..
18.56.1. Executed ABC.
18.56.2. Re-integrating ABC results.
18.57. Extracting gate netlist of module `\tag_memory_92x64_wrap' to `<abc-temp-dir>/input.blif'..
18.57.1. Executed ABC.
18.57.2. Re-integrating ABC results.
18.58. Extracting gate netlist of module `\timer' to `<abc-temp-dir>/input.blif'..
18.58.1. Executed ABC.
18.58.2. Re-integrating ABC results.
18.59. Extracting gate netlist of module `\uart_controller' to `<abc-temp-dir>/input.blif'..
18.59.1. Executed ABC.
18.59.2. Re-integrating ABC results.
18.60. Extracting gate netlist of module `\write_back_stage' to `<abc-temp-dir>/input.blif'..
18.60.1. Executed ABC.
18.60.2. Re-integrating ABC results.
Took 93 seconds: abc -script /Users/shubhanshu/Desktop/Nebula/digital/orfs/flow/scripts/abc_speed.script -liberty /Users/shubhanshu/Desktop/Nebula/digital/orfs/flow/platforms/sky130hd/lib/sky130_fd_sc_hd__tt_025C_1v80.lib -dont_use sky130_fd_sc_hd__probe_p_8 -dont_use sky130_fd_sc_hd__probec_p_8 -dont_use sky130_fd_sc_hd__lpflow_bleeder_1 -dont_use sky130_fd_sc_hd__lpflow_clkbufkapwr_1 -dont_use sky130_fd_sc_hd__lpflow_clkbufkapwr_16 -dont_use sky130_fd_sc_hd__lpflow_clkbufkapwr_2 -dont_use sky130_fd_sc_hd__lpflow_clkbufkapwr_4 -dont_use sky130_fd_sc_hd__lpflow_clkbufkapwr_8 -dont_use sky130_fd_sc_hd__lpflow_clkinvkapwr_1 -dont_use sky130_fd_sc_hd__lpflow_clkinvkapwr_16 -dont_use sky130_fd_sc_hd__lpflow_clkinvkapwr_2 -dont_use sky130_fd_sc_hd__lpflow_clkinvkapwr_4 -dont_use sky130_fd_sc_hd__lpflow_clkinvkapwr_8 -dont_use sky130_fd_sc_hd__lpflow_decapkapwr_12 -dont_use sky130_fd_sc_hd__lpflow_decapkapwr_3 -dont_use sky130_fd_sc_hd__lpflow_decapkapwr_4 -dont_use sky130_fd_sc_hd__lpflow_decapkapwr_6 -dont_use sky130_fd_sc_hd__lpflow_decapkapwr_8 -dont_use sky130_fd_sc_hd__lpflow_inputiso0n_1 -dont_use sky130_fd_sc_hd__lpflow_inputiso0p_1 -dont_use sky130_fd_sc_hd__lpflow_inputiso1n_1 -dont_use sky130_fd_sc_hd__lpflow_inputiso1p_1 -dont_use sky130_fd_sc_hd__lpflow_inputisolatch_1 -dont_use sky130_fd_sc_hd__lpflow_isobufsrc_1 -dont_use sky130_fd_sc_hd__lpflow_isobufsrc_16 -dont_use sky130_fd_sc_hd__lpflow_isobufsrc_2 -dont_use sky130_fd_sc_hd__lpflow_isobufsrc_4 -dont_use sky130_fd_sc_hd__lpflow_isobufsrc_8 -dont_use sky130_fd_sc_hd__lpflow_isobufsrckapwr_16 -dont_use sky130_fd_sc_hd__lpflow_lsbuf_lh_hl_isowell_tap_1 -dont_use sky130_fd_sc_hd__lpflow_lsbuf_lh_hl_isowell_tap_2 -dont_use sky130_fd_sc_hd__lpflow_lsbuf_lh_hl_isowell_tap_4 -dont_use sky130_fd_sc_hd__lpflow_lsbuf_lh_isowell_4 -dont_use sky130_fd_sc_hd__lpflow_lsbuf_lh_isowell_tap_1 -dont_use sky130_fd_sc_hd__lpflow_lsbuf_lh_isowell_tap_2 -dont_use sky130_fd_sc_hd__lpflow_lsbuf_lh_isowell_tap_4 -constr /Users/shubhanshu/Desktop/Nebula/digital/artifacts/v2_synth/objects/sky130hd/nebula_bench_v2/base/abc.constr
19. Executing SPLITNETS pass (splitting up multi-bit signals).
20. Executing OPT_CLEAN pass (remove unused cells and wires).
21. Executing HILOMAP pass (mapping to constant drivers).
22. Executing INSBUF pass (insert buffer cells for connected wires).
23. Executing CHECK pass (checking for obvious problems).
24. Printing statistics.
25. Executing CHECK pass (checking for obvious problems).
26. Executing Verilog backend.
26.1. Executing BMUXMAP pass.
26.2. Executing DEMUXMAP pass.
Warnings: 238 unique messages, 470 total
End of script. Logfile hash: 7fd3c8dcb6, time: 144.94s, user: 52.81s, system: 0.74s, MEM: 627.95 MB peak
Yosys 0.67+ (git sha1 b88b73a99, Release, AppleClang /usr/bin/c++ 21.0.0.21000101) [github.com/The-OpenROAD-Project/yosys at HEAD]
Time spent: 63% 1x abc (92 sec), 23% 1x extract_fa (34 sec), ...
Elapsed time: 2:25.01[h:]min:sec. CPU time: user 140.20 sys 5.39 (100%). Peak memory: 643024KB.
Log                       Ext     Elapsed/s Peak Memory/MB sha1sum result [0:20)
1_2_yosys                 .v            145            627 2e013dbf76e858724ddf
cp /Users/shubhanshu/Desktop/Nebula/digital/orfs/flow/designs/sky130hd/nebula_bench_v2/constraint.sdc /Users/shubhanshu/Desktop/Nebula/digital/artifacts/v2_synth/results/sky130hd/nebula_bench_v2/base/1_2_yosys.sdc
OpenROAD 7cfb2105c93c35ce73de9cf4f538de1c9bf8115a 
Features included (+) or not (-): +GPU -GUI +Python
This program is licensed under the BSD-3 license. See the LICENSE file for details.
Components of this program may be licensed under more restrictive licenses which must be honored.
[INFO ORD-0030] Using 12 thread(s).
mkdir -p /Users/shubhanshu/Desktop/Nebula/digital/artifacts/v2_synth/objects/sky130hd/nebula_bench_v2/base
/Users/shubhanshu/Desktop/Nebula/digital/orfs/flow/scripts/flow.sh 1_synth synth_odb
Running synth_odb.tcl, stage 1_synth
read_liberty /Users/shubhanshu/Desktop/Nebula/digital/orfs/flow/platforms/sky130hd/lib/sky130_fd_sc_hd__tt_025C_1v80.lib
[INFO ODB-0227] LEF file: /Users/shubhanshu/Desktop/Nebula/digital/orfs/flow/platforms/sky130hd/lef/sky130_fd_sc_hd.tlef, created 13 layers, 25 vias
[INFO ODB-0227] LEF file: /Users/shubhanshu/Desktop/Nebula/digital/orfs/flow/platforms/sky130hd/lef/sky130_fd_sc_hd_merged.lef, created 441 library cells
link_design soc_top
read_sdc /Users/shubhanshu/Desktop/Nebula/digital/artifacts/v2_synth/results/sky130hd/nebula_bench_v2/base/1_2_yosys.sdc
source /Users/shubhanshu/Desktop/Nebula/digital/orfs/flow/platforms/sky130hd/setRC.tcl
eliminate_dead_logic
Removed 2182 unused instances and 2779 unused nets.
Design area 1615857 um^2 100% utilization.
write_db /Users/shubhanshu/Desktop/Nebula/digital/artifacts/v2_synth/results/sky130hd/nebula_bench_v2/base/1_synth.odb
write_sdc -no_timestamp /Users/shubhanshu/Desktop/Nebula/digital/artifacts/v2_synth/results/sky130hd/nebula_bench_v2/base/1_synth.sdc
Elapsed time: 0:02.54[h:]min:sec. CPU time: user 2.31 sys 0.17 (97%). Peak memory: 463504KB.
Log                       Ext     Elapsed/s Peak Memory/MB sha1sum result [0:20)
1_synth                   .odb            2            452 9de7f5cadb958313a9f5
1_synth                   .sdc                             8347297830167474f4cc
=== [3/3] slicer ===
OPENROAD: /Users/shubhanshu/Desktop/Nebula/digital/orfs/tools/OpenROAD
P000 clk1         slack  -147.045  849 stages  target alu                       96.5% x1  covers 15p/200ep  lever rtl
P001 clk_s2       slack   -33.728  267 stages  target gpio_controller          100.0% x1  covers 16p/167ep  lever rtl
P002 clk_s5       slack   -26.338  182 stages  target fp8_adder                 86.5% x3  covers 4p/128ep CDC  lever rtl
P003 clk_s8       slack     3.284   26 stages  target axi_interconnect_2m_8s    31.4% x1  covers 9p/306ep  lever none
P004 clk_s3       slack     6.324   20 stages  target soc_top                   43.1% x1  covers 3p/34ep  lever none
P005 clk_s3       slack     6.762   13 stages  target dma_controller           100.0% x1  covers 6p/60ep  lever none
P006 clk_s4       slack     7.228  181 stages  target uart_controller          100.0% x1  covers 20p/200ep  lever none
P007 clk_s5       slack     8.001   12 stages  target axi_lite_dot              15.8% x1  covers 3p/72ep CDC  lever none
P008 clk_s5_gate  slack    11.370    5 stages  target clk_div_mux              100.0% x1  covers 8p/12ep  lever none
P009 clk_s2       slack    15.201   15 stages  target axi_lite_gpio              8.5% x1  covers 2p/33ep CDC  lever none
P010 clk_s1       slack    18.510   21 stages  target timer                    100.0% x1  covers 15p/167ep  lever none
P011 clk_s1       slack    20.205   15 stages  target axi_lite_timer             8.5% x1  covers 2p/33ep CDC  lever none

wrote artifacts/paths/v2_targets.json
=== v2 bring-up done ===
